Component: Arm Compiler for Embedded 6.19 Tool: armlink [5e73cb00]

==============================================================================

Section Cross References

    startup_stm32g431xx.o(STACK) refers (Special) to heapauxi.o(.text) for __use_two_region_memory
    startup_stm32g431xx.o(HEAP) refers (Special) to heapauxi.o(.text) for __use_two_region_memory
    startup_stm32g431xx.o(RESET) refers (Special) to heapauxi.o(.text) for __use_two_region_memory
    startup_stm32g431xx.o(RESET) refers to startup_stm32g431xx.o(STACK) for __initial_sp
    startup_stm32g431xx.o(RESET) refers to startup_stm32g431xx.o(.text) for Reset_Handler
    startup_stm32g431xx.o(RESET) refers to stm32g4xx_it.o(.text.NMI_Handler) for NMI_Handler
    startup_stm32g431xx.o(RESET) refers to stm32g4xx_it.o(.text.HardFault_Handler) for HardFault_Handler
    startup_stm32g431xx.o(RESET) refers to stm32g4xx_it.o(.text.MemManage_Handler) for MemManage_Handler
    startup_stm32g431xx.o(RESET) refers to stm32g4xx_it.o(.text.BusFault_Handler) for BusFault_Handler
    startup_stm32g431xx.o(RESET) refers to stm32g4xx_it.o(.text.UsageFault_Handler) for UsageFault_Handler
    startup_stm32g431xx.o(RESET) refers to stm32g4xx_it.o(.text.SVC_Handler) for SVC_Handler
    startup_stm32g431xx.o(RESET) refers to stm32g4xx_it.o(.text.DebugMon_Handler) for DebugMon_Handler
    startup_stm32g431xx.o(RESET) refers to stm32g4xx_it.o(.text.PendSV_Handler) for PendSV_Handler
    startup_stm32g431xx.o(RESET) refers to stm32g4xx_it.o(.text.SysTick_Handler) for SysTick_Handler
    startup_stm32g431xx.o(RESET) refers to stm32g4xx_it.o(.text.DMA1_Channel1_IRQHandler) for DMA1_Channel1_IRQHandler
    startup_stm32g431xx.o(RESET) refers to stm32g4xx_it.o(.text.TIM1_UP_TIM16_IRQHandler) for TIM1_UP_TIM16_IRQHandler
    startup_stm32g431xx.o(RESET) refers to stm32g4xx_it.o(.text.EXTI15_10_IRQHandler) for EXTI15_10_IRQHandler
    startup_stm32g431xx.o(RESET) refers to stm32g4xx_it.o(.text.TIM6_DAC_IRQHandler) for TIM6_DAC_IRQHandler
    startup_stm32g431xx.o(RESET) refers to stm32g4xx_it.o(.text.COMP1_2_3_IRQHandler) for COMP1_2_3_IRQHandler
    startup_stm32g431xx.o(.text) refers (Special) to heapauxi.o(.text) for __use_two_region_memory
    startup_stm32g431xx.o(.text) refers to system_stm32g4xx.o(.text.SystemInit) for SystemInit
    startup_stm32g431xx.o(.text) refers to __main.o(!!!main) for __main
    startup_stm32g431xx.o(.text) refers to startup_stm32g431xx.o(HEAP) for Heap_Mem
    startup_stm32g431xx.o(.text) refers to startup_stm32g431xx.o(STACK) for Stack_Mem
    stm32g4xx_ll_adc.o(.ARM.exidx.text.LL_ADC_CommonDeInit) refers to stm32g4xx_ll_adc.o(.text.LL_ADC_CommonDeInit) for [Anonymous Symbol]
    stm32g4xx_ll_adc.o(.ARM.exidx.text.LL_ADC_CommonInit) refers to stm32g4xx_ll_adc.o(.text.LL_ADC_CommonInit) for [Anonymous Symbol]
    stm32g4xx_ll_adc.o(.ARM.exidx.text.LL_ADC_CommonStructInit) refers to stm32g4xx_ll_adc.o(.text.LL_ADC_CommonStructInit) for [Anonymous Symbol]
    stm32g4xx_ll_adc.o(.ARM.exidx.text.LL_ADC_DeInit) refers to stm32g4xx_ll_adc.o(.text.LL_ADC_DeInit) for [Anonymous Symbol]
    stm32g4xx_ll_adc.o(.ARM.exidx.text.LL_ADC_Init) refers to stm32g4xx_ll_adc.o(.text.LL_ADC_Init) for [Anonymous Symbol]
    stm32g4xx_ll_adc.o(.ARM.exidx.text.LL_ADC_StructInit) refers to stm32g4xx_ll_adc.o(.text.LL_ADC_StructInit) for [Anonymous Symbol]
    stm32g4xx_ll_adc.o(.ARM.exidx.text.LL_ADC_REG_Init) refers to stm32g4xx_ll_adc.o(.text.LL_ADC_REG_Init) for [Anonymous Symbol]
    stm32g4xx_ll_adc.o(.ARM.exidx.text.LL_ADC_REG_StructInit) refers to stm32g4xx_ll_adc.o(.text.LL_ADC_REG_StructInit) for [Anonymous Symbol]
    stm32g4xx_ll_adc.o(.ARM.exidx.text.LL_ADC_INJ_Init) refers to stm32g4xx_ll_adc.o(.text.LL_ADC_INJ_Init) for [Anonymous Symbol]
    stm32g4xx_ll_adc.o(.ARM.exidx.text.LL_ADC_INJ_StructInit) refers to stm32g4xx_ll_adc.o(.text.LL_ADC_INJ_StructInit) for [Anonymous Symbol]
    stm32g4xx_ll_comp.o(.ARM.exidx.text.LL_COMP_DeInit) refers to stm32g4xx_ll_comp.o(.text.LL_COMP_DeInit) for [Anonymous Symbol]
    stm32g4xx_ll_comp.o(.ARM.exidx.text.LL_COMP_Init) refers to stm32g4xx_ll_comp.o(.text.LL_COMP_Init) for [Anonymous Symbol]
    stm32g4xx_ll_comp.o(.ARM.exidx.text.LL_COMP_StructInit) refers to stm32g4xx_ll_comp.o(.text.LL_COMP_StructInit) for [Anonymous Symbol]
    stm32g4xx_ll_cordic.o(.ARM.exidx.text.LL_CORDIC_DeInit) refers to stm32g4xx_ll_cordic.o(.text.LL_CORDIC_DeInit) for [Anonymous Symbol]
    stm32g4xx_ll_crc.o(.ARM.exidx.text.LL_CRC_DeInit) refers to stm32g4xx_ll_crc.o(.text.LL_CRC_DeInit) for [Anonymous Symbol]
    stm32g4xx_ll_crs.o(.ARM.exidx.text.LL_CRS_DeInit) refers to stm32g4xx_ll_crs.o(.text.LL_CRS_DeInit) for [Anonymous Symbol]
    stm32g4xx_ll_dac.o(.ARM.exidx.text.LL_DAC_DeInit) refers to stm32g4xx_ll_dac.o(.text.LL_DAC_DeInit) for [Anonymous Symbol]
    stm32g4xx_ll_dac.o(.ARM.exidx.text.LL_DAC_Init) refers to stm32g4xx_ll_dac.o(.text.LL_DAC_Init) for [Anonymous Symbol]
[...]
    stm32g4xx_ll_fmac.c                      0x00000000   Number         0  stm32g4xx_ll_fmac.o ABSOLUTE
    stm32g4xx_ll_gpio.c                      0x00000000   Number         0  stm32g4xx_ll_gpio.o ABSOLUTE
    stm32g4xx_ll_hrtim.c                     0x00000000   Number         0  stm32g4xx_ll_hrtim.o ABSOLUTE
    stm32g4xx_ll_i2c.c                       0x00000000   Number         0  stm32g4xx_ll_i2c.o ABSOLUTE
    stm32g4xx_ll_lptim.c                     0x00000000   Number         0  stm32g4xx_ll_lptim.o ABSOLUTE
    stm32g4xx_ll_lpuart.c                    0x00000000   Number         0  stm32g4xx_ll_lpuart.o ABSOLUTE
    stm32g4xx_ll_opamp.c                     0x00000000   Number         0  stm32g4xx_ll_opamp.o ABSOLUTE
    stm32g4xx_ll_pwr.c                       0x00000000   Number         0  stm32g4xx_ll_pwr.o ABSOLUTE
    stm32g4xx_ll_rcc.c                       0x00000000   Number         0  stm32g4xx_ll_rcc.o ABSOLUTE
    stm32g4xx_ll_rng.c                       0x00000000   Number         0  stm32g4xx_ll_rng.o ABSOLUTE
    stm32g4xx_ll_rtc.c                       0x00000000   Number         0  stm32g4xx_ll_rtc.o ABSOLUTE
    stm32g4xx_ll_spi.c                       0x00000000   Number         0  stm32g4xx_ll_spi.o ABSOLUTE
    stm32g4xx_ll_tim.c                       0x00000000   Number         0  stm32g4xx_ll_tim.o ABSOLUTE
    stm32g4xx_ll_ucpd.c                      0x00000000   Number         0  stm32g4xx_ll_ucpd.o ABSOLUTE
    stm32g4xx_ll_usart.c                     0x00000000   Number         0  stm32g4xx_ll_usart.o ABSOLUTE
    stm32g4xx_ll_utils.c                     0x00000000   Number         0  stm32g4xx_ll_utils.o ABSOLUTE
    system_stm32g4xx.c                       0x00000000   Number         0  system_stm32g4xx.o ABSOLUTE
    RESET                                    0x08001000   Section      472  startup_stm32g431xx.o(RESET)
    !!!main                                  0x080011d8   Section        8  __main.o(!!!main)
    !!!scatter                               0x080011e0   Section       52  __scatter.o(!!!scatter)
    !!dczerorl2                              0x08001214   Section       90  __dczerorl2.o(!!dczerorl2)
    !!handler_zi                             0x08001270   Section       28  __scatter_zi.o(!!handler_zi)
    .ARM.Collect$$libinit$$00000000          0x0800128c   Section        2  libinit.o(.ARM.Collect$$libinit$$00000000)
    .ARM.Collect$$libinit$$00000001          0x0800128e   Section        4  libinit2.o(.ARM.Collect$$libinit$$00000001)
    .ARM.Collect$$libinit$$00000004          0x08001292   Section        0  libinit2.o(.ARM.Collect$$libinit$$00000004)
    .ARM.Collect$$libinit$$00000006          0x08001292   Section        0  libinit2.o(.ARM.Collect$$libinit$$00000006)
    .ARM.Collect$$libinit$$0000000C          0x08001292   Section        0  libinit2.o(.ARM.Collect$$libinit$$0000000C)
    .ARM.Collect$$libinit$$0000000E          0x08001292   Section        0  libinit2.o(.ARM.Collect$$libinit$$0000000E)
    .ARM.Collect$$libinit$$00000010          0x08001292   Section        0  libinit2.o(.ARM.Collect$$libinit$$00000010)
    .ARM.Collect$$libinit$$00000013          0x08001292   Section        0  libinit2.o(.ARM.Collect$$libinit$$00000013)
    .ARM.Collect$$libinit$$00000015          0x08001292   Section        0  libinit2.o(.ARM.Collect$$libinit$$00000015)
    .ARM.Collect$$libinit$$00000017          0x08001292   Section        0  libinit2.o(.ARM.Collect$$libinit$$00000017)
    .ARM.Collect$$libinit$$00000019          0x08001292   Section        0  libinit2.o(.ARM.Collect$$libinit$$00000019)
    .ARM.Collect$$libinit$$0000001B          0x08001292   Section        0  libinit2.o(.ARM.Collect$$libinit$$0000001B)
    .ARM.Collect$$libinit$$0000001D          0x08001292   Section        0  libinit2.o(.ARM.Collect$$libinit$$0000001D)
    .ARM.Collect$$libinit$$0000001F          0x08001292   Section        0  libinit2.o(.ARM.Collect$$libinit$$0000001F)
    .ARM.Collect$$libinit$$00000021          0x08001292   Section        0  libinit2.o(.ARM.Collect$$libinit$$00000021)
    .ARM.Collect$$libinit$$00000023          0x08001292   Section        0  libinit2.o(.ARM.Collect$$libinit$$00000023)
    .ARM.Collect$$libinit$$00000025          0x08001292   Section        0  libinit2.o(.ARM.Collect$$libinit$$00000025)
    .ARM.Collect$$libinit$$00000027          0x08001292   Section        0  libinit2.o(.ARM.Collect$$libinit$$00000027)
    .ARM.Collect$$libinit$$0000002E          0x08001292   Section        0  libinit2.o(.ARM.Collect$$libinit$$0000002E)
    .ARM.Collect$$libinit$$00000030          0x08001292   Section        0  libinit2.o(.ARM.Collect$$libinit$$00000030)
    .ARM.Collect$$libinit$$00000032          0x08001292   Section        0  libinit2.o(.ARM.Collect$$libinit$$00000032)
    .ARM.Collect$$libinit$$00000034          0x08001292   Section        0  libinit2.o(.ARM.Collect$$libinit$$00000034)
    .ARM.Collect$$libinit$$00000035          0x08001292   Section        2  libinit2.o(.ARM.Collect$$libinit$$00000035)
    .ARM.Collect$$libshutdown$$00000000      0x08001294   Section        2  libshutdown.o(.ARM.Collect$$libshutdown$$00000000)
    .ARM.Collect$$libshutdown$$00000002      0x08001296   Section        0  libshutdown2.o(.ARM.Collect$$libshutdown$$00000002)
    .ARM.Collect$$libshutdown$$00000004      0x08001296   Section        0  libshutdown2.o(.ARM.Collect$$libshutdown$$00000004)
    .ARM.Collect$$libshutdown$$00000007      0x08001296   Section        0  libshutdown2.o(.ARM.Collect$$libshutdown$$00000007)
    .ARM.Collect$$libshutdown$$0000000A      0x08001296   Section        0  libshutdown2.o(.ARM.Collect$$libshutdown$$0000000A)
    .ARM.Collect$$libshutdown$$0000000C      0x08001296   Section        0  libshutdown2.o(.ARM.Collect$$libshutdown$$0000000C)
    .ARM.Collect$$libshutdown$$0000000F      0x08001296   Section        0  libshutdown2.o(.ARM.Collect$$libshutdown$$0000000F)
    .ARM.Collect$$libshutdown$$00000010      0x08001296   Section        2  libshutdown2.o(.ARM.Collect$$libshutdown$$00000010)
    .ARM.Collect$$rtentry$$00000000          0x08001298   Section        0  __rtentry.o(.ARM.Collect$$rtentry$$00000000)
    .ARM.Collect$$rtentry$$00000002          0x08001298   Section        0  __rtentry2.o(.ARM.Collect$$rtentry$$00000002)
    .ARM.Collect$$rtentry$$00000004          0x08001298   Section        6  __rtentry4.o(.ARM.Collect$$rtentry$$00000004)
    .ARM.Collect$$rtentry$$00000009          0x0800129e   Section        0  __rtentry2.o(.ARM.Collect$$rtentry$$00000009)
    .ARM.Collect$$rtentry$$0000000A          0x0800129e   Section        4  __rtentry2.o(.ARM.Collect$$rtentry$$0000000A)
    .ARM.Collect$$rtentry$$0000000C          0x080012a2   Section        0  __rtentry2.o(.ARM.Collect$$rtentry$$0000000C)
    .ARM.Collect$$rtentry$$0000000D          0x080012a2   Section        8  __rtentry2.o(.ARM.Collect$$rtentry$$0000000D)
    .ARM.Collect$$rtexit$$00000000           0x080012aa   Section        2  rtexit.o(.ARM.Collect$$rtexit$$00000000)
    .ARM.Collect$$rtexit$$00000002           0x080012ac   Section        0  rtexit2.o(.ARM.Collect$$rtexit$$00000002)
    .ARM.Collect$$rtexit$$00000003           0x080012ac   Section        4  rtexit2.o(.ARM.Collect$$rtexit$$00000003)
    .ARM.Collect$$rtexit$$00000004           0x080012b0   Section        6  rtexit2.o(.ARM.Collect$$rtexit$$00000004)
    $v0                                      0x080012b8   Number         0  startup_stm32g431xx.o(.text)
    .text                                    0x080012b8   Section       64  startup_stm32g431xx.o(.text)
    .text                                    0x080012f8   Section       78  rt_memclr_w.o(.text)
    .text                                    0x08001346   Section        0  heapauxi.o(.text)
    .text                                    0x0800134c   Section       74  sys_stackheap_outer.o(.text)
    .text                                    0x08001396   Section        0  exit.o(.text)
    .text                                    0x080013a8   Section        8  libspace.o(.text)
    .text                                    0x080013b0   Section        0  sys_exit.o(.text)
    .text                                    0x080013bc   Section        2  use_no_semi.o(.text)
    .text                                    0x080013be   Section        0  indicate_semi.o(.text)
    [Anonymous Symbol]                       0x080013c0   Section        0  stm32g4xx_it.o(.text.BusFault_Handler)
    [Anonymous Symbol]                       0x080013c4   Section        0  stm32g4xx_it.o(.text.COMP1_2_3_IRQHandler)
    [Anonymous Symbol]                       0x08001400   Section        0  stm32g4xx_it.o(.text.DMA1_Channel1_IRQHandler)
    [Anonymous Symbol]                       0x080014c0   Section        0  stm32g4xx_it.o(.text.DebugMon_Handler)
    [Anonymous Symbol]                       0x080014c4   Section        0  stm32g4xx_it.o(.text.EXTI15_10_IRQHandler)
    [Anonymous Symbol]                       0x080014d8   Section        0  stm32g4xx_it.o(.text.HardFault_Handler)
    [Anonymous Symbol]                       0x080014dc   Section        0  stm32g4xx_ll_comp.o(.text.LL_COMP_Init)
    [Anonymous Symbol]                       0x08001514   Section        0  stm32g4xx_ll_gpio.o(.text.LL_GPIO_Init)
    [Anonymous Symbol]                       0x080015f8   Section        0  stm32g4xx_ll_utils.o(.text.LL_Init1msTick)
    [Anonymous Symbol]                       0x08001620   Section        0  stm32g4xx_ll_utils.o(.text.LL_SetSystemCoreClock)
    [Anonymous Symbol]                       0x0800162c   Section        0  stm32g4xx_ll_tim.o(.text.LL_TIM_BDTR_Init)
    [Anonymous Symbol]                       0x080016c8   Section        0  stm32g4xx_ll_tim.o(.text.LL_TIM_Init)
    [Anonymous Symbol]                       0x080017cc   Section        0  stm32g4xx_ll_tim.o(.text.LL_TIM_OC_Init)
    [Anonymous Symbol]                       0x08001b38   Section        0  peripherals.o(.text.MX_COMP1_Init)
    [Anonymous Symbol]                       0x08001c08   Section        0  peripherals.o(.text.MX_COMP2_Init)
    [Anonymous Symbol]                       0x08001cec   Section        0  peripherals.o(.text.MX_IWDG_Init)
    [Anonymous Symbol]                       0x08001d3c   Section        0  peripherals.o(.text.MX_TIM15_Init)
    [Anonymous Symbol]                       0x08001e50   Section        0  peripherals.o(.text.MX_TIM1_Init)
    [Anonymous Symbol]                       0x08002048   Section        0  stm32g4xx_it.o(.text.MemManage_Handler)
    [Anonymous Symbol]                       0x0800204c   Section        0  stm32g4xx_it.o(.text.NMI_Handler)
    [Anonymous Symbol]                       0x08002050   Section        0  stm32g4xx_it.o(.text.PendSV_Handler)
    [Anonymous Symbol]                       0x08002054   Section        0  main.o(.text.PeriodElapsedCallback)
    [Anonymous Symbol]                       0x08002138   Section        0  stm32g4xx_it.o(.text.SVC_Handler)
    [Anonymous Symbol]                       0x0800213c   Section        0  stm32g4xx_it.o(.text.SysTick_Handler)
    [Anonymous Symbol]                       0x08002140   Section        0  peripherals.o(.text.SystemClock_Config)
    [Anonymous Symbol]                       0x080022ec   Section        0  system_stm32g4xx.o(.text.SystemInit)
    [Anonymous Symbol]                       0x08002300   Section        0  stm32g4xx_it.o(.text.TIM1_UP_TIM16_IRQHandler)
    [Anonymous Symbol]                       0x08002318   Section        0  stm32g4xx_it.o(.text.TIM6_DAC_IRQHandler)
    [Anonymous Symbol]                       0x08002334   Section        0  stm32g4xx_it.o(.text.UsageFault_Handler)
    __NVIC_SystemReset                       0x08002339   Thumb Code    42  main.o(.text.__NVIC_SystemReset)
    [Anonymous Symbol]                       0x08002338   Section        0  main.o(.text.__NVIC_SystemReset)
    [Anonymous Symbol]                       0x08002364   Section        0  phaseouts.o(.text.allOff)
    [Anonymous Symbol]                       0x080023cc   Section        0  phaseouts.o(.text.allpwm)
    [Anonymous Symbol]                       0x0800247c   Section        0  comparator.o(.text.changeCompInput)
    [Anonymous Symbol]                       0x0800255c   Section        0  phaseouts.o(.text.comStep)
    [Anonymous Symbol]                       0x0800285c   Section        0  dshot.o(.text.computeDshotDMA)
    [Anonymous Symbol]                       0x08002d24   Section        0  signal.o(.text.computeServoInput)
    [Anonymous Symbol]                       0x08002f04   Section        0  functions.o(.text.delayMicros)
    [Anonymous Symbol]                       0x08002f30   Section        0  functions.o(.text.delayMillis)
    [Anonymous Symbol]                       0x08002f80   Section        0  signal.o(.text.detectInput)
    [Anonymous Symbol]                       0x080031b8   Section        0  comparator.o(.text.enableCompInterrupts)
    [Anonymous Symbol]                       0x080031d4   Section        0  peripherals.o(.text.enableCorePeripherals)
    [Anonymous Symbol]                       0x080032fc   Section        0  io.o(.text.enableHalfTransferInt)
    [Anonymous Symbol]                       0x0800330c   Section        0  phaseouts.o(.text.fullBrake)
    [Anonymous Symbol]                       0x08003374   Section        0  peripherals.o(.text.generatePwmTimerEvent)
    [Anonymous Symbol]                       0x08003388   Section        0  functions.o(.text.getAbsDif)
    [Anonymous Symbol]                       0x08003390   Section        0  comparator.o(.text.getCompOutputLevel)
    [Anonymous Symbol]                       0x080033a4   Section        0  io.o(.text.getInputPinState)
    [Anonymous Symbol]                       0x080033b4   Section        0  peripherals.o(.text.initAfterJump)
    [Anonymous Symbol]                       0x080033cc   Section        0  peripherals.o(.text.initCorePeripherals)
    [Anonymous Symbol]                       0x08003618   Section        0  main.o(.text.interruptRoutine)
    [Anonymous Symbol]                       0x08003708   Section        0  main.o(.text.loadEEpromSettings)
    [Anonymous Symbol]                       0x08003a50   Section        0  main.o(.text.main)
    __arm_cp.14_1                            0x08003f80   Number         4  main.o(.text.main)
    [Anonymous Symbol]                       0x08004624   Section        0  dshot.o(.text.make_dshot_package)
    [Anonymous Symbol]                       0x08004808   Section        0  functions.o(.text.map)
    [Anonymous Symbol]                       0x08004858   Section        0  comparator.o(.text.maskPhaseInterrupts)
    [Anonymous Symbol]                       0x08004880   Section        0  sounds.o(.text.playBeaconTune3)
    [Anonymous Symbol]                       0x08004914   Section        0  sounds.o(.text.playBlueJayTune)
    [Anonymous Symbol]                       0x08004a4c   Section        0  sounds.o(.text.playChangedTone)
    [Anonymous Symbol]                       0x08004ab4   Section        0  sounds.o(.text.playDefaultTone)
    [Anonymous Symbol]                       0x08004b1c   Section        0  sounds.o(.text.playInputTune)
    [Anonymous Symbol]                       0x08004b94   Section        0  sounds.o(.text.playInputTune2)
    [Anonymous Symbol]                       0x08004c0c   Section        0  sounds.o(.text.playStartupTune)
    [Anonymous Symbol]                       0x08004c94   Section        0  main.o(.text.processDshot)
    [Anonymous Symbol]                       0x08004ccc   Section        0  phaseouts.o(.text.proportionalBrake)
    [Anonymous Symbol]                       0x08004d30   Section        0  eeprom.o(.text.read_flash_bin)
    [Anonymous Symbol]                       0x08004d94   Section        0  io.o(.text.receiveDshotDma)
    [Anonymous Symbol]                       0x08004e38   Section        0  peripherals.o(.text.resetInputCaptureTimer)
    [Anonymous Symbol]                       0x08004e48   Section        0  main.o(.text.saveEEpromSettings)
    [Anonymous Symbol]                       0x08004ecc   Section        0  eeprom.o(.text.save_flash_nolib)
    [Anonymous Symbol]                       0x080050c4   Section        0  io.o(.text.sendDshotDma)
    [Anonymous Symbol]                       0x08005184   Section        0  main.o(.text.setInput)
    [Anonymous Symbol]                       0x080057ec   Section        0  io.o(.text.setInputPolarityRising)
    [Anonymous Symbol]                       0x08005800   Section        0  peripherals.o(.text.setPWMCompare1)
    [Anonymous Symbol]                       0x0800580c   Section        0  peripherals.o(.text.setPWMCompare2)
    [Anonymous Symbol]                       0x08005818   Section        0  peripherals.o(.text.setPWMCompare3)
    [Anonymous Symbol]                       0x08005824   Section        0  sounds.o(.text.setVolume)
    [Anonymous Symbol]                       0x08005838   Section        0  main.o(.text.startMotor)
    [Anonymous Symbol]                       0x080058f0   Section        0  main.o(.text.tenKhzRoutine)
    [Anonymous Symbol]                       0x08005d84   Section        0  signal.o(.text.transfercomplete)
    [Anonymous Symbol]                       0x08005f08   Section        0  main.o(.text.zcfoundroutine)
    $v0                                      0x08006022   Number         0  fpinit.o(x$fpl$fpinit)
    x$fpl$fpinit                             0x08006022   Section       26  fpinit.o(x$fpl$fpinit)
    __tagsym$$used.0                         0x0800f7e0   Number         0  firmwareversion.o(.rodata.test)
    .L_MergedGlobals                         0x20000000   Data          92  main.o(.data..L_MergedGlobals)
    [Anonymous Symbol]                       0x20000000   Section        0  main.o(.data..L_MergedGlobals)
    .L_MergedGlobals                         0x2000005c   Data           4  signal.o(.data..L_MergedGlobals)
    [Anonymous Symbol]                       0x2000005c   Section        0  signal.o(.data..L_MergedGlobals)
    .L_MergedGlobals                         0x20000060   Data           8  comparator.o(.data..L_MergedGlobals)
    [Anonymous Symbol]                       0x20000060   Section        0  comparator.o(.data..L_MergedGlobals)
    .L_MergedGlobals                         0x20000068   Data           8  eeprom.o(.data..L_MergedGlobals)
    [Anonymous Symbol]                       0x20000068   Section        0  eeprom.o(.data..L_MergedGlobals)
    .L_MergedGlobals.1                       0x20000070   Data         120  main.o(.data..L_MergedGlobals.1)
    [Anonymous Symbol]                       0x20000070   Section        0  main.o(.data..L_MergedGlobals.1)
    .bss                                     0x200003c8   Section       96  libspace.o(.bss)
    .L_MergedGlobals                         0x20000428   Data          92  dshot.o(.bss..L_MergedGlobals)
    [Anonymous Symbol]                       0x20000428   Section        0  dshot.o(.bss..L_MergedGlobals)
    .L_MergedGlobals                         0x20000484   Data           4  io.o(.bss..L_MergedGlobals)
    [Anonymous Symbol]                       0x20000484   Section        0  io.o(.bss..L_MergedGlobals)
    .L_MergedGlobals.1                       0x20000488   Data          28  signal.o(.bss..L_MergedGlobals.1)
    [Anonymous Symbol]                       0x20000488   Section        0  signal.o(.bss..L_MergedGlobals.1)
    .L_MergedGlobals.2                       0x200004a4   Data         124  main.o(.bss..L_MergedGlobals.2)
    [Anonymous Symbol]                       0x200004a4   Section        0  main.o(.bss..L_MergedGlobals.2)
    .L_MergedGlobals.3                       0x20000520   Data          24  main.o(.bss..L_MergedGlobals.3)
    [Anonymous Symbol]                       0x20000520   Section        0  main.o(.bss..L_MergedGlobals.3)
    Heap_Mem                                 0x20000858   Data         512  startup_stm32g431xx.o(HEAP)
    HEAP                                     0x20000858   Section      512  startup_stm32g431xx.o(HEAP)
    Stack_Mem                                0x20000a58   Data        1024  startup_stm32g431xx.o(STACK)
    STACK                                    0x20000a58   Section     1024  startup_stm32g431xx.o(STACK)
    __initial_sp                             0x20000e58   Data           0  startup_stm32g431xx.o(STACK)

    Global Symbols

    Symbol Name                              Value     Ov Type        Size  Object(Section)

    BuildAttributes$$THM_ISAv4$E$P$D$K$B$S$7EM$VFPi3$EXTD16$VFPS$VFMA$PE$A:L22UL41UL21$X:L11$S22US41US21$IEEE1$IW$~IW$USESV6$~STKCKD$USESV7$~SHL$OTIME$ROPI$EBA8$UX$STANDARDLIB$REQ8$PRES8$EABIv2 0x00000000   Number         0  anon$$obj.o ABSOLUTE
    __ARM_exceptions_init                     - Undefined Weak Reference
    __alloca_initialize                       - Undefined Weak Reference
    __arm_preinit_                            - Undefined Weak Reference
    __arm_relocate_pie_                       - Undefined Weak Reference
    __cpp_initialize__aeabi_                  - Undefined Weak Reference
    __cxa_finalize                            - Undefined Weak Reference
    __rt_locale                               - Undefined Weak Reference
    __sigvec_lookup                           - Undefined Weak Reference
    _atexit_init                              - Undefined Weak Reference
    _call_atexit_fns                          - Undefined Weak Reference
    _clock_init                               - Undefined Weak Reference
    _fp_trap_init                             - Undefined Weak Reference
    _fp_trap_shutdown                         - Undefined Weak Reference
    _get_lc_collate                           - Undefined Weak Reference
    _get_lc_ctype                             - Undefined Weak Reference
    _get_lc_monetary                          - Undefined Weak Reference
    _get_lc_numeric                           - Undefined Weak Reference
    _get_lc_time                              - Undefined Weak Reference
    _getenv_init                              - Undefined Weak Reference
    _handle_redirection                       - Undefined Weak Reference
    _init_alloc                               - Undefined Weak Reference
    _init_user_alloc                          - Undefined Weak Reference
    _initio                                   - Undefined Weak Reference
    _rand_init                                - Undefined Weak Reference
    _signal_finish                            - Undefined Weak Reference
    _signal_init                              - Undefined Weak Reference
    _terminate_alloc                          - Undefined Weak Reference
    _terminate_user_alloc                     - Undefined Weak Reference
    _terminateio                              - Undefined Weak Reference
    __Vectors_Size                           0x000001d8   Number         0  startup_stm32g431xx.o ABSOLUTE
    __Vectors                                0x08001000   Data           4  startup_stm32g431xx.o(RESET)
    __Vectors_End                            0x080011d8   Data           0  startup_stm32g431xx.o(RESET)
    __main                                   0x080011d9   Thumb Code     8  __main.o(!!!main)
    __scatterload                            0x080011e1   Thumb Code     0  __scatter.o(!!!scatter)
    __scatterload_rt2                        0x080011e1   Thumb Code    44  __scatter.o(!!!scatter)
    __scatterload_rt2_thumb_only             0x080011e1   Thumb Code     0  __scatter.o(!!!scatter)
    __scatterload_null                       0x080011ef   Thumb Code     0  __scatter.o(!!!scatter)
    __decompress                             0x08001215   Thumb Code    90  __dczerorl2.o(!!dczerorl2)
    __decompress1                            0x08001215   Thumb Code     0  __dczerorl2.o(!!dczerorl2)
    __scatterload_zeroinit                   0x08001271   Thumb Code    28  __scatter_zi.o(!!handler_zi)
    __rt_lib_init                            0x0800128d   Thumb Code     0  libinit.o(.ARM.Collect$$libinit$$00000000)
    __rt_lib_init_fp_1                       0x0800128f   Thumb Code     0  libinit2.o(.ARM.Collect$$libinit$$00000001)
    __rt_lib_init_alloca_1                   0x08001293   Thumb Code     0  libinit2.o(.ARM.Collect$$libinit$$00000030)
    __rt_lib_init_argv_1                     0x08001293   Thumb Code     0  libinit2.o(.ARM.Collect$$libinit$$0000002E)
    __rt_lib_init_atexit_1                   0x08001293   Thumb Code     0  libinit2.o(.ARM.Collect$$libinit$$0000001D)
    __rt_lib_init_clock_1                    0x08001293   Thumb Code     0  libinit2.o(.ARM.Collect$$libinit$$00000023)
    __rt_lib_init_cpp_1                      0x08001293   Thumb Code     0  libinit2.o(.ARM.Collect$$libinit$$00000034)
    __rt_lib_init_exceptions_1               0x08001293   Thumb Code     0  libinit2.o(.ARM.Collect$$libinit$$00000032)
    __rt_lib_init_fp_trap_1                  0x08001293   Thumb Code     0  libinit2.o(.ARM.Collect$$libinit$$00000021)
    __rt_lib_init_getenv_1                   0x08001293   Thumb Code     0  libinit2.o(.ARM.Collect$$libinit$$00000025)
    __rt_lib_init_heap_1                     0x08001293   Thumb Code     0  libinit2.o(.ARM.Collect$$libinit$$0000000C)
    __rt_lib_init_lc_collate_1               0x08001293   Thumb Code     0  libinit2.o(.ARM.Collect$$libinit$$00000013)
    __rt_lib_init_lc_ctype_1                 0x08001293   Thumb Code     0  libinit2.o(.ARM.Collect$$libinit$$00000015)
    __rt_lib_init_lc_monetary_1              0x08001293   Thumb Code     0  libinit2.o(.ARM.Collect$$libinit$$00000017)
    __rt_lib_init_lc_numeric_1               0x08001293   Thumb Code     0  libinit2.o(.ARM.Collect$$libinit$$00000019)
    __rt_lib_init_lc_time_1                  0x08001293   Thumb Code     0  libinit2.o(.ARM.Collect$$libinit$$0000001B)
    __rt_lib_init_preinit_1                  0x08001293   Thumb Code     0  libinit2.o(.ARM.Collect$$libinit$$00000006)
    __rt_lib_init_rand_1                     0x08001293   Thumb Code     0  libinit2.o(.ARM.Collect$$libinit$$00000010)
    __rt_lib_init_relocate_pie_1             0x08001293   Thumb Code     0  libinit2.o(.ARM.Collect$$libinit$$00000004)
    __rt_lib_init_return                     0x08001293   Thumb Code     0  libinit2.o(.ARM.Collect$$libinit$$00000035)
    __rt_lib_init_signal_1                   0x08001293   Thumb Code     0  libinit2.o(.ARM.Collect$$libinit$$0000001F)
    __rt_lib_init_stdio_1                    0x08001293   Thumb Code     0  libinit2.o(.ARM.Collect$$libinit$$00000027)
    __rt_lib_init_user_alloc_1               0x08001293   Thumb Code     0  libinit2.o(.ARM.Collect$$libinit$$0000000E)
    __rt_lib_shutdown                        0x08001295   Thumb Code     0  libshutdown.o(.ARM.Collect$$libshutdown$$00000000)
    __rt_lib_shutdown_cpp_1                  0x08001297   Thumb Code     0  libshutdown2.o(.ARM.Collect$$libshutdown$$00000002)
    __rt_lib_shutdown_fp_trap_1              0x08001297   Thumb Code     0  libshutdown2.o(.ARM.Collect$$libshutdown$$00000007)
    __rt_lib_shutdown_heap_1                 0x08001297   Thumb Code     0  libshutdown2.o(.ARM.Collect$$libshutdown$$0000000F)
    __rt_lib_shutdown_return                 0x08001297   Thumb Code     0  libshutdown2.o(.ARM.Collect$$libshutdown$$00000010)
    __rt_lib_shutdown_signal_1               0x08001297   Thumb Code     0  libshutdown2.o(.ARM.Collect$$libshutdown$$0000000A)
    __rt_lib_shutdown_stdio_1                0x08001297   Thumb Code     0  libshutdown2.o(.ARM.Collect$$libshutdown$$00000004)
    __rt_lib_shutdown_user_alloc_1           0x08001297   Thumb Code     0  libshutdown2.o(.ARM.Collect$$libshutdown$$0000000C)
    __rt_entry                               0x08001299   Thumb Code     0  __rtentry.o(.ARM.Collect$$rtentry$$00000000)
    __rt_entry_presh_1                       0x08001299   Thumb Code     0  __rtentry2.o(.ARM.Collect$$rtentry$$00000002)
    __rt_entry_sh                            0x08001299   Thumb Code     0  __rtentry4.o(.ARM.Collect$$rtentry$$00000004)
    __rt_entry_li                            0x0800129f   Thumb Code     0  __rtentry2.o(.ARM.Collect$$rtentry$$0000000A)
    __rt_entry_postsh_1                      0x0800129f   Thumb Code     0  __rtentry2.o(.ARM.Collect$$rtentry$$00000009)
    __rt_entry_main                          0x080012a3   Thumb Code     0  __rtentry2.o(.ARM.Collect$$rtentry$$0000000D)
    __rt_entry_postli_1                      0x080012a3   Thumb Code     0  __rtentry2.o(.ARM.Collect$$rtentry$$0000000C)
    __rt_exit                                0x080012ab   Thumb Code     0  rtexit.o(.ARM.Collect$$rtexit$$00000000)
    __rt_exit_ls                             0x080012ad   Thumb Code     0  rtexit2.o(.ARM.Collect$$rtexit$$00000003)
    __rt_exit_prels_1                        0x080012ad   Thumb Code     0  rtexit2.o(.ARM.Collect$$rtexit$$00000002)
    __rt_exit_exit                           0x080012b1   Thumb Code     0  rtexit2.o(.ARM.Collect$$rtexit$$00000004)
    Reset_Handler                            0x080012b9   Thumb Code     8  startup_stm32g431xx.o(.text)
    ADC1_2_IRQHandler                        0x080012d3   Thumb Code     0  startup_stm32g431xx.o(.text)
    COMP4_IRQHandler                         0x080012d3   Thumb Code     0  startup_stm32g431xx.o(.text)
    CORDIC_IRQHandler                        0x080012d3   Thumb Code     0  startup_stm32g431xx.o(.text)
    CRS_IRQHandler                           0x080012d3   Thumb Code     0  startup_stm32g431xx.o(.text)
    DMA1_Channel2_IRQHandler                 0x080012d3   Thumb Code     0  startup_stm32g431xx.o(.text)
    DMA1_Channel3_IRQHandler                 0x080012d3   Thumb Code     0  startup_stm32g431xx.o(.text)
    DMA1_Channel4_IRQHandler                 0x080012d3   Thumb Code     0  startup_stm32g431xx.o(.text)
    DMA1_Channel5_IRQHandler                 0x080012d3   Thumb Code     0  startup_stm32g431xx.o(.text)
    DMA1_Channel6_IRQHandler                 0x080012d3   Thumb Code     0  startup_stm32g431xx.o(.text)
    DMA2_Channel1_IRQHandler                 0x080012d3   Thumb Code     0  startup_stm32g431xx.o(.text)
    DMA2_Channel2_IRQHandler                 0x080012d3   Thumb Code     0  startup_stm32g431xx.o(.text)
    DMA2_Channel3_IRQHandler                 0x080012d3   Thumb Code     0  startup_stm32g431xx.o(.text)
    DMA2_Channel4_IRQHandler                 0x080012d3   Thumb Code     0  startup_stm32g431xx.o(.text)
    DMA2_Channel5_IRQHandler                 0x080012d3   Thumb Code     0  startup_stm32g431xx.o(.text)
    DMA2_Channel6_IRQHandler                 0x080012d3   Thumb Code     0  startup_stm32g431xx.o(.text)
    DMAMUX_OVR_IRQHandler                    0x080012d3   Thumb Code     0  startup_stm32g431xx.o(.text)
    EXTI0_IRQHandler                         0x080012d3   Thumb Code     0  startup_stm32g431xx.o(.text)
    EXTI1_IRQHandler                         0x080012d3   Thumb Code     0  startup_stm32g431xx.o(.text)
    EXTI2_IRQHandler                         0x080012d3   Thumb Code     0  startup_stm32g431xx.o(.text)
    EXTI3_IRQHandler                         0x080012d3   Thumb Code     0  startup_stm32g431xx.o(.text)
    EXTI4_IRQHandler                         0x080012d3   Thumb Code     0  startup_stm32g431xx.o(.text)
    EXTI9_5_IRQHandler                       0x080012d3   Thumb Code     0  startup_stm32g431xx.o(.text)
    FDCAN1_IT0_IRQHandler                    0x080012d3   Thumb Code     0  startup_stm32g431xx.o(.text)
    FDCAN1_IT1_IRQHandler                    0x080012d3   Thumb Code     0  startup_stm32g431xx.o(.text)
    FLASH_IRQHandler                         0x080012d3   Thumb Code     0  startup_stm32g431xx.o(.text)
    FMAC_IRQHandler                          0x080012d3   Thumb Code     0  startup_stm32g431xx.o(.text)
    FPU_IRQHandler                           0x080012d3   Thumb Code     0  startup_stm32g431xx.o(.text)
    I2C1_ER_IRQHandler                       0x080012d3   Thumb Code     0  startup_stm32g431xx.o(.text)
    I2C1_EV_IRQHandler                       0x080012d3   Thumb Code     0  startup_stm32g431xx.o(.text)
    I2C2_ER_IRQHandler                       0x080012d3   Thumb Code     0  startup_stm32g431xx.o(.text)
    I2C2_EV_IRQHandler                       0x080012d3   Thumb Code     0  startup_stm32g431xx.o(.text)
    I2C3_ER_IRQHandler                       0x080012d3   Thumb Code     0  startup_stm32g431xx.o(.text)
    I2C3_EV_IRQHandler                       0x080012d3   Thumb Code     0  startup_stm32g431xx.o(.text)
    LPTIM1_IRQHandler                        0x080012d3   Thumb Code     0  startup_stm32g431xx.o(.text)
    LPUART1_IRQHandler                       0x080012d3   Thumb Code     0  startup_stm32g431xx.o(.text)
    PVD_PVM_IRQHandler                       0x080012d3   Thumb Code     0  startup_stm32g431xx.o(.text)
    RCC_IRQHandler                           0x080012d3   Thumb Code     0  startup_stm32g431xx.o(.text)
    RNG_IRQHandler                           0x080012d3   Thumb Code     0  startup_stm32g431xx.o(.text)
    RTC_Alarm_IRQHandler                     0x080012d3   Thumb Code     0  startup_stm32g431xx.o(.text)
    RTC_TAMP_LSECSS_IRQHandler               0x080012d3   Thumb Code     0  startup_stm32g431xx.o(.text)
    RTC_WKUP_IRQHandler                      0x080012d3   Thumb Code     0  startup_stm32g431xx.o(.text)
    SAI1_IRQHandler                          0x080012d3   Thumb Code     0  startup_stm32g431xx.o(.text)
    SPI1_IRQHandler                          0x080012d3   Thumb Code     0  startup_stm32g431xx.o(.text)
    SPI2_IRQHandler                          0x080012d3   Thumb Code     0  startup_stm32g431xx.o(.text)
    SPI3_IRQHandler                          0x080012d3   Thumb Code     0  startup_stm32g431xx.o(.text)
    TIM1_BRK_TIM15_IRQHandler                0x080012d3   Thumb Code     0  startup_stm32g431xx.o(.text)
    TIM1_CC_IRQHandler                       0x080012d3   Thumb Code     0  startup_stm32g431xx.o(.text)
    TIM1_TRG_COM_TIM17_IRQHandler            0x080012d3   Thumb Code     0  startup_stm32g431xx.o(.text)
    TIM2_IRQHandler                          0x080012d3   Thumb Code     0  startup_stm32g431xx.o(.text)
    TIM3_IRQHandler                          0x080012d3   Thumb Code     0  startup_stm32g431xx.o(.text)
    TIM4_IRQHandler                          0x080012d3   Thumb Code     0  startup_stm32g431xx.o(.text)
    TIM7_IRQHandler                          0x080012d3   Thumb Code     0  startup_stm32g431xx.o(.text)
    TIM8_BRK_IRQHandler                      0x080012d3   Thumb Code     0  startup_stm32g431xx.o(.text)
    TIM8_CC_IRQHandler                       0x080012d3   Thumb Code     0  startup_stm32g431xx.o(.text)
    TIM8_TRG_COM_IRQHandler                  0x080012d3   Thumb Code     0  startup_stm32g431xx.o(.text)
    TIM8_UP_IRQHandler                       0x080012d3   Thumb Code     0  startup_stm32g431xx.o(.text)
    UART4_IRQHandler                         0x080012d3   Thumb Code     0  startup_stm32g431xx.o(.text)
    UCPD1_IRQHandler                         0x080012d3   Thumb Code     0  startup_stm32g431xx.o(.text)
    USART1_IRQHandler                        0x080012d3   Thumb Code     0  startup_stm32g431xx.o(.text)
    USART2_IRQHandler                        0x080012d3   Thumb Code     0  startup_stm32g431xx.o(.text)
    USART3_IRQHandler                        0x080012d3   Thumb Code     0  startup_stm32g431xx.o(.text)
    USBWakeUp_IRQHandler                     0x080012d3   Thumb Code     0  startup_stm32g431xx.o(.text)
    USB_HP_IRQHandler                        0x080012d3   Thumb Code     0  startup_stm32g431xx.o(.text)
    USB_LP_IRQHandler                        0x080012d3   Thumb Code     0  startup_stm32g431xx.o(.text)
    WWDG_IRQHandler                          0x080012d3   Thumb Code     0  startup_stm32g431xx.o(.text)
    __user_initial_stackheap                 0x080012d5   Thumb Code     0  startup_stm32g431xx.o(.text)
    __aeabi_memclr4                          0x080012f9   Thumb Code     0  rt_memclr_w.o(.text)
    __aeabi_memclr8                          0x080012f9   Thumb Code     0  rt_memclr_w.o(.text)
    __rt_memclr_w                            0x080012f9   Thumb Code     0  rt_memclr_w.o(.text)
    _memset_w                                0x080012fd   Thumb Code    74  rt_memclr_w.o(.text)
    __use_two_region_memory                  0x08001347   Thumb Code     2  heapauxi.o(.text)
    __rt_heap_escrow$2region                 0x08001349   Thumb Code     2  heapauxi.o(.text)
    __rt_heap_expand$2region                 0x0800134b   Thumb Code     2  heapauxi.o(.text)
    __user_setup_stackheap                   0x0800134d   Thumb Code    74  sys_stackheap_outer.o(.text)
    exit                                     0x08001397   Thumb Code    18  exit.o(.text)
    __user_libspace                          0x080013a9   Thumb Code     8  libspace.o(.text)
    __user_perproc_libspace                  0x080013a9   Thumb Code     0  libspace.o(.text)
    __user_perthread_libspace                0x080013a9   Thumb Code     0  libspace.o(.text)
    _sys_exit                                0x080013b1   Thumb Code     8  sys_exit.o(.text)
    __I$use$semihosting                      0x080013bd   Thumb Code     0  use_no_semi.o(.text)
    __use_no_semihosting_swi                 0x080013bd   Thumb Code     2  use_no_semi.o(.text)
    __semihosting_library_function           0x080013bf   Thumb Code     0  indicate_semi.o(.text)
    BusFault_Handler                         0x080013c1   Thumb Code     2  stm32g4xx_it.o(.text.BusFault_Handler)
    COMP1_2_3_IRQHandler                     0x080013c5   Thumb Code    58  stm32g4xx_it.o(.text.COMP1_2_3_IRQHandler)
    DMA1_Channel1_IRQHandler                 0x08001401   Thumb Code   190  stm32g4xx_it.o(.text.DMA1_Channel1_IRQHandler)
    DebugMon_Handler                         0x080014c1   Thumb Code     2  stm32g4xx_it.o(.text.DebugMon_Handler)
    EXTI15_10_IRQHandler                     0x080014c5   Thumb Code    18  stm32g4xx_it.o(.text.EXTI15_10_IRQHandler)
    HardFault_Handler                        0x080014d9   Thumb Code     2  stm32g4xx_it.o(.text.HardFault_Handler)
    LL_COMP_Init                             0x080014dd   Thumb Code    56  stm32g4xx_ll_comp.o(.text.LL_COMP_Init)
    LL_GPIO_Init                             0x08001515   Thumb Code   226  stm32g4xx_ll_gpio.o(.text.LL_GPIO_Init)
    LL_Init1msTick                           0x080015f9   Thumb Code    40  stm32g4xx_ll_utils.o(.text.LL_Init1msTick)
    LL_SetSystemCoreClock                    0x08001621   Thumb Code    12  stm32g4xx_ll_utils.o(.text.LL_SetSystemCoreClock)
    LL_TIM_BDTR_Init                         0x0800162d   Thumb Code   156  stm32g4xx_ll_tim.o(.text.LL_TIM_BDTR_Init)
    LL_TIM_Init                              0x080016c9   Thumb Code   258  stm32g4xx_ll_tim.o(.text.LL_TIM_Init)
    LL_TIM_OC_Init                           0x080017cd   Thumb Code   876  stm32g4xx_ll_tim.o(.text.LL_TIM_OC_Init)
    MX_COMP1_Init                            0x08001b39   Thumb Code   206  peripherals.o(.text.MX_COMP1_Init)
    MX_COMP2_Init                            0x08001c09   Thumb Code   226  peripherals.o(.text.MX_COMP2_Init)
    MX_IWDG_Init                             0x08001ced   Thumb Code    80  peripherals.o(.text.MX_IWDG_Init)
    MX_TIM15_Init                            0x08001d3d   Thumb Code   274  peripherals.o(.text.MX_TIM15_Init)
    MX_TIM1_Init                             0x08001e51   Thumb Code   502  peripherals.o(.text.MX_TIM1_Init)
    MemManage_Handler                        0x08002049   Thumb Code     2  stm32g4xx_it.o(.text.MemManage_Handler)
    NMI_Handler                              0x0800204d   Thumb Code     2  stm32g4xx_it.o(.text.NMI_Handler)
    PendSV_Handler                           0x08002051   Thumb Code     2  stm32g4xx_it.o(.text.PendSV_Handler)
    PeriodElapsedCallback                    0x08002055   Thumb Code   228  main.o(.text.PeriodElapsedCallback)
    SVC_Handler                              0x08002139   Thumb Code     2  stm32g4xx_it.o(.text.SVC_Handler)
    SysTick_Handler                          0x0800213d   Thumb Code     2  stm32g4xx_it.o(.text.SysTick_Handler)
    SystemClock_Config                       0x08002141   Thumb Code   428  peripherals.o(.text.SystemClock_Config)
    SystemInit                               0x080022ed   Thumb Code    18  system_stm32g4xx.o(.text.SystemInit)
    TIM1_UP_TIM16_IRQHandler                 0x08002301   Thumb Code    22  stm32g4xx_it.o(.text.TIM1_UP_TIM16_IRQHandler)
    TIM6_DAC_IRQHandler                      0x08002319   Thumb Code    26  stm32g4xx_it.o(.text.TIM6_DAC_IRQHandler)
    UsageFault_Handler                       0x08002335   Thumb Code     2  stm32g4xx_it.o(.text.UsageFault_Handler)
    allOff                                   0x08002365   Thumb Code   102  phaseouts.o(.text.allOff)
    allpwm                                   0x080023cd   Thumb Code   174  phaseouts.o(.text.allpwm)
    changeCompInput                          0x0800247d   Thumb Code   222  comparator.o(.text.changeCompInput)
    comStep                                  0x0800255d   Thumb Code   768  phaseouts.o(.text.comStep)
    computeDshotDMA                          0x0800285d   Thumb Code  1224  dshot.o(.text.computeDshotDMA)
    computeServoInput                        0x08002d25   Thumb Code   480  signal.o(.text.computeServoInput)
    delayMicros                              0x08002f05   Thumb Code    44  functions.o(.text.delayMicros)
    delayMillis                              0x08002f31   Thumb Code    78  functions.o(.text.delayMillis)
    detectInput                              0x08002f81   Thumb Code   568  signal.o(.text.detectInput)
    enableCompInterrupts                     0x080031b9   Thumb Code    26  comparator.o(.text.enableCompInterrupts)
    enableCorePeripherals                    0x080031d5   Thumb Code   296  peripherals.o(.text.enableCorePeripherals)
    enableHalfTransferInt                    0x080032fd   Thumb Code    16  io.o(.text.enableHalfTransferInt)
    fullBrake                                0x0800330d   Thumb Code   104  phaseouts.o(.text.fullBrake)
    generatePwmTimerEvent                    0x08003375   Thumb Code    18  peripherals.o(.text.generatePwmTimerEvent)
    getAbsDif                                0x08003389   Thumb Code     8  functions.o(.text.getAbsDif)
    getCompOutputLevel                       0x08003391   Thumb Code    18  comparator.o(.text.getCompOutputLevel)
    getInputPinState                         0x080033a5   Thumb Code    14  io.o(.text.getInputPinState)
    initAfterJump                            0x080033b5   Thumb Code    22  peripherals.o(.text.initAfterJump)
    initCorePeripherals                      0x080033cd   Thumb Code   586  peripherals.o(.text.initCorePeripherals)
    interruptRoutine                         0x08003619   Thumb Code   240  main.o(.text.interruptRoutine)
    loadEEpromSettings                       0x08003709   Thumb Code   838  main.o(.text.loadEEpromSettings)
    main                                     0x08003a51   Thumb Code  3028  main.o(.text.main)
    make_dshot_package                       0x08004625   Thumb Code   484  dshot.o(.text.make_dshot_package)
    map                                      0x08004809   Thumb Code    80  functions.o(.text.map)
    maskPhaseInterrupts                      0x08004859   Thumb Code    38  comparator.o(.text.maskPhaseInterrupts)
    playBeaconTune3                          0x08004881   Thumb Code   148  sounds.o(.text.playBeaconTune3)
    playBlueJayTune                          0x08004915   Thumb Code   310  sounds.o(.text.playBlueJayTune)
    playChangedTone                          0x08004a4d   Thumb Code   104  sounds.o(.text.playChangedTone)
    playDefaultTone                          0x08004ab5   Thumb Code   104  sounds.o(.text.playDefaultTone)
    playInputTune                            0x08004b1d   Thumb Code   118  sounds.o(.text.playInputTune)
    playInputTune2                           0x08004b95   Thumb Code   120  sounds.o(.text.playInputTune2)
    playStartupTune                          0x08004c0d   Thumb Code   136  sounds.o(.text.playStartupTune)
    processDshot                             0x08004c95   Thumb Code    56  main.o(.text.processDshot)
    proportionalBrake                        0x08004ccd   Thumb Code    98  phaseouts.o(.text.proportionalBrake)
    read_flash_bin                           0x08004d31   Thumb Code    98  eeprom.o(.text.read_flash_bin)
    receiveDshotDma                          0x08004d95   Thumb Code   162  io.o(.text.receiveDshotDma)
    resetInputCaptureTimer                   0x08004e39   Thumb Code    16  peripherals.o(.text.resetInputCaptureTimer)
    saveEEpromSettings                       0x08004e49   Thumb Code   132  main.o(.text.saveEEpromSettings)
    save_flash_nolib                         0x08004ecd   Thumb Code   502  eeprom.o(.text.save_flash_nolib)
    sendDshotDma                             0x080050c5   Thumb Code   192  io.o(.text.sendDshotDma)
    setInput                                 0x08005185   Thumb Code  1640  main.o(.text.setInput)
    setInputPolarityRising                   0x080057ed   Thumb Code    18  io.o(.text.setInputPolarityRising)
    setPWMCompare1                           0x08005801   Thumb Code    12  peripherals.o(.text.setPWMCompare1)
    setPWMCompare2                           0x0800580d   Thumb Code    12  peripherals.o(.text.setPWMCompare2)
    setPWMCompare3                           0x08005819   Thumb Code    12  peripherals.o(.text.setPWMCompare3)
    setVolume                                0x08005825   Thumb Code    20  sounds.o(.text.setVolume)
    startMotor                               0x08005839   Thumb Code   184  main.o(.text.startMotor)
    tenKhzRoutine                            0x080058f1   Thumb Code  1172  main.o(.text.tenKhzRoutine)
    transfercomplete                         0x08005d85   Thumb Code   388  signal.o(.text.transfercomplete)
    zcfoundroutine                           0x08005f09   Thumb Code   282  main.o(.text.zcfoundroutine)
    _fp_init                                 0x08006023   Thumb Code    26  fpinit.o(x$fpl$fpinit)
    __fplib_config_fpu_vfp                   0x0800603b   Thumb Code     0  fpinit.o(x$fpl$fpinit)
    __fplib_config_pureend_doubles           0x0800603b   Thumb Code     0  fpinit.o(x$fpl$fpinit)
    gcr_encode_table                         0x0800603c   Data          16  dshot.o(.rodata.gcr_encode_table)
    Region$$Table$$Base                      0x0800604c   Number         0  anon$$obj.o(Region$$Table)
    Region$$Table$$Limit                     0x0800606c   Number         0  anon$$obj.o(Region$$Table)
    test                                     0x0800f7e0   Data          30  firmwareversion.o(.rodata.test)
    eeprom_layout_version                    0x20000000   Data           1  main.o(.data..L_MergedGlobals)
    comp_pwm                                 0x20000001   Data           1  main.o(.data..L_MergedGlobals)
    VARIABLE_PWM                             0x20000002   Data           1  main.o(.data..L_MergedGlobals)
    stuck_rotor_protection                   0x20000003   Data           1  main.o(.data..L_MergedGlobals)
    telemetry_interval_ms                    0x20000004   Data           1  main.o(.data..L_MergedGlobals)
    TEMPERATURE_LIMIT                        0x20000005   Data           1  main.o(.data..L_MergedGlobals)
    advance_level                            0x20000006   Data           1  main.o(.data..L_MergedGlobals)
    motor_poles                              0x20000007   Data           1  main.o(.data..L_MergedGlobals)
    sine_mode_power                          0x20000008   Data           1  main.o(.data..L_MergedGlobals)
    drag_brake_strength                      0x20000009   Data           1  main.o(.data..L_MergedGlobals)
    driving_brake_strength                   0x2000000a   Data           1  main.o(.data..L_MergedGlobals)
    dead_time_override                       0x2000000b   Data           1  main.o(.data..L_MergedGlobals)
    sine_mode_changeover_thottle_level       0x2000000c   Data           1  main.o(.data..L_MergedGlobals)
    servo_dead_band                          0x2000000d   Data           1  main.o(.data..L_MergedGlobals)
    maximum_throttle_change_ramp             0x2000000e   Data           1  main.o(.data..L_MergedGlobals)
    low_rpm_throttle_limit                   0x2000000f   Data           1  main.o(.data..L_MergedGlobals)
    VOLTAGE_DIVIDER                          0x20000010   Data           1  main.o(.data..L_MergedGlobals)
    bemf_timeout                             0x20000011   Data           1  main.o(.data..L_MergedGlobals)
    reversing_dead_band                      0x20000012   Data           1  main.o(.data..L_MergedGlobals)
    max_duty_cycle_change                    0x20000013   Data           1  main.o(.data..L_MergedGlobals)
    fast_accel                               0x20000014   Data           1  main.o(.data..L_MergedGlobals)
    old_routine                              0x20000015   Data           1  main.o(.data..L_MergedGlobals)
    changeover_step                          0x20000016   Data           1  main.o(.data..L_MergedGlobals)
    filter_level                             0x20000017   Data           1  main.o(.data..L_MergedGlobals)
    advancedivisor                           0x20000018   Data           1  main.o(.data..L_MergedGlobals)
    rising                                   0x20000019   Data           1  main.o(.data..L_MergedGlobals)
    forward                                  0x2000001a   Data           1  main.o(.data..L_MergedGlobals)
    bad_count_threshold                      0x2000001b   Data           1  main.o(.data..L_MergedGlobals)
    min_bemf_counts_up                       0x2000001c   Data           1  main.o(.data..L_MergedGlobals)
    min_bemf_counts_down                     0x2000001d   Data           1  main.o(.data..L_MergedGlobals)
    step                                     0x2000001e   Data           1  main.o(.data..L_MergedGlobals)
    motor_kv                                 0x20000020   Data           2  main.o(.data..L_MergedGlobals)
    CURRENT_LIMIT                            0x20000022   Data           2  main.o(.data..L_MergedGlobals)
    stall_protect_target_interval            0x20000024   Data           2  main.o(.data..L_MergedGlobals)
    enter_sine_angle                         0x20000026   Data           2  main.o(.data..L_MergedGlobals)
    servo_low_threshold                      0x20000028   Data           2  main.o(.data..L_MergedGlobals)
    servo_high_threshold                     0x2000002a   Data           2  main.o(.data..L_MergedGlobals)
    servo_neutral                            0x2000002c   Data           2  main.o(.data..L_MergedGlobals)
    low_cell_volt_cutoff                     0x2000002e   Data           2  main.o(.data..L_MergedGlobals)
    use_current_limit_adjust                 0x20000030   Data           2  main.o(.data..L_MergedGlobals)
    reverse_speed_threshold                  0x20000032   Data           2  main.o(.data..L_MergedGlobals)
    min_startup_duty                         0x20000034   Data           2  main.o(.data..L_MergedGlobals)
    sin_mode_min_s_d                         0x20000036   Data           2  main.o(.data..L_MergedGlobals)
    startup_max_duty_cycle                   0x20000038   Data           2  main.o(.data..L_MergedGlobals)
    minimum_duty_cycle                       0x2000003a   Data           2  main.o(.data..L_MergedGlobals)
    stall_protect_minimum_duty               0x2000003c   Data           2  main.o(.data..L_MergedGlobals)
    tim1_arr                                 0x2000003e   Data           2  main.o(.data..L_MergedGlobals)
    TIMER1_MAX_ARR                           0x20000040   Data           2  main.o(.data..L_MergedGlobals)
    duty_cycle_maximum                       0x20000042   Data           2  main.o(.data..L_MergedGlobals)
    low_rpm_level                            0x20000044   Data           2  main.o(.data..L_MergedGlobals)
    high_rpm_level                           0x20000046   Data           2  main.o(.data..L_MergedGlobals)
    throttle_max_at_low_rpm                  0x20000048   Data           2  main.o(.data..L_MergedGlobals)
    throttle_max_at_high_rpm                 0x2000004a   Data           2  main.o(.data..L_MergedGlobals)
    step_delay                               0x2000004c   Data           2  main.o(.data..L_MergedGlobals)
    gate_drive_offset                        0x2000004e   Data           2  main.o(.data..L_MergedGlobals)
    commutation_interval                     0x20000050   Data           2  main.o(.data..L_MergedGlobals)
    MAXIMUM_RPM_SPEED_CONTROL                0x20000054   Data           4  main.o(.data..L_MergedGlobals)
    MINIMUM_RPM_SPEED_CONTROL                0x20000058   Data           4  main.o(.data..L_MergedGlobals)
    buffersize                               0x2000005c   Data           1  signal.o(.data..L_MergedGlobals)
    smallestnumber                           0x2000005e   Data           2  signal.o(.data..L_MergedGlobals)
    active_COMP                              0x20000060   Data           4  comparator.o(.data..L_MergedGlobals)
    current_EXTI_LINE                        0x20000064   Data           4  comparator.o(.data..L_MergedGlobals)
    FLASH_FKEY1                              0x20000068   Data           4  eeprom.o(.data..L_MergedGlobals)
    FLASH_FKEY2                              0x2000006c   Data           4  eeprom.o(.data..L_MergedGlobals)
    speedPid                                 0x20000070   Data          40  main.o(.data..L_MergedGlobals.1)
    currentPid                               0x20000098   Data          40  main.o(.data..L_MergedGlobals.1)
    stallPid                                 0x200000c0   Data          40  main.o(.data..L_MergedGlobals.1)
    SystemCoreClock                          0x200000e8   Data           4  system_stm32g4xx.o(.data.SystemCoreClock)
    buffer_padding                           0x200000ec   Data           1  io.o(.data.buffer_padding)
    dshot_frametime_high                     0x200000ee   Data           2  signal.o(.data.dshot_frametime_high)
    ic_timer_prescaler                       0x200000f0   Data           1  io.o(.data.ic_timer_prescaler)
    max_servo_deviation                      0x200000f4   Data           4  signal.o(.data.max_servo_deviation)
    pwmSin                                   0x200000f8   Data         720  main.o(.data.pwmSin)
    __libspace_start                         0x200003c8   Data          96  libspace.o(.bss)
    EDT_ARM_ENABLE                           0x20000428   Data           1  dshot.o(.bss..L_MergedGlobals)
    __temporary_stack_top$libspace           0x20000428   Data           0  libspace.o(.bss)
    EDT_ARMED                                0x20000429   Data           1  dshot.o(.bss..L_MergedGlobals)
    command_count                            0x2000042a   Data           1  dshot.o(.bss..L_MergedGlobals)
    last_command                             0x2000042b   Data           1  dshot.o(.bss..L_MergedGlobals)
    high_pin_count                           0x2000042c   Data           1  dshot.o(.bss..L_MergedGlobals)
    dshot_extended_telemetry                 0x2000042d   Data           1  dshot.o(.bss..L_MergedGlobals)
    send_extended_dshot                      0x2000042e   Data           2  dshot.o(.bss..L_MergedGlobals)
    halfpulsetime                            0x20000430   Data           2  dshot.o(.bss..L_MergedGlobals)
    dshot_frametime                          0x20000432   Data           2  dshot.o(.bss..L_MergedGlobals)
    dshot_goodcounts                         0x20000434   Data           2  dshot.o(.bss..L_MergedGlobals)
    dshot_badcounts                          0x20000436   Data           2  dshot.o(.bss..L_MergedGlobals)
    shift_amount                             0x20000438   Data           4  dshot.o(.bss..L_MergedGlobals)
    dshot_full_number                        0x2000043c   Data           4  dshot.o(.bss..L_MergedGlobals)
    gcrnumber                                0x20000440   Data           4  dshot.o(.bss..L_MergedGlobals)
    dpulse                                   0x20000444   Data          64  dshot.o(.bss..L_MergedGlobals)
    out_put                                  0x20000484   Data           1  io.o(.bss..L_MergedGlobals)
    event_time                               0x20000486   Data           2  io.o(.bss..L_MergedGlobals)
    enter_calibration_count                  0x20000488   Data           1  signal.o(.bss..L_MergedGlobals.1)
    calibration_required                     0x20000489   Data           1  signal.o(.bss..L_MergedGlobals.1)
    high_calibration_counts                  0x2000048a   Data           1  signal.o(.bss..L_MergedGlobals.1)
    high_calibration_set                     0x2000048b   Data           1  signal.o(.bss..L_MergedGlobals.1)
    low_calibration_counts                   0x2000048c   Data           1  signal.o(.bss..L_MergedGlobals.1)
    average_count                            0x2000048d   Data           1  signal.o(.bss..L_MergedGlobals.1)
    output_timer_prescaler                   0x2000048e   Data           1  signal.o(.bss..L_MergedGlobals.1)
    last_high_threshold                      0x20000490   Data           2  signal.o(.bss..L_MergedGlobals.1)
    last_input                               0x20000492   Data           2  signal.o(.bss..L_MergedGlobals.1)
    dshot_frametime_low                      0x20000494   Data           2  signal.o(.bss..L_MergedGlobals.1)
    servorawinput                            0x20000498   Data           4  signal.o(.bss..L_MergedGlobals.1)
    average_packet_length                    0x2000049c   Data           4  signal.o(.bss..L_MergedGlobals.1)
    average_signal_pulse                     0x200004a0   Data           4  signal.o(.bss..L_MergedGlobals.1)
    drive_by_rpm                             0x200004a4   Data           1  main.o(.bss..L_MergedGlobals.2)
    compute_dshot_flag                       0x200004a5   Data           1  main.o(.bss..L_MergedGlobals.2)
    dir_reversed                             0x200004a6   Data           1  main.o(.bss..L_MergedGlobals.2)
    bi_direction                             0x200004a7   Data           1  main.o(.bss..L_MergedGlobals.2)
    brake_on_stop                            0x200004a8   Data           1  main.o(.bss..L_MergedGlobals.2)
    stall_protection                         0x200004a9   Data           1  main.o(.bss..L_MergedGlobals.2)
    use_sin_start                            0x200004aa   Data           1  main.o(.bss..L_MergedGlobals.2)
    TLM_ON_INTERVAL                          0x200004ab   Data           1  main.o(.bss..L_MergedGlobals.2)
    USE_HALL_SENSOR                          0x200004ac   Data           1  main.o(.bss..L_MergedGlobals.2)
    do_once_sinemode                         0x200004ad   Data           1  main.o(.bss..L_MergedGlobals.2)
    LOW_VOLTAGE_CUTOFF                       0x200004ae   Data           1  main.o(.bss..L_MergedGlobals.2)
    RC_CAR_REVERSE                           0x200004af   Data           1  main.o(.bss..L_MergedGlobals.2)
    return_to_center                         0x200004b0   Data           1  main.o(.bss..L_MergedGlobals.2)
    use_speed_control_loop                   0x200004b1   Data           1  main.o(.bss..L_MergedGlobals.2)
    use_current_limit                        0x200004b2   Data           1  main.o(.bss..L_MergedGlobals.2)
    desync_happened                          0x200004b3   Data           1  main.o(.bss..L_MergedGlobals.2)
    crawler_mode                             0x200004b4   Data           1  main.o(.bss..L_MergedGlobals.2)
    cell_count                               0x200004b5   Data           1  main.o(.bss..L_MergedGlobals.2)
    brushed_direction_set                    0x200004b6   Data           1  main.o(.bss..L_MergedGlobals.2)
    play_tone_flag                           0x200004b7   Data           1  main.o(.bss..L_MergedGlobals.2)
    desync_check                             0x200004b8   Data           1  main.o(.bss..L_MergedGlobals.2)
    adc_counter                              0x200004b9   Data           1  main.o(.bss..L_MergedGlobals.2)
    send_telemetry                           0x200004ba   Data           1  main.o(.bss..L_MergedGlobals.2)
    prop_brake_active                        0x200004bb   Data           1  main.o(.bss..L_MergedGlobals.2)
    dshot_telemetry                          0x200004bc   Data           1  main.o(.bss..L_MergedGlobals.2)
    readIndex                                0x200004bd   Data           1  main.o(.bss..L_MergedGlobals.2)
    bemf_timeout_happened                    0x200004be   Data           1  main.o(.bss..L_MergedGlobals.2)
    running                                  0x200004bf   Data           1  main.o(.bss..L_MergedGlobals.2)
    stepper_sine                             0x200004c0   Data           1  main.o(.bss..L_MergedGlobals.2)
    stuckcounter                             0x200004c1   Data           1  main.o(.bss..L_MergedGlobals.2)
    bad_count                                0x200004c2   Data           1  main.o(.bss..L_MergedGlobals.2)
    armed                                    0x200004c3   Data           1  main.o(.bss..L_MergedGlobals.2)
    inputSet                                 0x200004c4   Data           1  main.o(.bss..L_MergedGlobals.2)
    dshot                                    0x200004c5   Data           1  main.o(.bss..L_MergedGlobals.2)
    servoPwm                                 0x200004c6   Data           1  main.o(.bss..L_MergedGlobals.2)
    zcfound                                  0x200004c7   Data           1  main.o(.bss..L_MergedGlobals.2)
    bemfcounter                              0x200004c8   Data           1  main.o(.bss..L_MergedGlobals.2)
    EEPROM_VERSION                           0x200004c9   Data           1  main.o(.bss..L_MergedGlobals.2)
    degrees_celsius                          0x200004ca   Data           1  main.o(.bss..L_MergedGlobals.2)
    ledcounter                               0x200004cc   Data           2  main.o(.bss..L_MergedGlobals.2)
    one_khz_loop_counter                     0x200004ce   Data           2  main.o(.bss..L_MergedGlobals.2)
    target_e_com_time                        0x200004d0   Data           2  main.o(.bss..L_MergedGlobals.2)
    low_voltage_count                        0x200004d2   Data           2  main.o(.bss..L_MergedGlobals.2)
    tenkhzcounter                            0x200004d4   Data           2  main.o(.bss..L_MergedGlobals.2)
    actual_current                           0x200004d6   Data           2  main.o(.bss..L_MergedGlobals.2)
    last_duty_cycle                          0x200004d8   Data           2  main.o(.bss..L_MergedGlobals.2)
    duty_cycle_setpoint                      0x200004da   Data           2  main.o(.bss..L_MergedGlobals.2)
    adjusted_input                           0x200004dc   Data           2  main.o(.bss..L_MergedGlobals.2)
    smoothedcurrent                          0x200004de   Data           2  main.o(.bss..L_MergedGlobals.2)
    advance                                  0x200004e0   Data           2  main.o(.bss..L_MergedGlobals.2)
    zero_input_count                         0x200004e2   Data           2  main.o(.bss..L_MergedGlobals.2)
    input                                    0x200004e4   Data           2  main.o(.bss..L_MergedGlobals.2)
    newinput                                 0x200004e6   Data           2  main.o(.bss..L_MergedGlobals.2)
    duty_cycle                               0x200004e8   Data           2  main.o(.bss..L_MergedGlobals.2)
    waitTime                                 0x200004ea   Data           2  main.o(.bss..L_MergedGlobals.2)
    signaltimeout                            0x200004ec   Data           2  main.o(.bss..L_MergedGlobals.2)
    ADC_raw_current                          0x200004ee   Data           2  main.o(.bss..L_MergedGlobals.2)
    thiszctime                               0x200004f0   Data           2  main.o(.bss..L_MergedGlobals.2)
    phase_A_position                         0x200004f2   Data           2  main.o(.bss..L_MergedGlobals.2)
    phase_B_position                         0x200004f4   Data           2  main.o(.bss..L_MergedGlobals.2)
    phase_C_position                         0x200004f6   Data           2  main.o(.bss..L_MergedGlobals.2)
    armed_timeout_count                      0x200004f8   Data           2  main.o(.bss..L_MergedGlobals.2)
    battery_voltage                          0x200004fa   Data           2  main.o(.bss..L_MergedGlobals.2)
    telem_ms_count                           0x200004fc   Data           2  main.o(.bss..L_MergedGlobals.2)
    adjusted_duty_cycle                      0x200004fe   Data           2  main.o(.bss..L_MergedGlobals.2)
    converted_degrees                        0x20000500   Data           2  main.o(.bss..L_MergedGlobals.2)
    ADC_raw_volts                            0x20000502   Data           2  main.o(.bss..L_MergedGlobals.2)
    e_rpm                                    0x20000504   Data           2  main.o(.bss..L_MergedGlobals.2)
    k_erpm                                   0x20000506   Data           2  main.o(.bss..L_MergedGlobals.2)
    input_override                           0x20000508   Data           4  main.o(.bss..L_MergedGlobals.2)
    stall_protection_adjust                  0x2000050c   Data           4  main.o(.bss..L_MergedGlobals.2)
    consumed_current                         0x20000510   Data           4  main.o(.bss..L_MergedGlobals.2)
    smoothed_raw_current                     0x20000514   Data           4  main.o(.bss..L_MergedGlobals.2)
    average_interval                         0x20000518   Data           4  main.o(.bss..L_MergedGlobals.2)
    total                                    0x2000051c   Data           4  main.o(.bss..L_MergedGlobals.2)
    zero_crosses                             0x20000520   Data           4  main.o(.bss..L_MergedGlobals.3)
    e_com_time                               0x20000524   Data           4  main.o(.bss..L_MergedGlobals.3)
    last_average_interval                    0x20000528   Data           4  main.o(.bss..L_MergedGlobals.3)
    commutation_intervals                    0x2000052c   Data          12  main.o(.bss..L_MergedGlobals.3)
    beep_volume                              0x20000538   Data           1  sounds.o(.bss.beep_volume)
    dma_buffer                               0x2000053c   Data         256  io.o(.bss.dma_buffer)
    dshotcommand                             0x2000063c   Data           1  main.o(.bss.dshotcommand)
    eepromBuffer                             0x2000063d   Data         176  main.o(.bss.eepromBuffer)
    gcr                                      0x200006f0   Data         148  dshot.o(.bss.gcr)
    interrupt                                0x20000784   Data           4  stm32g4xx_it.o(.bss.interrupt)
    last_dshot_command                       0x20000788   Data           1  main.o(.bss.last_dshot_command)
    readings                                 0x2000078a   Data         200  main.o(.bss.readings)



==============================================================================

Memory Map of the image

  Image Entry point : 0x080011d9

  Load Region LR_IROM1 (Base: 0x08001000, Size: 0x00005438, Max: 0x00020000, ABSOLUTE, COMPRESSED[0x00005368])

    Execution Region ER_IROM1 (Exec base: 0x08001000, Load base: 0x08001000, Size: 0x0000506c, Max: 0x00020000, ABSOLUTE)

    Exec Addr    Load Addr    Size         Type   Attr      Idx    E Section Name        Object

    0x08001000   0x08001000   0x000001d8   Data   RO            3    RESET               startup_stm32g431xx.o
    0x080011d8   0x080011d8   0x00000008   Code   RO          801  * !!!main             c_w.l(__main.o)
    0x080011e0   0x080011e0   0x00000034   Code   RO          978    !!!scatter          c_w.l(__scatter.o)
    0x08001214   0x08001214   0x0000005a   Code   RO          976    !!dczerorl2         c_w.l(__dczerorl2.o)
    0x0800126e   0x0800126e   0x00000002   PAD
    0x08001270   0x08001270   0x0000001c   Code   RO          980    !!handler_zi        c_w.l(__scatter_zi.o)
    0x0800128c   0x0800128c   0x00000002   Code   RO          838    .ARM.Collect$$libinit$$00000000  c_w.l(libinit.o)
    0x0800128e   0x0800128e   0x00000004   Code   RO          850    .ARM.Collect$$libinit$$00000001  c_w.l(libinit2.o)
    0x08001292   0x08001292   0x00000000   Code   RO          853    .ARM.Collect$$libinit$$00000004  c_w.l(libinit2.o)
    0x08001292   0x08001292   0x00000000   Code   RO          855    .ARM.Collect$$libinit$$00000006  c_w.l(libinit2.o)
    0x08001292   0x08001292   0x00000000   Code   RO          858    .ARM.Collect$$libinit$$0000000C  c_w.l(libinit2.o)
    0x08001292   0x08001292   0x00000000   Code   RO          860    .ARM.Collect$$libinit$$0000000E  c_w.l(libinit2.o)
    0x08001292   0x08001292   0x00000000   Code   RO          862    .ARM.Collect$$libinit$$00000010  c_w.l(libinit2.o)
    0x08001292   0x08001292   0x00000000   Code   RO          865    .ARM.Collect$$libinit$$00000013  c_w.l(libinit2.o)
    0x08001292   0x08001292   0x00000000   Code   RO          867    .ARM.Collect$$libinit$$00000015  c_w.l(libinit2.o)
    0x08001292   0x08001292   0x00000000   Code   RO          869    .ARM.Collect$$libinit$$00000017  c_w.l(libinit2.o)
    0x08001292   0x08001292   0x00000000   Code   RO          871    .ARM.Collect$$libinit$$00000019  c_w.l(libinit2.o)
    0x08001292   0x08001292   0x00000000   Code   RO          873    .ARM.Collect$$libinit$$0000001B  c_w.l(libinit2.o)
    0x08001292   0x08001292   0x00000000   Code   RO          875    .ARM.Collect$$libinit$$0000001D  c_w.l(libinit2.o)
    0x08001292   0x08001292   0x00000000   Code   RO          877    .ARM.Collect$$libinit$$0000001F  c_w.l(libinit2.o)
    0x08001292   0x08001292   0x00000000   Code   RO          879    .ARM.Collect$$libinit$$00000021  c_w.l(libinit2.o)
    0x08001292   0x08001292   0x00000000   Code   RO          881    .ARM.Collect$$libinit$$00000023  c_w.l(libinit2.o)
    0x08001292   0x08001292   0x00000000   Code   RO          883    .ARM.Collect$$libinit$$00000025  c_w.l(libinit2.o)
    0x08001292   0x08001292   0x00000000   Code   RO          885    .ARM.Collect$$libinit$$00000027  c_w.l(libinit2.o)
    0x08001292   0x08001292   0x00000000   Code   RO          889    .ARM.Collect$$libinit$$0000002E  c_w.l(libinit2.o)
    0x08001292   0x08001292   0x00000000   Code   RO          891    .ARM.Collect$$libinit$$00000030  c_w.l(libinit2.o)
    0x08001292   0x08001292   0x00000000   Code   RO          893    .ARM.Collect$$libinit$$00000032  c_w.l(libinit2.o)
    0x08001292   0x08001292   0x00000000   Code   RO          895    .ARM.Collect$$libinit$$00000034  c_w.l(libinit2.o)
    0x08001292   0x08001292   0x00000002   Code   RO          896    .ARM.Collect$$libinit$$00000035  c_w.l(libinit2.o)
    0x08001294   0x08001294   0x00000002   Code   RO          931    .ARM.Collect$$libshutdown$$00000000  c_w.l(libshutdown.o)
    0x08001296   0x08001296   0x00000000   Code   RO          959    .ARM.Collect$$libshutdown$$00000002  c_w.l(libshutdown2.o)
    0x08001296   0x08001296   0x00000000   Code   RO          961    .ARM.Collect$$libshutdown$$00000004  c_w.l(libshutdown2.o)
    0x08001296   0x08001296   0x00000000   Code   RO          964    .ARM.Collect$$libshutdown$$00000007  c_w.l(libshutdown2.o)
    0x08001296   0x08001296   0x00000000   Code   RO          967    .ARM.Collect$$libshutdown$$0000000A  c_w.l(libshutdown2.o)
    0x08001296   0x08001296   0x00000000   Code   RO          969    .ARM.Collect$$libshutdown$$0000000C  c_w.l(libshutdown2.o)
    0x08001296   0x08001296   0x00000000   Code   RO          972    .ARM.Collect$$libshutdown$$0000000F  c_w.l(libshutdown2.o)
    0x08001296   0x08001296   0x00000002   Code   RO          973    .ARM.Collect$$libshutdown$$00000010  c_w.l(libshutdown2.o)
    0x08001298   0x08001298   0x00000000   Code   RO          803    .ARM.Collect$$rtentry$$00000000  c_w.l(__rtentry.o)
    0x08001298   0x08001298   0x00000000   Code   RO          809    .ARM.Collect$$rtentry$$00000002  c_w.l(__rtentry2.o)
    0x08001298   0x08001298   0x00000006   Code   RO          821    .ARM.Collect$$rtentry$$00000004  c_w.l(__rtentry4.o)
    0x0800129e   0x0800129e   0x00000000   Code   RO          811    .ARM.Collect$$rtentry$$00000009  c_w.l(__rtentry2.o)
    0x0800129e   0x0800129e   0x00000004   Code   RO          812    .ARM.Collect$$rtentry$$0000000A  c_w.l(__rtentry2.o)
    0x080012a2   0x080012a2   0x00000000   Code   RO          814    .ARM.Collect$$rtentry$$0000000C  c_w.l(__rtentry2.o)
    0x080012a2   0x080012a2   0x00000008   Code   RO          815    .ARM.Collect$$rtentry$$0000000D  c_w.l(__rtentry2.o)
    0x080012aa   0x080012aa   0x00000002   Code   RO          842    .ARM.Collect$$rtexit$$00000000  c_w.l(rtexit.o)
    0x080012ac   0x080012ac   0x00000000   Code   RO          902    .ARM.Collect$$rtexit$$00000002  c_w.l(rtexit2.o)
    0x080012ac   0x080012ac   0x00000004   Code   RO          903    .ARM.Collect$$rtexit$$00000003  c_w.l(rtexit2.o)
    0x080012b0   0x080012b0   0x00000006   Code   RO          904    .ARM.Collect$$rtexit$$00000004  c_w.l(rtexit2.o)
    0x080012b6   0x080012b6   0x00000002   PAD
    0x080012b8   0x080012b8   0x00000040   Code   RO            4    .text               startup_stm32g431xx.o
    0x080012f8   0x080012f8   0x0000004e   Code   RO          797    .text               c_w.l(rt_memclr_w.o)
    0x08001346   0x08001346   0x00000006   Code   RO          799    .text               c_w.l(heapauxi.o)
    0x0800134c   0x0800134c   0x0000004a   Code   RO          825    .text               c_w.l(sys_stackheap_outer.o)
    0x08001396   0x08001396   0x00000012   Code   RO          827    .text               c_w.l(exit.o)
    0x080013a8   0x080013a8   0x00000008   Code   RO          839    .text               c_w.l(libspace.o)
    0x080013b0   0x080013b0   0x0000000c   Code   RO          897    .text               c_w.l(sys_exit.o)
    0x080013bc   0x080013bc   0x00000002   Code   RO          920    .text               c_w.l(use_no_semi.o)
    0x080013be   0x080013be   0x00000000   Code   RO          922    .text               c_w.l(indicate_semi.o)
    0x080013be   0x080013be   0x00000002   PAD
    0x080013c0   0x080013c0   0x00000002   Code   RO          745    .text.BusFault_Handler  stm32g4xx_it.o
    0x080013c2   0x080013c2   0x00000002   PAD
    0x080013c4   0x080013c4   0x0000003a   Code   RO          759    .text.COMP1_2_3_IRQHandler  stm32g4xx_it.o
    0x080013fe   0x080013fe   0x00000002   PAD
    0x08001400   0x08001400   0x000000be   Code   RO          757    .text.DMA1_Channel1_IRQHandler  stm32g4xx_it.o
    0x080014be   0x080014be   0x00000002   PAD
    0x080014c0   0x080014c0   0x00000002   Code   RO          751    .text.DebugMon_Handler  stm32g4xx_it.o
    0x080014c2   0x080014c2   0x00000002   PAD
    0x080014c4   0x080014c4   0x00000012   Code   RO          765    .text.EXTI15_10_IRQHandler  stm32g4xx_it.o
    0x080014d6   0x080014d6   0x00000002   PAD
    0x080014d8   0x080014d8   0x00000002   Code   RO          741    .text.HardFault_Handler  stm32g4xx_it.o
    0x080014da   0x080014da   0x00000002   PAD
    0x080014dc   0x080014dc   0x00000038   Code   RO           41    .text.LL_COMP_Init  stm32g4xx_ll_comp.o
    0x08001514   0x08001514   0x000000e2   Code   RO          136    .text.LL_GPIO_Init  stm32g4xx_ll_gpio.o
    0x080015f6   0x080015f6   0x00000002   PAD
    0x080015f8   0x080015f8   0x00000028   Code   RO          388    .text.LL_Init1msTick  stm32g4xx_ll_utils.o
    0x08001620   0x08001620   0x0000000c   Code   RO          392    .text.LL_SetSystemCoreClock  stm32g4xx_ll_utils.o
    0x0800162c   0x0800162c   0x0000009c   Code   RO          346    .text.LL_TIM_BDTR_Init  stm32g4xx_ll_tim.o
    0x080016c8   0x080016c8   0x00000102   Code   RO          326    .text.LL_TIM_Init   stm32g4xx_ll_tim.o
    0x080017ca   0x080017ca   0x00000002   PAD
    0x080017cc   0x080017cc   0x0000036c   Code   RO          330    .text.LL_TIM_OC_Init  stm32g4xx_ll_tim.o
    0x08001b38   0x08001b38   0x000000ce   Code   RO          666    .text.MX_COMP1_Init  peripherals.o
    0x08001c06   0x08001c06   0x00000002   PAD
    0x08001c08   0x08001c08   0x000000e2   Code   RO          658    .text.MX_COMP2_Init  peripherals.o
    0x08001cea   0x08001cea   0x00000002   PAD
    0x08001cec   0x08001cec   0x00000050   Code   RO          676    .text.MX_IWDG_Init  peripherals.o
    0x08001d3c   0x08001d3c   0x00000112   Code   RO          672    .text.MX_TIM15_Init  peripherals.o
    0x08001e4e   0x08001e4e   0x00000002   PAD
    0x08001e50   0x08001e50   0x000001f6   Code   RO          660    .text.MX_TIM1_Init  peripherals.o
    0x08002046   0x08002046   0x00000002   PAD
    0x08002048   0x08002048   0x00000002   Code   RO          743    .text.MemManage_Handler  stm32g4xx_it.o
    0x0800204a   0x0800204a   0x00000002   PAD
    0x0800204c   0x0800204c   0x00000002   Code   RO          739    .text.NMI_Handler   stm32g4xx_it.o
    0x0800204e   0x0800204e   0x00000002   PAD
    0x08002050   0x08002050   0x00000002   Code   RO          753    .text.PendSV_Handler  stm32g4xx_it.o
    0x08002052   0x08002052   0x00000002   PAD
    0x08002054   0x08002054   0x000000e4   Code   RO          460    .text.PeriodElapsedCallback  main.o
    0x08002138   0x08002138   0x00000002   Code   RO          749    .text.SVC_Handler   stm32g4xx_it.o
    0x0800213a   0x0800213a   0x00000002   PAD
    0x0800213c   0x0800213c   0x00000002   Code   RO          755    .text.SysTick_Handler  stm32g4xx_it.o
    0x0800213e   0x0800213e   0x00000002   PAD
    0x08002140   0x08002140   0x000001ac   Code   RO          652    .text.SystemClock_Config  peripherals.o
    0x080022ec   0x080022ec   0x00000012   Code   RO          776    .text.SystemInit    system_stm32g4xx.o
    0x080022fe   0x080022fe   0x00000002   PAD
    0x08002300   0x08002300   0x00000016   Code   RO          763    .text.TIM1_UP_TIM16_IRQHandler  stm32g4xx_it.o
    0x08002316   0x08002316   0x00000002   PAD
    0x08002318   0x08002318   0x0000001a   Code   RO          761    .text.TIM6_DAC_IRQHandler  stm32g4xx_it.o
    0x08002332   0x08002332   0x00000002   PAD
    0x08002334   0x08002334   0x00000002   Code   RO          747    .text.UsageFault_Handler  stm32g4xx_it.o
    0x08002336   0x08002336   0x00000002   PAD
    0x08002338   0x08002338   0x0000002a   Code   RO          478    .text.__NVIC_SystemReset  main.o
    0x08002362   0x08002362   0x00000002   PAD
    0x08002364   0x08002364   0x00000066   Code   RO          718    .text.allOff        phaseouts.o
    0x080023ca   0x080023ca   0x00000002   PAD
    0x080023cc   0x080023cc   0x000000ae   Code   RO          724    .text.allpwm        phaseouts.o
    0x0800247a   0x0800247a   0x00000002   PAD
    0x0800247c   0x0800247c   0x000000de   Code   RO          599    .text.changeCompInput  comparator.o
    0x0800255a   0x0800255a   0x00000002   PAD
    0x0800255c   0x0800255c   0x00000300   Code   RO          720    .text.comStep       phaseouts.o
    0x0800285c   0x0800285c   0x000004c8   Code   RO          410    .text.computeDshotDMA  dshot.o
    0x08002d24   0x08002d24   0x000001e0   Code   RO          533    .text.computeServoInput  signal.o
    0x08002f04   0x08002f04   0x0000002c   Code   RO          436    .text.delayMicros   functions.o
    0x08002f30   0x08002f30   0x0000004e   Code   RO          438    .text.delayMillis   functions.o
    0x08002f7e   0x08002f7e   0x00000002   PAD
    0x08002f80   0x08002f80   0x00000238   Code   RO          541    .text.detectInput   signal.o
    0x080031b8   0x080031b8   0x0000001a   Code   RO          597    .text.enableCompInterrupts  comparator.o
    0x080031d2   0x080031d2   0x00000002   PAD
    0x080031d4   0x080031d4   0x00000128   Code   RO          688    .text.enableCorePeripherals  peripherals.o
    0x080032fc   0x080032fc   0x00000010   Code   RO          635    .text.enableHalfTransferInt  io.o
    0x0800330c   0x0800330c   0x00000068   Code   RO          722    .text.fullBrake     phaseouts.o
    0x08003374   0x08003374   0x00000012   Code   RO          684    .text.generatePwmTimerEvent  peripherals.o
    0x08003386   0x08003386   0x00000002   PAD
    0x08003388   0x08003388   0x00000008   Code   RO          434    .text.getAbsDif     functions.o
    0x08003390   0x08003390   0x00000012   Code   RO          593    .text.getCompOutputLevel  comparator.o
    0x080033a2   0x080033a2   0x00000002   PAD
    0x080033a4   0x080033a4   0x0000000e   Code   RO          627    .text.getInputPinState  io.o
    0x080033b2   0x080033b2   0x00000002   PAD
    0x080033b4   0x080033b4   0x00000016   Code   RO          674    .text.initAfterJump  peripherals.o
    0x080033ca   0x080033ca   0x00000002   PAD
    0x080033cc   0x080033cc   0x0000024a   Code   RO          650    .text.initCorePeripherals  peripherals.o
    0x08003616   0x08003616   0x00000002   PAD
    0x08003618   0x08003618   0x000000f0   Code   RO          462    .text.interruptRoutine  main.o
    0x08003708   0x08003708   0x00000346   Code   RO          450    .text.loadEEpromSettings  main.o
    0x08003a4e   0x08003a4e   0x00000002   PAD
    0x08003a50   0x08003a50   0x00000bd4   Code   RO          476    .text.main          main.o
    0x08004624   0x08004624   0x000001e4   Code   RO          412    .text.make_dshot_package  dshot.o
    0x08004808   0x08004808   0x00000050   Code   RO          432    .text.map           functions.o
    0x08004858   0x08004858   0x00000026   Code   RO          595    .text.maskPhaseInterrupts  comparator.o
    0x0800487e   0x0800487e   0x00000002   PAD
    0x08004880   0x08004880   0x00000094   Code   RO          581    .text.playBeaconTune3  sounds.o
    0x08004914   0x08004914   0x00000136   Code   RO          565    .text.playBlueJayTune  sounds.o
    0x08004a4a   0x08004a4a   0x00000002   PAD
    0x08004a4c   0x08004a4c   0x00000068   Code   RO          579    .text.playChangedTone  sounds.o
    0x08004ab4   0x08004ab4   0x00000068   Code   RO          577    .text.playDefaultTone  sounds.o
    0x08004b1c   0x08004b1c   0x00000076   Code   RO          575    .text.playInputTune  sounds.o
    0x08004b92   0x08004b92   0x00000002   PAD
    0x08004b94   0x08004b94   0x00000078   Code   RO          573    .text.playInputTune2  sounds.o
    0x08004c0c   0x08004c0c   0x00000088   Code   RO          567    .text.playStartupTune  sounds.o
    0x08004c94   0x08004c94   0x00000038   Code   RO          472    .text.processDshot  main.o
    0x08004ccc   0x08004ccc   0x00000062   Code   RO          698    .text.proportionalBrake  phaseouts.o
    0x08004d2e   0x08004d2e   0x00000002   PAD
    0x08004d30   0x08004d30   0x00000062   Code   RO          612    .text.read_flash_bin  eeprom.o
    0x08004d92   0x08004d92   0x00000002   PAD
    0x08004d94   0x08004d94   0x000000a2   Code   RO          623    .text.receiveDshotDma  io.o
    0x08004e36   0x08004e36   0x00000002   PAD
    0x08004e38   0x08004e38   0x00000010   Code   RO          686    .text.resetInputCaptureTimer  peripherals.o
    0x08004e48   0x08004e48   0x00000084   Code   RO          452    .text.saveEEpromSettings  main.o
    0x08004ecc   0x08004ecc   0x000001f6   Code   RO          610    .text.save_flash_nolib  eeprom.o
    0x080050c2   0x080050c2   0x00000002   PAD
    0x080050c4   0x080050c4   0x000000c0   Code   RO          625    .text.sendDshotDma  io.o
    0x08005184   0x08005184   0x00000668   Code   RO          466    .text.setInput      main.o
    0x080057ec   0x080057ec   0x00000012   Code   RO          629    .text.setInputPolarityRising  io.o
    0x080057fe   0x080057fe   0x00000002   PAD
    0x08005800   0x08005800   0x0000000c   Code   RO          678    .text.setPWMCompare1  peripherals.o
    0x0800580c   0x0800580c   0x0000000c   Code   RO          680    .text.setPWMCompare2  peripherals.o
    0x08005818   0x08005818   0x0000000c   Code   RO          682    .text.setPWMCompare3  peripherals.o
    0x08005824   0x08005824   0x00000014   Code   RO          557    .text.setVolume     sounds.o
    0x08005838   0x08005838   0x000000b8   Code   RO          464    .text.startMotor    main.o
    0x080058f0   0x080058f0   0x00000494   Code   RO          468    .text.tenKhzRoutine  main.o
    0x08005d84   0x08005d84   0x00000184   Code   RO          535    .text.transfercomplete  signal.o
    0x08005f08   0x08005f08   0x0000011a   Code   RO          470    .text.zcfoundroutine  main.o
    0x08006022   0x08006022   0x0000001a   Code   RO          914    x$fpl$fpinit        fz_wm.l(fpinit.o)
    0x0800603c   0x0800603c   0x00000010   Data   RO          414    .rodata.gcr_encode_table  dshot.o
    0x0800604c   0x0800604c   0x00000020   Data   RO          975    Region$$Table       anon$$obj.o


    Execution Region RW_IRAM1 (Exec base: 0x20000000, Load base: 0x08006070, Size: 0x00000e58, Max: 0x00008000, ABSOLUTE, COMPRESSED[0x000002f8])

    Exec Addr    Load Addr    Size         Type   Attr      Idx    E Section Name        Object

    0x20000000   COMPRESSED   0x0000005c   Data   RW          519    .data..L_MergedGlobals  main.o
    0x2000005c   COMPRESSED   0x00000004   Data   RW          545    .data..L_MergedGlobals  signal.o
    0x20000060   COMPRESSED   0x00000008   Data   RW          601    .data..L_MergedGlobals  comparator.o
    0x20000068   COMPRESSED   0x00000008   Data   RW          614    .data..L_MergedGlobals  eeprom.o
    0x20000070   COMPRESSED   0x00000078   Data   RW          520    .data..L_MergedGlobals.1  main.o
    0x200000e8   COMPRESSED   0x00000004   Data   RW          780    .data.SystemCoreClock  system_stm32g4xx.o
    0x200000ec   COMPRESSED   0x00000001   Data   RW          639    .data.buffer_padding  io.o
    0x200000ed   COMPRESSED   0x00000001   PAD
    0x200000ee   COMPRESSED   0x00000002   Data   RW          544    .data.dshot_frametime_high  signal.o
    0x200000f0   COMPRESSED   0x00000001   Data   RW          640    .data.ic_timer_prescaler  io.o
    0x200000f1   COMPRESSED   0x00000003   PAD
    0x200000f4   COMPRESSED   0x00000004   Data   RW          543    .data.max_servo_deviation  signal.o
    0x200000f8   COMPRESSED   0x000002d0   Data   RW          504    .data.pwmSin        main.o
    0x200003c8        -       0x00000060   Zero   RW          840    .bss                c_w.l(libspace.o)
    0x20000428        -       0x0000005c   Zero   RW          417    .bss..L_MergedGlobals  dshot.o
    0x20000484        -       0x00000004   Zero   RW          642    .bss..L_MergedGlobals  io.o
    0x20000488        -       0x0000001c   Zero   RW          546    .bss..L_MergedGlobals.1  signal.o
    0x200004a4        -       0x0000007c   Zero   RW          521    .bss..L_MergedGlobals.2  main.o
    0x20000520        -       0x00000018   Zero   RW          522    .bss..L_MergedGlobals.3  main.o
    0x20000538        -       0x00000001   Zero   RW          583    .bss.beep_volume    sounds.o
    0x20000539   COMPRESSED   0x00000003   PAD
    0x2000053c        -       0x00000100   Zero   RW          641    .bss.dma_buffer     io.o
    0x2000063c        -       0x00000001   Zero   RW          516    .bss.dshotcommand   main.o
    0x2000063d        -       0x000000b0   Zero   RW          501    .bss.eepromBuffer   main.o
    0x200006ed   COMPRESSED   0x00000003   PAD
    0x200006f0        -       0x00000094   Zero   RW          415    .bss.gcr            dshot.o
    0x20000784        -       0x00000004   Zero   RW          768    .bss.interrupt      stm32g4xx_it.o
    0x20000788        -       0x00000001   Zero   RW          502    .bss.last_dshot_command  main.o
    0x20000789   COMPRESSED   0x00000001   PAD
    0x2000078a        -       0x000000c8   Zero   RW          507    .bss.readings       main.o
    0x20000852   COMPRESSED   0x00000006   PAD
    0x20000858        -       0x00000200   Zero   RW            2    HEAP                startup_stm32g431xx.o
    0x20000a58        -       0x00000400   Zero   RW            1    STACK               startup_stm32g431xx.o



  Load Region LR_FIRMWAREVERSION (Base: 0x0800f7e0, Size: 0x00000020, Max: 0x00000020, ABSOLUTE)

    Execution Region FIRMWAREVERSION (Exec base: 0x0800f7e0, Load base: 0x0800f7e0, Size: 0x00000020, Max: 0x00000020, ABSOLUTE)

    Exec Addr    Load Addr    Size         Type   Attr      Idx    E Section Name        Object

    0x0800f7e0   0x0800f7e0   0x0000001e   Data   RO          426    .rodata.test        firmwareversion.o


==============================================================================

Image component sizes


      Code (inc. data)   RO Data    RW Data    ZI Data      Debug   Object Name

       304          0          0          8          0       2463   comparator.o
      1708         22         16          0        240       3855   dshot.o
       600          0          0          8          0       2745   eeprom.o
         0          0         30          0          0        399   firmwareversion.o
       210          0          0          0          0       2551   functions.o
       402          0          0          2        260       4863   io.o
      7842         42          0        932        526      22443   main.o
      2690          0          0          0          0      22225   peripherals.o
      1246          8          0          0          0       9075   phaseouts.o
      1436          0          0         10         28       3935   signal.o
      1060          0          0          0          1       5756   sounds.o
        64         26        472          0       1536        892   startup_stm32g431xx.o
       332          0          0          0          4       4505   stm32g4xx_it.o
        56          0          0          0          0       2047   stm32g4xx_ll_comp.o
       226          0          0          0          0       4024   stm32g4xx_ll_gpio.o
      1290          0          0          0          0      14049   stm32g4xx_ll_tim.o
        52          0          0          0          0      11797   stm32g4xx_ll_utils.o
        18          0          0          4          0       2818   system_stm32g4xx.o

    ----------------------------------------------------------------------
     19618         98        552        968       2608     120442   Object Totals
         0          0         32          0          0          0   (incl. Generated)
        82          0          2          4         13          0   (incl. Padding)

    ----------------------------------------------------------------------

      Code (inc. data)   RO Data    RW Data    ZI Data      Debug   Library Member Name

        90          0          0          0          0          0   __dczerorl2.o
         8          0          0          0          0         68   __main.o
         0          0          0          0          0          0   __rtentry.o
        12          0          0          0          0          0   __rtentry2.o
         6          0          0          0          0          0   __rtentry4.o
        52          8          0          0          0          0   __scatter.o
        28          0          0          0          0          0   __scatter_zi.o
        18          0          0          0          0         80   exit.o
         6          0          0          0          0        152   heapauxi.o
         0          0          0          0          0          0   indicate_semi.o
         2          0          0          0          0          0   libinit.o
         6          0          0          0          0          0   libinit2.o
         2          0          0          0          0          0   libshutdown.o
         2          0          0          0          0          0   libshutdown2.o
         8          4          0          0         96         68   libspace.o
        78          0          0          0          0         80   rt_memclr_w.o
         2          0          0          0          0          0   rtexit.o
        10          0          0          0          0          0   rtexit2.o
        12          4          0          0          0         68   sys_exit.o
        74          0          0          0          0         80   sys_stackheap_outer.o
         2          0          0          0          0         68   use_no_semi.o
        26          0          0          0          0        116   fpinit.o

    ----------------------------------------------------------------------
       450         16          0          0         96        780   Library Totals
         6          0          0          0          0          0   (incl. Padding)

    ----------------------------------------------------------------------

      Code (inc. data)   RO Data    RW Data    ZI Data      Debug   Library Name

       418         16          0          0         96        664   c_w.l
        26          0          0          0          0        116   fz_wm.l

    ----------------------------------------------------------------------
       450         16          0          0         96        780   Library Totals

    ----------------------------------------------------------------------

==============================================================================


      Code (inc. data)   RO Data    RW Data    ZI Data      Debug   

     20068        114        552        968       2704     120714   Grand Totals
     20068        114        552        760       2704     120714   ELF Image Totals (compressed)
     20068        114        552        760          0          0   ROM Totals

==============================================================================

    Total RO  Size (Code + RO Data)                20620 (  20.14kB)
    Total RW  Size (RW Data + ZI Data)              3672 (   3.59kB)
    Total ROM Size (Code + RO Data + RW Data)      21380 (  20.88kB)

==============================================================================

