<html>
<body>
<pre>
<h1>µVision Build Log</h1>
<h2>Tool Versions:</h2>
IDE-Version: µVision V5.38.0.0
Copyright (C) 2022 ARM Ltd and ARM Germany GmbH. All rights reserved.
License Information: P S, Home, LIC=----
 
Tool Versions:
Toolchain:       MDK-Lite  Version: 5.38.0.0
Toolchain Path:  C:\Keil_v5\ARM\ARMCLANG\Bin
C Compiler:      ArmClang.exe V6.19
Assembler:       Armasm.exe V6.19
Linker/Locator:  ArmLink.exe V6.19
Library Manager: ArmAr.exe V6.19
Hex Converter:   FromElf.exe V6.19
CPU DLL:         SARMCM3.DLL V5.38.0.0
Dialog DLL:      DCM.DLL V1.17.5.0
Target DLL:      STLink\ST-LINKIII-KEIL_SWO.dll V3.1.0.0
Dialog DLL:      TCM.DLL V1.56.4.0
 
<h2>Project:</h2>
G:\My Drive\AM32\MULTI_V3\AM32_MULTI_MCU\Keil_Projects\Am32F421.uvprojx
Project File Date:  01/20/2024

<h2>Output:</h2>
*** Using Compiler 'V6.19', folder: 'C:\Keil_v5\ARM\ARMCLANG\Bin'
Build Project 'Am32F421' - Target 'NEUTRON_4IN1_F421'
compiling dshot.c...
compiling firmwareversion.c...
compiling at32f421_crc.c...
compiling crsf.c...
compiling main.c...
compiling at32f421_crm.c...
compiling at32f421_dma.c...
compiling at32f421_debug.c...
compiling signal.c...
compiling sounds.c...
compiling at32f421_adc.c...
compiling at32f421_cmp.c...
compiling functions.c...
compiling at32f421_ertc.c...
compiling at32f421_exint.c...
compiling at32f421_gpio.c...
compiling at32f421_i2c.c...
compiling at32f421_flash.c...
compiling at32f421_pwc.c...
compiling at32f421_misc.c...
compiling at32f421_usart.c...
compiling at32f421_spi.c...
compiling at32f421_wdt.c...
compiling eeprom.c...
compiling IO.c...
compiling comparator.c...
compiling ADC.c...
compiling phaseouts.c...
compiling peripherals.c...
compiling serial_telemetry.c...
compiling at32f421_wwdt.c...
compiling system_at32f421.c...
compiling at32f421_scfg.c...
compiling WS2812.c...
compiling at32f421_it.c...
compiling at32f421_tmr.c...
linking...
Program Size: Code=26210 RO-data=550 RW-data=956 ZI-data=2860  
FromELF: creating hex file...
".\Objects\AM32_NEUTRON_4IN1_F421.axf" - 0 Error(s), 0 Warning(s).

<h2>Software Packages used:</h2>

Package Vendor: ArteryTek
                
                ArteryTek.AT32F421_DFP.2.0.5
                ArteryTek AT32F421 Series Device Support,Drivers

<h2>Collection of Component include folders:</h2>
  C:/KeilPacks/ArteryTek/AT32F421_DFP/2.0.5/Device/Include

<h2>Collection of Component Files used:</h2>
Build Time Elapsed:  00:00:10
</pre>
</body>
</html>
