Component: Arm Compiler for Embedded 6.19 Tool: armlink [5e73cb00]

==============================================================================

Section Cross References

    startup_stm32f051k8.o(RESET) refers to startup_stm32f051k8.o(STACK) for __initial_sp
    startup_stm32f051k8.o(RESET) refers to startup_stm32f051k8.o(.text) for Reset_Handler
    startup_stm32f051k8.o(RESET) refers to stm32f0xx_it.o(.text.NMI_Handler) for NMI_Handler
    startup_stm32f051k8.o(RESET) refers to stm32f0xx_it.o(.text.HardFault_Handler) for HardFault_Handler
    startup_stm32f051k8.o(RESET) refers to stm32f0xx_it.o(.text.SVC_Handler) for SVC_Handler
    startup_stm32f051k8.o(RESET) refers to stm32f0xx_it.o(.text.PendSV_Handler) for PendSV_Handler
    startup_stm32f051k8.o(RESET) refers to stm32f0xx_it.o(.text.SysTick_Handler) for SysTick_Handler
    startup_stm32f051k8.o(RESET) refers to stm32f0xx_it.o(.text.EXTI4_15_IRQHandler) for EXTI4_15_IRQHandler
    startup_stm32f051k8.o(RESET) refers to stm32f0xx_it.o(.text.DMA1_Channel1_IRQHandler) for DMA1_Channel1_IRQHandler
    startup_stm32f051k8.o(RESET) refers to stm32f0xx_it.o(.text.DMA1_Channel2_3_IRQHandler) for DMA1_Channel2_3_IRQHandler
    startup_stm32f051k8.o(RESET) refers to stm32f0xx_it.o(.text.DMA1_Channel4_5_IRQHandler) for DMA1_Channel4_5_IRQHandler
    startup_stm32f051k8.o(RESET) refers to stm32f0xx_it.o(.text.ADC1_COMP_IRQHandler) for ADC1_COMP_IRQHandler
    startup_stm32f051k8.o(RESET) refers to stm32f0xx_it.o(.text.TIM1_BRK_UP_TRG_COM_IRQHandler) for TIM1_BRK_UP_TRG_COM_IRQHandler
    startup_stm32f051k8.o(RESET) refers to stm32f0xx_it.o(.text.TIM3_IRQHandler) for TIM3_IRQHandler
    startup_stm32f051k8.o(RESET) refers to stm32f0xx_it.o(.text.TIM6_DAC_IRQHandler) for TIM6_DAC_IRQHandler
    startup_stm32f051k8.o(RESET) refers to stm32f0xx_it.o(.text.TIM14_IRQHandler) for TIM14_IRQHandler
    startup_stm32f051k8.o(RESET) refers to stm32f0xx_it.o(.text.TIM15_IRQHandler) for TIM15_IRQHandler
    startup_stm32f051k8.o(RESET) refers to stm32f0xx_it.o(.text.TIM16_IRQHandler) for TIM16_IRQHandler
    startup_stm32f051k8.o(RESET) refers to stm32f0xx_it.o(.text.USART1_IRQHandler) for USART1_IRQHandler
    startup_stm32f051k8.o(.text) refers to system_stm32f0xx.o(.text.SystemInit) for SystemInit
    startup_stm32f051k8.o(.text) refers to entry.o(.ARM.Collect$$$$00000000) for __main
    dshot.o(.text.computeDshotDMA) refers to io.o(.text.getInputPinState) for getInputPinState
    dshot.o(.text.computeDshotDMA) refers to main.o(.text.saveEEpromSettings) for saveEEpromSettings
    dshot.o(.text.computeDshotDMA) refers to io.o(.bss.dma_buffer) for dma_buffer
    dshot.o(.text.computeDshotDMA) refers to dshot.o(.bss..L_MergedGlobals) for [Anonymous Symbol]
    dshot.o(.text.computeDshotDMA) refers to signal.o(.data..L_MergedGlobals) for dshot_frametime_high
    dshot.o(.text.computeDshotDMA) refers to signal.o(.bss..L_MergedGlobals.1) for dshot_frametime_low
    dshot.o(.text.computeDshotDMA) refers to main.o(.bss..L_MergedGlobals.2) for dshot_telemetry
    dshot.o(.text.computeDshotDMA) refers to main.o(.bss.dshotcommand) for dshotcommand
    dshot.o(.text.computeDshotDMA) refers to main.o(.data..L_MergedGlobals) for forward
    dshot.o(.text.computeDshotDMA) refers to main.o(.bss.last_dshot_command) for last_dshot_command
    dshot.o(.ARM.exidx.text.computeDshotDMA) refers to dshot.o(.text.computeDshotDMA) for [Anonymous Symbol]
    dshot.o(.text.make_dshot_package) refers to dshot.o(.bss..L_MergedGlobals) for [Anonymous Symbol]
    dshot.o(.text.make_dshot_package) refers to main.o(.bss..L_MergedGlobals.2) for running
    dshot.o(.text.make_dshot_package) refers to io.o(.bss..L_MergedGlobals) for buffer_padding
    dshot.o(.text.make_dshot_package) refers to dshot.o(.bss.gcr) for gcr
    dshot.o(.text.make_dshot_package) refers to dshot.o(.rodata.gcr_encode_table) for gcr_encode_table
    dshot.o(.ARM.exidx.text.make_dshot_package) refers to dshot.o(.text.make_dshot_package) for [Anonymous Symbol]
    functions.o(.ARM.exidx.text.map) refers to functions.o(.text.map) for [Anonymous Symbol]
    functions.o(.ARM.exidx.text.getAbsDif) refers to functions.o(.text.getAbsDif) for [Anonymous Symbol]
    functions.o(.ARM.exidx.text.delayMicros) refers to functions.o(.text.delayMicros) for [Anonymous Symbol]
    functions.o(.ARM.exidx.text.delayMillis) refers to functions.o(.text.delayMillis) for [Anonymous Symbol]
    main.o(.text.doPidCalculations) refers to fflti.o(.text) for __aeabi_i2f
    main.o(.ARM.exidx.text.doPidCalculations) refers to main.o(.text.doPidCalculations) for [Anonymous Symbol]
    main.o(.text.loadEEpromSettings) refers to eeprom.o(.text.read_flash_bin) for read_flash_bin
    main.o(.text.loadEEpromSettings) refers to functions.o(.text.map) for map
    main.o(.text.loadEEpromSettings) refers to sounds.o(.text.setVolume) for setVolume
    main.o(.text.loadEEpromSettings) refers to uidiv_div0.o(.text) for __aeabi_uidiv
[...]
    __arm_cp.0_8                             0x080035a0   Number         4  peripherals.o(.text.initCorePeripherals)
    __arm_cp.0_9                             0x080035a4   Number         4  peripherals.o(.text.initCorePeripherals)
    [Anonymous Symbol]                       0x080035a8   Section        0  main.o(.text.interruptRoutine)
    __arm_cp.7_0                             0x08003680   Number         4  main.o(.text.interruptRoutine)
    __arm_cp.7_1                             0x08003684   Number         4  main.o(.text.interruptRoutine)
    __arm_cp.7_2                             0x08003688   Number         4  main.o(.text.interruptRoutine)
    __arm_cp.7_3                             0x0800368c   Number         4  main.o(.text.interruptRoutine)
    __arm_cp.7_4                             0x08003690   Number         4  main.o(.text.interruptRoutine)
    [Anonymous Symbol]                       0x08003694   Section        0  main.o(.text.loadEEpromSettings)
    __arm_cp.1_0                             0x08003a34   Number         4  main.o(.text.loadEEpromSettings)
    __arm_cp.1_1                             0x08003a38   Number         4  main.o(.text.loadEEpromSettings)
    __arm_cp.1_2                             0x08003a3c   Number         4  main.o(.text.loadEEpromSettings)
    __arm_cp.1_3                             0x08003a40   Number         4  main.o(.text.loadEEpromSettings)
    __arm_cp.1_4                             0x08003a44   Number         4  main.o(.text.loadEEpromSettings)
    __arm_cp.1_5                             0x08003a48   Number         4  main.o(.text.loadEEpromSettings)
    __arm_cp.1_6                             0x08003a4c   Number         4  main.o(.text.loadEEpromSettings)
    __arm_cp.1_7                             0x08003a50   Number         4  main.o(.text.loadEEpromSettings)
    __arm_cp.1_8                             0x08003a54   Number         4  main.o(.text.loadEEpromSettings)
    __arm_cp.1_9                             0x08003a58   Number         4  main.o(.text.loadEEpromSettings)
    __arm_cp.1_10                            0x08003a5c   Number         4  main.o(.text.loadEEpromSettings)
    __arm_cp.1_11                            0x08003a60   Number         4  main.o(.text.loadEEpromSettings)
    __arm_cp.1_12                            0x08003a64   Number         4  main.o(.text.loadEEpromSettings)
    __arm_cp.1_13                            0x08003a68   Number         4  main.o(.text.loadEEpromSettings)
    __arm_cp.1_14                            0x08003a6c   Number         4  main.o(.text.loadEEpromSettings)
    __arm_cp.1_15                            0x08003a70   Number         4  main.o(.text.loadEEpromSettings)
    __arm_cp.1_16                            0x08003a74   Number         4  main.o(.text.loadEEpromSettings)
    [Anonymous Symbol]                       0x08003a78   Section        0  main.o(.text.main)
    __arm_cp.15_39                           0x08003e10   Number         4  main.o(.text.main)
    __arm_cp.15_43                           0x08003e2c   Number         4  main.o(.text.main)
    __arm_cp.15_47                           0x08003e3c   Number         4  main.o(.text.main)
    __arm_cp.15_50                           0x08003e48   Number         4  main.o(.text.main)
    __arm_cp.15_51                           0x08003e4c   Number         4  main.o(.text.main)
    __arm_cp.15_52                           0x08003e50   Number         4  main.o(.text.main)
    __arm_cp.15_53                           0x08003e54   Number         4  main.o(.text.main)
    __arm_cp.15_54                           0x08003e58   Number         4  main.o(.text.main)
    __arm_cp.15_55                           0x08003e5c   Number         4  main.o(.text.main)
    __arm_cp.15_56                           0x08003e60   Number         4  main.o(.text.main)
    __arm_cp.15_61                           0x080041f0   Number         4  main.o(.text.main)
    __arm_cp.15_62                           0x080041f4   Number         4  main.o(.text.main)
    __arm_cp.15_66                           0x08004204   Number         4  main.o(.text.main)
    __arm_cp.15_67                           0x08004208   Number         4  main.o(.text.main)
    __arm_cp.15_68                           0x0800420c   Number         4  main.o(.text.main)
    __arm_cp.15_69                           0x08004210   Number         4  main.o(.text.main)
    __arm_cp.15_70                           0x08004214   Number         4  main.o(.text.main)
    __arm_cp.15_71                           0x08004218   Number         4  main.o(.text.main)
    __arm_cp.15_73                           0x08004220   Number         4  main.o(.text.main)
    __arm_cp.15_76                           0x0800422c   Number         4  main.o(.text.main)
    __arm_cp.15_92                           0x0800462c   Number         4  main.o(.text.main)
    __arm_cp.15_93                           0x08004630   Number         4  main.o(.text.main)
    __arm_cp.15_85                           0x08004650   Number         4  main.o(.text.main)
    __arm_cp.15_87                           0x08004658   Number         4  main.o(.text.main)
    __arm_cp.15_88                           0x0800465c   Number         4  main.o(.text.main)
    __arm_cp.15_2                            0x08004834   Number         4  main.o(.text.main)
    __arm_cp.15_3                            0x08004838   Number         4  main.o(.text.main)
    __arm_cp.15_5                            0x0800483c   Number         4  main.o(.text.main)
    __arm_cp.15_6                            0x08004840   Number         4  main.o(.text.main)
    __arm_cp.15_10                           0x08004844   Number         4  main.o(.text.main)
    __arm_cp.15_12                           0x08004848   Number         4  main.o(.text.main)
    __arm_cp.15_14                           0x0800484c   Number         4  main.o(.text.main)
    __arm_cp.15_16                           0x08004850   Number         4  main.o(.text.main)
    __arm_cp.15_17                           0x08004854   Number         4  main.o(.text.main)
    __arm_cp.15_19                           0x08004858   Number         4  main.o(.text.main)
    __arm_cp.15_21                           0x0800485c   Number         4  main.o(.text.main)
    __arm_cp.15_23                           0x08004860   Number         4  main.o(.text.main)
    __arm_cp.15_38                           0x08004864   Number         4  main.o(.text.main)
    [Anonymous Symbol]                       0x08004868   Section        0  serial_telemetry.o(.text.makeTelemPackage)
    __arm_cp.3_0                             0x080048d8   Number         4  serial_telemetry.o(.text.makeTelemPackage)
    __arm_cp.3_1                             0x080048dc   Number         4  serial_telemetry.o(.text.makeTelemPackage)
    [Anonymous Symbol]                       0x080048e0   Section        0  dshot.o(.text.make_dshot_package)
    __arm_cp.1_0                             0x08004a80   Number         4  dshot.o(.text.make_dshot_package)
    __arm_cp.1_1                             0x08004a84   Number         4  dshot.o(.text.make_dshot_package)
    __arm_cp.1_2                             0x08004a88   Number         4  dshot.o(.text.make_dshot_package)
    __arm_cp.1_3                             0x08004a8c   Number         4  dshot.o(.text.make_dshot_package)
    __arm_cp.1_4                             0x08004a90   Number         4  dshot.o(.text.make_dshot_package)
    __arm_cp.1_5                             0x08004a94   Number         4  dshot.o(.text.make_dshot_package)
    __arm_cp.1_6                             0x08004a98   Number         4  dshot.o(.text.make_dshot_package)
    [Anonymous Symbol]                       0x08004a9c   Section        0  functions.o(.text.map)
    [Anonymous Symbol]                       0x08004ae4   Section        0  comparator.o(.text.maskPhaseInterrupts)
    __arm_cp.1_0                             0x08004af4   Number         4  comparator.o(.text.maskPhaseInterrupts)
    [Anonymous Symbol]                       0x08004af8   Section        0  sounds.o(.text.playBeaconTune3)
    __arm_cp.13_3                            0x08004b54   Number         4  sounds.o(.text.playBeaconTune3)
    __arm_cp.13_4                            0x08004b58   Number         4  sounds.o(.text.playBeaconTune3)
    [Anonymous Symbol]                       0x08004b5c   Section        0  sounds.o(.text.playBlueJayTune)
    __arm_cp.5_4                             0x08004c24   Number         4  sounds.o(.text.playBlueJayTune)
    __arm_cp.5_5                             0x08004c28   Number         4  sounds.o(.text.playBlueJayTune)
    __arm_cp.5_6                             0x08004c2c   Number         4  sounds.o(.text.playBlueJayTune)
    __arm_cp.5_9                             0x08004c30   Number         4  sounds.o(.text.playBlueJayTune)
    [Anonymous Symbol]                       0x08004c34   Section        0  sounds.o(.text.playBrushedStartupTune)
    [Anonymous Symbol]                       0x08004ca8   Section        0  sounds.o(.text.playChangedTone)
    [Anonymous Symbol]                       0x08004cf0   Section        0  sounds.o(.text.playDefaultTone)
    [Anonymous Symbol]                       0x08004d38   Section        0  sounds.o(.text.playInputTune)
    [Anonymous Symbol]                       0x08004d94   Section        0  sounds.o(.text.playInputTune2)
    __arm_cp.9_0                             0x08004df4   Number         4  sounds.o(.text.playInputTune2)
    __arm_cp.9_1                             0x08004df8   Number         4  sounds.o(.text.playInputTune2)
    __arm_cp.9_2                             0x08004dfc   Number         4  sounds.o(.text.playInputTune2)
    __arm_cp.9_3                             0x08004e00   Number         4  sounds.o(.text.playInputTune2)
    __arm_cp.9_4                             0x08004e04   Number         4  sounds.o(.text.playInputTune2)
    [Anonymous Symbol]                       0x08004e08   Section        0  sounds.o(.text.playStartupTune)
    __arm_cp.6_0                             0x08004e78   Number         4  sounds.o(.text.playStartupTune)
    __arm_cp.6_1                             0x08004e7c   Number         4  sounds.o(.text.playStartupTune)
    __arm_cp.6_2                             0x08004e80   Number         4  sounds.o(.text.playStartupTune)
    __arm_cp.6_3                             0x08004e84   Number         4  sounds.o(.text.playStartupTune)
    __arm_cp.6_4                             0x08004e88   Number         4  sounds.o(.text.playStartupTune)
    __arm_cp.6_5                             0x08004e8c   Number         4  sounds.o(.text.playStartupTune)
    [Anonymous Symbol]                       0x08004e90   Section        0  main.o(.text.processDshot)
    __arm_cp.12_0                            0x08004ebc   Number         4  main.o(.text.processDshot)
    __arm_cp.12_1                            0x08004ec0   Number         4  main.o(.text.processDshot)
    [Anonymous Symbol]                       0x08004ec4   Section        0  phaseouts.o(.text.proportionalBrake)
    __arm_cp.0_0                             0x08004f24   Number         4  phaseouts.o(.text.proportionalBrake)
    [Anonymous Symbol]                       0x08004f28   Section        0  eeprom.o(.text.read_flash_bin)
    [Anonymous Symbol]                       0x08004f7c   Section        0  peripherals.o(.text.receiveCRSF)
    __arm_cp.30_0                            0x08004f9c   Number         4  peripherals.o(.text.receiveCRSF)
    __arm_cp.30_1                            0x08004fa0   Number         4  peripherals.o(.text.receiveCRSF)
    __arm_cp.30_2                            0x08004fa4   Number         4  peripherals.o(.text.receiveCRSF)
    [Anonymous Symbol]                       0x08004fa8   Section        0  io.o(.text.receiveDshotDma)
    __arm_cp.0_0                             0x0800501c   Number         4  io.o(.text.receiveDshotDma)
    __arm_cp.0_1                             0x08005020   Number         4  io.o(.text.receiveDshotDma)
    __arm_cp.0_2                             0x08005024   Number         4  io.o(.text.receiveDshotDma)
    __arm_cp.0_3                             0x08005028   Number         4  io.o(.text.receiveDshotDma)
    __arm_cp.0_4                             0x0800502c   Number         4  io.o(.text.receiveDshotDma)
    __arm_cp.0_5                             0x08005030   Number         4  io.o(.text.receiveDshotDma)
    __arm_cp.0_6                             0x08005034   Number         4  io.o(.text.receiveDshotDma)
    __arm_cp.0_7                             0x08005038   Number         4  io.o(.text.receiveDshotDma)
    __arm_cp.0_8                             0x0800503c   Number         4  io.o(.text.receiveDshotDma)
    __arm_cp.0_9                             0x08005040   Number         4  io.o(.text.receiveDshotDma)
    [Anonymous Symbol]                       0x08005044   Section        0  peripherals.o(.text.resetInputCaptureTimer)
    __arm_cp.27_0                            0x08005050   Number         4  peripherals.o(.text.resetInputCaptureTimer)
    [Anonymous Symbol]                       0x08005054   Section        0  main.o(.text.runBrushedLoop)
    __arm_cp.14_1                            0x08005368   Number         4  main.o(.text.runBrushedLoop)
    __arm_cp.14_3                            0x0800536c   Number         4  main.o(.text.runBrushedLoop)
    __arm_cp.14_4                            0x08005370   Number         4  main.o(.text.runBrushedLoop)
    __arm_cp.14_5                            0x08005374   Number         4  main.o(.text.runBrushedLoop)
    __arm_cp.14_6                            0x08005378   Number         4  main.o(.text.runBrushedLoop)
    [Anonymous Symbol]                       0x0800537c   Section        0  main.o(.text.saveEEpromSettings)
    __arm_cp.2_0                             0x080053d4   Number         4  main.o(.text.saveEEpromSettings)
    __arm_cp.2_1                             0x080053d8   Number         4  main.o(.text.saveEEpromSettings)
    __arm_cp.2_2                             0x080053dc   Number         4  main.o(.text.saveEEpromSettings)
    __arm_cp.2_3                             0x080053e0   Number         4  main.o(.text.saveEEpromSettings)
    [Anonymous Symbol]                       0x080053e4   Section        0  eeprom.o(.text.save_flash_nolib)
    __arm_cp.0_0                             0x080055ac   Number         4  eeprom.o(.text.save_flash_nolib)
    __arm_cp.0_1                             0x080055b0   Number         4  eeprom.o(.text.save_flash_nolib)
    [Anonymous Symbol]                       0x080055b4   Section        0  io.o(.text.sendDshotDma)
    __arm_cp.1_0                             0x08005628   Number         4  io.o(.text.sendDshotDma)
    __arm_cp.1_1                             0x0800562c   Number         4  io.o(.text.sendDshotDma)
    __arm_cp.1_2                             0x08005630   Number         4  io.o(.text.sendDshotDma)
    __arm_cp.1_3                             0x08005634   Number         4  io.o(.text.sendDshotDma)
    __arm_cp.1_4                             0x08005638   Number         4  io.o(.text.sendDshotDma)
    __arm_cp.1_5                             0x0800563c   Number         4  io.o(.text.sendDshotDma)
    __arm_cp.1_6                             0x08005640   Number         4  io.o(.text.sendDshotDma)
    [Anonymous Symbol]                       0x08005644   Section        0  serial_telemetry.o(.text.send_telem_DMA)
    __arm_cp.1_0                             0x08005680   Number         4  serial_telemetry.o(.text.send_telem_DMA)
    __arm_cp.1_1                             0x08005684   Number         4  serial_telemetry.o(.text.send_telem_DMA)
    __arm_cp.1_2                             0x08005688   Number         4  serial_telemetry.o(.text.send_telem_DMA)
    __arm_cp.1_3                             0x0800568c   Number         4  serial_telemetry.o(.text.send_telem_DMA)
    [Anonymous Symbol]                       0x08005690   Section        0  crsf.o(.text.setChannels)
    __arm_cp.1_0                             0x080058bc   Number         4  crsf.o(.text.setChannels)
    __arm_cp.1_1                             0x080058c0   Number         4  crsf.o(.text.setChannels)
    __arm_cp.1_2                             0x080058c4   Number         4  crsf.o(.text.setChannels)
    __arm_cp.1_3                             0x080058c8   Number         4  crsf.o(.text.setChannels)
    __arm_cp.1_4                             0x080058cc   Number         4  crsf.o(.text.setChannels)
    __arm_cp.1_5                             0x080058d0   Number         4  crsf.o(.text.setChannels)
    __arm_cp.1_6                             0x080058d4   Number         4  crsf.o(.text.setChannels)
    __arm_cp.1_7                             0x080058d8   Number         4  crsf.o(.text.setChannels)
    __arm_cp.1_8                             0x080058dc   Number         4  crsf.o(.text.setChannels)
    __arm_cp.1_9                             0x080058e0   Number         4  crsf.o(.text.setChannels)
    __arm_cp.1_10                            0x080058e4   Number         4  crsf.o(.text.setChannels)
    __arm_cp.1_11                            0x080058e8   Number         4  crsf.o(.text.setChannels)
    __arm_cp.1_12                            0x080058ec   Number         4  crsf.o(.text.setChannels)
    __arm_cp.1_13                            0x080058f0   Number         4  crsf.o(.text.setChannels)
    __arm_cp.1_14                            0x080058f4   Number         4  crsf.o(.text.setChannels)
    [Anonymous Symbol]                       0x080058f8   Section        0  main.o(.text.setInput)
    __arm_cp.9_12                            0x08005ce8   Number         4  main.o(.text.setInput)
    __arm_cp.9_16                            0x08005e04   Number         4  main.o(.text.setInput)
    __arm_cp.9_1                             0x08005ff0   Number         4  main.o(.text.setInput)
    __arm_cp.9_2                             0x08005ff4   Number         4  main.o(.text.setInput)
    __arm_cp.9_3                             0x08005ff8   Number         4  main.o(.text.setInput)
    __arm_cp.9_5                             0x08005ffc   Number         4  main.o(.text.setInput)
    __arm_cp.9_6                             0x08006000   Number         4  main.o(.text.setInput)
    __arm_cp.9_7                             0x08006004   Number         4  main.o(.text.setInput)
    __arm_cp.9_8                             0x08006008   Number         4  main.o(.text.setInput)
    __arm_cp.9_9                             0x0800600c   Number         4  main.o(.text.setInput)
    __arm_cp.9_10                            0x08006010   Number         4  main.o(.text.setInput)
    [Anonymous Symbol]                       0x08006014   Section        0  io.o(.text.setInputPullUp)
    __arm_cp.5_0                             0x08006024   Number         4  io.o(.text.setInputPullUp)
    [Anonymous Symbol]                       0x08006028   Section        0  peripherals.o(.text.setPWMCompare1)
    __arm_cp.23_0                            0x08006030   Number         4  peripherals.o(.text.setPWMCompare1)
    [Anonymous Symbol]                       0x08006034   Section        0  peripherals.o(.text.setPWMCompare2)
    __arm_cp.24_0                            0x0800603c   Number         4  peripherals.o(.text.setPWMCompare2)
    [Anonymous Symbol]                       0x08006040   Section        0  peripherals.o(.text.setPWMCompare3)
    __arm_cp.25_0                            0x08006048   Number         4  peripherals.o(.text.setPWMCompare3)
    [Anonymous Symbol]                       0x0800604c   Section        0  sounds.o(.text.setVolume)
    __arm_cp.1_0                             0x0800605c   Number         4  sounds.o(.text.setVolume)
    [Anonymous Symbol]                       0x08006060   Section        0  main.o(.text.startMotor)
    __arm_cp.8_0                             0x0800610c   Number         4  main.o(.text.startMotor)
    __arm_cp.8_1                             0x08006110   Number         4  main.o(.text.startMotor)
    __arm_cp.8_2                             0x08006114   Number         4  main.o(.text.startMotor)
    __arm_cp.8_3                             0x08006118   Number         4  main.o(.text.startMotor)
    __arm_cp.8_4                             0x0800611c   Number         4  main.o(.text.startMotor)
    __arm_cp.8_5                             0x08006120   Number         4  main.o(.text.startMotor)
    __arm_cp.8_6                             0x08006124   Number         4  main.o(.text.startMotor)
    [Anonymous Symbol]                       0x08006128   Section        0  serial_telemetry.o(.text.telem_UART_Init)
    __arm_cp.0_0                             0x0800624c   Number         4  serial_telemetry.o(.text.telem_UART_Init)
    __arm_cp.0_1                             0x08006250   Number         4  serial_telemetry.o(.text.telem_UART_Init)
    __arm_cp.0_2                             0x08006254   Number         4  serial_telemetry.o(.text.telem_UART_Init)
    __arm_cp.0_3                             0x08006258   Number         4  serial_telemetry.o(.text.telem_UART_Init)
    __arm_cp.0_4                             0x0800625c   Number         4  serial_telemetry.o(.text.telem_UART_Init)
    __arm_cp.0_5                             0x08006260   Number         4  serial_telemetry.o(.text.telem_UART_Init)
    __arm_cp.0_6                             0x08006264   Number         4  serial_telemetry.o(.text.telem_UART_Init)
    __arm_cp.0_7                             0x08006268   Number         4  serial_telemetry.o(.text.telem_UART_Init)
    __arm_cp.0_8                             0x0800626c   Number         4  serial_telemetry.o(.text.telem_UART_Init)
    __arm_cp.0_9                             0x08006270   Number         4  serial_telemetry.o(.text.telem_UART_Init)
    [Anonymous Symbol]                       0x08006274   Section        0  main.o(.text.tenKhzRoutine)
    __arm_cp.10_12                           0x08006658   Number         4  main.o(.text.tenKhzRoutine)
    __arm_cp.10_13                           0x0800665c   Number         4  main.o(.text.tenKhzRoutine)
    __arm_cp.10_14                           0x08006660   Number         4  main.o(.text.tenKhzRoutine)
    __arm_cp.10_17                           0x08006668   Number         4  main.o(.text.tenKhzRoutine)
    __arm_cp.10_18                           0x0800666c   Number         4  main.o(.text.tenKhzRoutine)
    __arm_cp.10_3                            0x08006710   Number         4  main.o(.text.tenKhzRoutine)
    __arm_cp.10_6                            0x08006714   Number         4  main.o(.text.tenKhzRoutine)
    __arm_cp.10_7                            0x08006718   Number         4  main.o(.text.tenKhzRoutine)
    __arm_cp.10_8                            0x0800671c   Number         4  main.o(.text.tenKhzRoutine)
    __arm_cp.10_9                            0x08006720   Number         4  main.o(.text.tenKhzRoutine)
    __arm_cp.10_10                           0x08006724   Number         4  main.o(.text.tenKhzRoutine)
    __arm_cp.10_11                           0x08006728   Number         4  main.o(.text.tenKhzRoutine)
    [Anonymous Symbol]                       0x0800672c   Section        0  signal.o(.text.transfercomplete)
    __arm_cp.2_0                             0x08006868   Number         4  signal.o(.text.transfercomplete)
    __arm_cp.2_1                             0x0800686c   Number         4  signal.o(.text.transfercomplete)
    __arm_cp.2_2                             0x08006870   Number         4  signal.o(.text.transfercomplete)
    __arm_cp.2_3                             0x08006874   Number         4  signal.o(.text.transfercomplete)
    __arm_cp.2_4                             0x08006878   Number         4  signal.o(.text.transfercomplete)
    __arm_cp.2_5                             0x0800687c   Number         4  signal.o(.text.transfercomplete)
    __arm_cp.2_6                             0x08006880   Number         4  signal.o(.text.transfercomplete)
    __arm_cp.2_7                             0x08006884   Number         4  signal.o(.text.transfercomplete)
    __arm_cp.2_8                             0x08006888   Number         4  signal.o(.text.transfercomplete)
    __arm_cp.2_9                             0x0800688c   Number         4  signal.o(.text.transfercomplete)
    __arm_cp.2_10                            0x08006890   Number         4  signal.o(.text.transfercomplete)
    __arm_cp.2_11                            0x08006894   Number         4  signal.o(.text.transfercomplete)
    __arm_cp.2_12                            0x08006898   Number         4  signal.o(.text.transfercomplete)
    __arm_cp.2_13                            0x0800689c   Number         4  signal.o(.text.transfercomplete)
    [Anonymous Symbol]                       0x080068a0   Section        0  phaseouts.o(.text.twoChannelForward)
    [Anonymous Symbol]                       0x08006920   Section        0  phaseouts.o(.text.twoChannelReverse)
    __arm_cp.15_0                            0x08006994   Number         4  phaseouts.o(.text.twoChannelReverse)
    __arm_cp.15_1                            0x08006998   Number         4  phaseouts.o(.text.twoChannelReverse)
    [Anonymous Symbol]                       0x0800699c   Section        0  main.o(.text.zcfoundroutine)
    __arm_cp.11_0                            0x08006ab8   Number         4  main.o(.text.zcfoundroutine)
    __arm_cp.11_1                            0x08006abc   Number         4  main.o(.text.zcfoundroutine)
    __arm_cp.11_2                            0x08006ac0   Number         4  main.o(.text.zcfoundroutine)
    __arm_cp.11_3                            0x08006ac4   Number         4  main.o(.text.zcfoundroutine)
    __arm_cp.11_4                            0x08006ac8   Number         4  main.o(.text.zcfoundroutine)
    __arm_cp.11_5                            0x08006acc   Number         4  main.o(.text.zcfoundroutine)
    i.__scatterload_copy                     0x08006ad0   Section       14  handlers.o(i.__scatterload_copy)
    i.__scatterload_null                     0x08006ade   Section        2  handlers.o(i.__scatterload_null)
    i.__scatterload_zeroinit                 0x08006ae0   Section       14  handlers.o(i.__scatterload_zeroinit)
    crsf_crc8.crsf_crc8tab                   0x08006b06   Data         256  crsf.o(.rodata.crsf_crc8.crsf_crc8tab)
    [Anonymous Symbol]                       0x08006b06   Section        0  crsf.o(.rodata.crsf_crc8.crsf_crc8tab)
    get_crc8.tbl                             0x08006c16   Data         256  serial_telemetry.o(.rodata.get_crc8.tbl)
    [Anonymous Symbol]                       0x08006c16   Section        0  serial_telemetry.o(.rodata.get_crc8.tbl)
    __tagsym$$used.0                         0x08007be0   Number         0  firmwareversion.o(.rodata.test)
    [Anonymous Symbol]                       0x200000c0   Section        0  main.o(.data..L_MergedGlobals)
    [Anonymous Symbol]                       0x20000120   Section        0  signal.o(.data..L_MergedGlobals)
    [Anonymous Symbol]                       0x20000128   Section        0  eeprom.o(.data..L_MergedGlobals)
    [Anonymous Symbol]                       0x20000130   Section        0  main.o(.data..L_MergedGlobals.1)
    [Anonymous Symbol]                       0x20000490   Section        0  dshot.o(.bss..L_MergedGlobals)
    [Anonymous Symbol]                       0x200004ec   Section        0  crsf.o(.bss..L_MergedGlobals)
    [Anonymous Symbol]                       0x20000510   Section        0  io.o(.bss..L_MergedGlobals)
    [Anonymous Symbol]                       0x20000514   Section        0  signal.o(.bss..L_MergedGlobals.1)
    [Anonymous Symbol]                       0x20000530   Section        0  main.o(.bss..L_MergedGlobals.2)
    [Anonymous Symbol]                       0x200005ac   Section        0  main.o(.bss..L_MergedGlobals.3)
    STACK                                    0x20000960   Section     1024  startup_stm32f051k8.o(STACK)

    Global Symbols

    Symbol Name                              Value     Ov Type        Size  Object(Section)

    BuildAttributes$$THM_ISAv3M$S$PE$A:L22$X:L11$S22$IEEE1$IW$~IW$USESV6$~STKCKD$USESV7$~SHL$OTIME$ROPI$EBA8$MICROLIB$REQ8$PRES8$EABIv2 0x00000000   Number         0  anon$$obj.o ABSOLUTE
    __cpp_initialize__aeabi_                  - Undefined Weak Reference
    __cxa_finalize                            - Undefined Weak Reference
    _clock_init                               - Undefined Weak Reference
    _microlib_exit                            - Undefined Weak Reference
    __Vectors_Size                           0x000000bc   Number         0  startup_stm32f051k8.o ABSOLUTE
    __Vectors                                0x08001000   Data           4  startup_stm32f051k8.o(RESET)
    __Vectors_End                            0x080010bc   Data           0  startup_stm32f051k8.o(RESET)
    __main                                   0x080010bd   Thumb Code     0  entry.o(.ARM.Collect$$$$00000000)
    _main_stk                                0x080010bd   Thumb Code     0  entry2.o(.ARM.Collect$$$$00000001)
    _main_scatterload                        0x080010c1   Thumb Code     0  entry5.o(.ARM.Collect$$$$00000004)
    __main_after_scatterload                 0x080010c5   Thumb Code     0  entry5.o(.ARM.Collect$$$$00000004)
    _main_clock                              0x080010c5   Thumb Code     0  entry7b.o(.ARM.Collect$$$$00000008)
    _main_cpp_init                           0x080010c5   Thumb Code     0  entry8b.o(.ARM.Collect$$$$0000000A)
    _main_init                               0x080010c5   Thumb Code     0  entry9a.o(.ARM.Collect$$$$0000000B)
    __rt_final_cpp                           0x080010cd   Thumb Code     0  entry10a.o(.ARM.Collect$$$$0000000D)
    __rt_final_exit                          0x080010cd   Thumb Code     0  entry11a.o(.ARM.Collect$$$$0000000F)
    Reset_Handler                            0x080010d1   Thumb Code     8  startup_stm32f051k8.o(.text)
    CEC_IRQHandler                           0x080010e3   Thumb Code     0  startup_stm32f051k8.o(.text)
    EXTI0_1_IRQHandler                       0x080010e3   Thumb Code     0  startup_stm32f051k8.o(.text)
    EXTI2_3_IRQHandler                       0x080010e3   Thumb Code     0  startup_stm32f051k8.o(.text)
    FLASH_IRQHandler                         0x080010e3   Thumb Code     0  startup_stm32f051k8.o(.text)
    I2C1_IRQHandler                          0x080010e3   Thumb Code     0  startup_stm32f051k8.o(.text)
    I2C2_IRQHandler                          0x080010e3   Thumb Code     0  startup_stm32f051k8.o(.text)
    PVD_IRQHandler                           0x080010e3   Thumb Code     0  startup_stm32f051k8.o(.text)
    RCC_IRQHandler                           0x080010e3   Thumb Code     0  startup_stm32f051k8.o(.text)
    RTC_IRQHandler                           0x080010e3   Thumb Code     0  startup_stm32f051k8.o(.text)
    SPI1_IRQHandler                          0x080010e3   Thumb Code     0  startup_stm32f051k8.o(.text)
    SPI2_IRQHandler                          0x080010e3   Thumb Code     0  startup_stm32f051k8.o(.text)
    TIM17_IRQHandler                         0x080010e3   Thumb Code     0  startup_stm32f051k8.o(.text)
    TIM1_CC_IRQHandler                       0x080010e3   Thumb Code     0  startup_stm32f051k8.o(.text)
    TIM2_IRQHandler                          0x080010e3   Thumb Code     0  startup_stm32f051k8.o(.text)
    TSC_IRQHandler                           0x080010e3   Thumb Code     0  startup_stm32f051k8.o(.text)
    USART2_IRQHandler                        0x080010e3   Thumb Code     0  startup_stm32f051k8.o(.text)
    WWDG_IRQHandler                          0x080010e3   Thumb Code     0  startup_stm32f051k8.o(.text)
    __aeabi_memcpy                           0x080010ed   Thumb Code    36  memcpya.o(.text)
    __aeabi_memcpy4                          0x080010ed   Thumb Code     0  memcpya.o(.text)
    __aeabi_memcpy8                          0x080010ed   Thumb Code     0  memcpya.o(.text)
    __aeabi_memset                           0x08001111   Thumb Code    14  memseta.o(.text)
    __aeabi_memset4                          0x08001111   Thumb Code     0  memseta.o(.text)
    __aeabi_memset8                          0x08001111   Thumb Code     0  memseta.o(.text)
    __aeabi_memclr                           0x0800111f   Thumb Code     4  memseta.o(.text)
    __aeabi_memclr4                          0x0800111f   Thumb Code     0  memseta.o(.text)
    __aeabi_memclr8                          0x0800111f   Thumb Code     0  memseta.o(.text)
    _memset$wrapper                          0x08001123   Thumb Code    18  memseta.o(.text)
    __aeabi_fadd                             0x08001135   Thumb Code   162  fadd.o(.text)
    __aeabi_fsub                             0x080011d7   Thumb Code     8  fadd.o(.text)
    __aeabi_frsub                            0x080011df   Thumb Code     8  fadd.o(.text)
    __aeabi_fdiv                             0x080011e7   Thumb Code   124  fdiv.o(.text)
    __aeabi_fcmple                           0x08001263   Thumb Code    28  fcmple.o(.text)
    __aeabi_fcmplt                           0x0800127f   Thumb Code    28  fcmplt.o(.text)
    __aeabi_fcmpge                           0x0800129b   Thumb Code    28  fcmpge.o(.text)
    __aeabi_fcmpgt                           0x080012b7   Thumb Code    28  fcmpgt.o(.text)
    __aeabi_i2f                              0x080012d3   Thumb Code    22  fflti.o(.text)
    __aeabi_f2iz                             0x080012e9   Thumb Code    50  ffixi.o(.text)
    __aeabi_uidiv                            0x0800131b   Thumb Code     0  uidiv_div0.o(.text)
    __aeabi_uidivmod                         0x0800131b   Thumb Code    62  uidiv_div0.o(.text)
    __aeabi_idiv                             0x08001359   Thumb Code     0  idiv_div0.o(.text)
    __aeabi_idivmod$div0                     0x08001359   Thumb Code    74  idiv_div0.o(.text)
    __I$use$fp                               0x080013a9   Thumb Code     0  iusefp.o(.text)
    _float_round                             0x080013a9   Thumb Code    16  fepilogue.o(.text)
    _float_epilogue                          0x080013b9   Thumb Code   114  fepilogue.o(.text)
    __scatterload                            0x0800142d   Thumb Code    28  init.o(.text)
    __scatterload_rt2                        0x0800142d   Thumb Code     0  init.o(.text)
    __decompress                             0x08001451   Thumb Code     0  __dczerorl2.o(.text)
    __decompress1                            0x08001451   Thumb Code    86  __dczerorl2.o(.text)
    ADC1_COMP_IRQHandler                     0x080014a9   Thumb Code    24  stm32f0xx_it.o(.text.ADC1_COMP_IRQHandler)
    ADC_DMA_Callback                         0x080014c1   Thumb Code    24  adc.o(.text.ADC_DMA_Callback)
    ADC_Init                                 0x080014e9   Thumb Code   296  adc.o(.text.ADC_Init)
    DMA1_Channel1_IRQHandler                 0x08001625   Thumb Code    40  stm32f0xx_it.o(.text.DMA1_Channel1_IRQHandler)
    DMA1_Channel2_3_IRQHandler               0x0800164d   Thumb Code    28  stm32f0xx_it.o(.text.DMA1_Channel2_3_IRQHandler)
    DMA1_Channel4_5_IRQHandler               0x0800166d   Thumb Code   144  stm32f0xx_it.o(.text.DMA1_Channel4_5_IRQHandler)
    EXTI4_15_IRQHandler                      0x0800171d   Thumb Code    16  stm32f0xx_it.o(.text.EXTI4_15_IRQHandler)
    HardFault_Handler                        0x08001731   Thumb Code     2  stm32f0xx_it.o(.text.HardFault_Handler)
    LL_ADC_Init                              0x08001735   Thumb Code    48  stm32f0xx_ll_adc.o(.text.LL_ADC_Init)
    LL_ADC_REG_Init                          0x08001769   Thumb Code    40  stm32f0xx_ll_adc.o(.text.LL_ADC_REG_Init)
    LL_GPIO_Init                             0x08001795   Thumb Code   186  stm32f0xx_ll_gpio.o(.text.LL_GPIO_Init)
    LL_Init1msTick                           0x08001851   Thumb Code    28  stm32f0xx_ll_utils.o(.text.LL_Init1msTick)
    LL_RCC_GetSystemClocksFreq               0x08001871   Thumb Code    84  stm32f0xx_ll_rcc.o(.text.LL_RCC_GetSystemClocksFreq)
    LL_RCC_GetUSARTClockFreq                 0x080018c5   Thumb Code   172  stm32f0xx_ll_rcc.o(.text.LL_RCC_GetUSARTClockFreq)
    LL_SetSystemCoreClock                    0x08001985   Thumb Code     8  stm32f0xx_ll_utils.o(.text.LL_SetSystemCoreClock)
    LL_TIM_BDTR_Init                         0x08001991   Thumb Code    60  stm32f0xx_ll_tim.o(.text.LL_TIM_BDTR_Init)
    LL_TIM_Init                              0x080019d1   Thumb Code   156  stm32f0xx_ll_tim.o(.text.LL_TIM_Init)
    LL_TIM_OC_Init                           0x08001a8d   Thumb Code   548  stm32f0xx_ll_tim.o(.text.LL_TIM_OC_Init)
    LL_USART_Init                            0x08001cc1   Thumb Code   164  stm32f0xx_ll_usart.o(.text.LL_USART_Init)
    MX_IWDG_Init                             0x08001d75   Thumb Code    28  peripherals.o(.text.MX_IWDG_Init)
    MX_TIM1_Init                             0x08001da1   Thumb Code   444  peripherals.o(.text.MX_TIM1_Init)
    NMI_Handler                              0x08001f71   Thumb Code     2  stm32f0xx_it.o(.text.NMI_Handler)
    PendSV_Handler                           0x08001f73   Thumb Code     2  stm32f0xx_it.o(.text.PendSV_Handler)
    PeriodElapsedCallback                    0x08001f75   Thumb Code   224  main.o(.text.PeriodElapsedCallback)
    SVC_Handler                              0x08002069   Thumb Code     2  stm32f0xx_it.o(.text.SVC_Handler)
    SysTick_Handler                          0x0800206b   Thumb Code     2  stm32f0xx_it.o(.text.SysTick_Handler)
    SystemClock_Config                       0x0800206d   Thumb Code   280  peripherals.o(.text.SystemClock_Config)
    SystemInit                               0x08002191   Thumb Code     2  system_stm32f0xx.o(.text.SystemInit)
    TIM14_IRQHandler                         0x08002195   Thumb Code    16  stm32f0xx_it.o(.text.TIM14_IRQHandler)
    TIM15_IRQHandler                         0x080021a9   Thumb Code    36  stm32f0xx_it.o(.text.TIM15_IRQHandler)
    TIM16_IRQHandler                         0x080021d1   Thumb Code     2  stm32f0xx_it.o(.text.TIM16_IRQHandler)
    TIM1_BRK_UP_TRG_COM_IRQHandler           0x080021d5   Thumb Code    36  stm32f0xx_it.o(.text.TIM1_BRK_UP_TRG_COM_IRQHandler)
    TIM3_IRQHandler                          0x080021fd   Thumb Code    36  stm32f0xx_it.o(.text.TIM3_IRQHandler)
    TIM6_DAC_IRQHandler                      0x08002225   Thumb Code    24  stm32f0xx_it.o(.text.TIM6_DAC_IRQHandler)
    USART1_IRQHandler                        0x08002241   Thumb Code    36  stm32f0xx_it.o(.text.USART1_IRQHandler)
    activateADC                              0x0800226d   Thumb Code   144  adc.o(.text.activateADC)
    allOff                                   0x08002305   Thumb Code   104  phaseouts.o(.text.allOff)
    allpwm                                   0x0800236d   Thumb Code   140  phaseouts.o(.text.allpwm)
    changeCompInput                          0x080023fd   Thumb Code    76  comparator.o(.text.changeCompInput)
    comStep                                  0x08002459   Thumb Code   692  phaseouts.o(.text.comStep)
    computeDshotDMA                          0x08002715   Thumb Code   900  dshot.o(.text.computeDshotDMA)
    computeServoInput                        0x08002acd   Thumb Code   352  signal.o(.text.computeServoInput)
    crsf_UART_Init                           0x08002c65   Thumb Code   260  peripherals.o(.text.crsf_UART_Init)
    delayMicros                              0x08002d8d   Thumb Code    32  functions.o(.text.delayMicros)
    delayMillis                              0x08002dad   Thumb Code    68  functions.o(.text.delayMillis)
    detectInput                              0x08002df5   Thumb Code   476  signal.o(.text.detectInput)
    enableADC_DMA                            0x08002ff5   Thumb Code    32  adc.o(.text.enableADC_DMA)
    enableCompInterrupts                     0x08003025   Thumb Code    16  comparator.o(.text.enableCompInterrupts)
    enableCorePeripherals                    0x08003035   Thumb Code   312  peripherals.o(.text.enableCorePeripherals)
    fullBrake                                0x08003191   Thumb Code   104  phaseouts.o(.text.fullBrake)
    generatePwmTimerEvent                    0x080031fd   Thumb Code    12  peripherals.o(.text.generatePwmTimerEvent)
    getAbsDif                                0x0800320d   Thumb Code    10  functions.o(.text.getAbsDif)
    getCompOutputLevel                       0x08003219   Thumb Code    32  comparator.o(.text.getCompOutputLevel)
    getInputPinState                         0x08003245   Thumb Code    12  io.o(.text.getInputPinState)
    initAfterJump                            0x08003255   Thumb Code   292  peripherals.o(.text.initAfterJump)
    initCorePeripherals                      0x08003399   Thumb Code   488  peripherals.o(.text.initCorePeripherals)
    interruptRoutine                         0x080035a9   Thumb Code   216  main.o(.text.interruptRoutine)
    loadEEpromSettings                       0x08003695   Thumb Code   928  main.o(.text.loadEEpromSettings)
    main                                     0x08003a79   Thumb Code  3516  main.o(.text.main)
    makeTelemPackage                         0x08004869   Thumb Code   112  serial_telemetry.o(.text.makeTelemPackage)
    make_dshot_package                       0x080048e1   Thumb Code   416  dshot.o(.text.make_dshot_package)
    map                                      0x08004a9d   Thumb Code    70  functions.o(.text.map)
    maskPhaseInterrupts                      0x08004ae5   Thumb Code    16  comparator.o(.text.maskPhaseInterrupts)
    playBeaconTune3                          0x08004af9   Thumb Code    92  sounds.o(.text.playBeaconTune3)
    playBlueJayTune                          0x08004b5d   Thumb Code   200  sounds.o(.text.playBlueJayTune)
    playBrushedStartupTune                   0x08004c35   Thumb Code   116  sounds.o(.text.playBrushedStartupTune)
    playChangedTone                          0x08004ca9   Thumb Code    72  sounds.o(.text.playChangedTone)
    playDefaultTone                          0x08004cf1   Thumb Code    72  sounds.o(.text.playDefaultTone)
    playInputTune                            0x08004d39   Thumb Code    92  sounds.o(.text.playInputTune)
    playInputTune2                           0x08004d95   Thumb Code    96  sounds.o(.text.playInputTune2)
    playStartupTune                          0x08004e09   Thumb Code   112  sounds.o(.text.playStartupTune)
    processDshot                             0x08004e91   Thumb Code    44  main.o(.text.processDshot)
    proportionalBrake                        0x08004ec5   Thumb Code    96  phaseouts.o(.text.proportionalBrake)
    read_flash_bin                           0x08004f29   Thumb Code    82  eeprom.o(.text.read_flash_bin)
    receiveCRSF                              0x08004f7d   Thumb Code    32  peripherals.o(.text.receiveCRSF)
    receiveDshotDma                          0x08004fa9   Thumb Code   116  io.o(.text.receiveDshotDma)
    resetInputCaptureTimer                   0x08005045   Thumb Code    12  peripherals.o(.text.resetInputCaptureTimer)
    runBrushedLoop                           0x08005055   Thumb Code   788  main.o(.text.runBrushedLoop)
    saveEEpromSettings                       0x0800537d   Thumb Code    88  main.o(.text.saveEEpromSettings)
    save_flash_nolib                         0x080053e5   Thumb Code   456  eeprom.o(.text.save_flash_nolib)
    sendDshotDma                             0x080055b5   Thumb Code   116  io.o(.text.sendDshotDma)
    send_telem_DMA                           0x08005645   Thumb Code    60  serial_telemetry.o(.text.send_telem_DMA)
    setChannels                              0x08005691   Thumb Code   556  crsf.o(.text.setChannels)
    setInput                                 0x080058f9   Thumb Code  1784  main.o(.text.setInput)
    setInputPullUp                           0x08006015   Thumb Code    16  io.o(.text.setInputPullUp)
    setPWMCompare1                           0x08006029   Thumb Code     8  peripherals.o(.text.setPWMCompare1)
    setPWMCompare2                           0x08006035   Thumb Code     8  peripherals.o(.text.setPWMCompare2)
    setPWMCompare3                           0x08006041   Thumb Code     8  peripherals.o(.text.setPWMCompare3)
    setVolume                                0x0800604d   Thumb Code    16  sounds.o(.text.setVolume)
    startMotor                               0x08006061   Thumb Code   172  main.o(.text.startMotor)
    telem_UART_Init                          0x08006129   Thumb Code   292  serial_telemetry.o(.text.telem_UART_Init)
    tenKhzRoutine                            0x08006275   Thumb Code  1180  main.o(.text.tenKhzRoutine)
    transfercomplete                         0x0800672d   Thumb Code   316  signal.o(.text.transfercomplete)
    twoChannelForward                        0x080068a1   Thumb Code   128  phaseouts.o(.text.twoChannelForward)
    twoChannelReverse                        0x08006921   Thumb Code   116  phaseouts.o(.text.twoChannelReverse)
    zcfoundroutine                           0x0800699d   Thumb Code   284  main.o(.text.zcfoundroutine)
    __scatterload_copy                       0x08006ad1   Thumb Code    14  handlers.o(i.__scatterload_copy)
    __scatterload_null                       0x08006adf   Thumb Code     2  handlers.o(i.__scatterload_null)
    __scatterload_zeroinit                   0x08006ae1   Thumb Code    14  handlers.o(i.__scatterload_zeroinit)
    AHBPrescTable                            0x08006aee   Data          16  system_stm32f0xx.o(.rodata.AHBPrescTable)
    APBPrescTable                            0x08006afe   Data           8  system_stm32f0xx.o(.rodata.APBPrescTable)
    gcr_encode_table                         0x08006c06   Data          16  dshot.o(.rodata.gcr_encode_table)
    Region$$Table$$Base                      0x08006d18   Number         0  anon$$obj.o(Region$$Table)
    Region$$Table$$Limit                     0x08006d38   Number         0  anon$$obj.o(Region$$Table)
    test                                     0x08007be0   Data          30  firmwareversion.o(.rodata.test)
    green_level                              0x200000c0   Data           1  main.o(.data..L_MergedGlobals)
    eeprom_layout_version                    0x200000c1   Data           1  main.o(.data..L_MergedGlobals)
    comp_pwm                                 0x200000c2   Data           1  main.o(.data..L_MergedGlobals)
    VARIABLE_PWM                             0x200000c3   Data           1  main.o(.data..L_MergedGlobals)
    stuck_rotor_protection                   0x200000c4   Data           1  main.o(.data..L_MergedGlobals)
    telemetry_interval_ms                    0x200000c5   Data           1  main.o(.data..L_MergedGlobals)
    TEMPERATURE_LIMIT                        0x200000c6   Data           1  main.o(.data..L_MergedGlobals)
    advance_level                            0x200000c7   Data           1  main.o(.data..L_MergedGlobals)
    motor_poles                              0x200000c8   Data           1  main.o(.data..L_MergedGlobals)
    sine_mode_power                          0x200000c9   Data           1  main.o(.data..L_MergedGlobals)
    drag_brake_strength                      0x200000ca   Data           1  main.o(.data..L_MergedGlobals)
    driving_brake_strength                   0x200000cb   Data           1  main.o(.data..L_MergedGlobals)
    dead_time_override                       0x200000cc   Data           1  main.o(.data..L_MergedGlobals)
    sine_mode_changeover_thottle_level       0x200000cd   Data           1  main.o(.data..L_MergedGlobals)
    servo_dead_band                          0x200000ce   Data           1  main.o(.data..L_MergedGlobals)
    maximum_throttle_change_ramp             0x200000cf   Data           1  main.o(.data..L_MergedGlobals)
    low_rpm_throttle_limit                   0x200000d0   Data           1  main.o(.data..L_MergedGlobals)
    VOLTAGE_DIVIDER                          0x200000d1   Data           1  main.o(.data..L_MergedGlobals)
    bemf_timeout                             0x200000d2   Data           1  main.o(.data..L_MergedGlobals)
    startup_boost                            0x200000d3   Data           1  main.o(.data..L_MergedGlobals)
    reversing_dead_band                      0x200000d4   Data           1  main.o(.data..L_MergedGlobals)
    max_duty_cycle_change                    0x200000d5   Data           1  main.o(.data..L_MergedGlobals)
    fast_accel                               0x200000d6   Data           1  main.o(.data..L_MergedGlobals)
    old_routine                              0x200000d7   Data           1  main.o(.data..L_MergedGlobals)
    changeover_step                          0x200000d8   Data           1  main.o(.data..L_MergedGlobals)
    filter_level                             0x200000d9   Data           1  main.o(.data..L_MergedGlobals)
    advancedivisor                           0x200000da   Data           1  main.o(.data..L_MergedGlobals)
    rising                                   0x200000db   Data           1  main.o(.data..L_MergedGlobals)
    forward                                  0x200000dc   Data           1  main.o(.data..L_MergedGlobals)
    bad_count_threshold                      0x200000dd   Data           1  main.o(.data..L_MergedGlobals)
    min_bemf_counts_up                       0x200000de   Data           1  main.o(.data..L_MergedGlobals)
    min_bemf_counts_down                     0x200000df   Data           1  main.o(.data..L_MergedGlobals)
    step                                     0x200000e0   Data           1  main.o(.data..L_MergedGlobals)
    absolute_voltage_cutoff                  0x200000e2   Data           2  main.o(.data..L_MergedGlobals)
    motor_kv                                 0x200000e4   Data           2  main.o(.data..L_MergedGlobals)
    CURRENT_LIMIT                            0x200000e6   Data           2  main.o(.data..L_MergedGlobals)
    stall_protect_target_interval            0x200000e8   Data           2  main.o(.data..L_MergedGlobals)
    enter_sine_angle                         0x200000ea   Data           2  main.o(.data..L_MergedGlobals)
    servo_low_threshold                      0x200000ec   Data           2  main.o(.data..L_MergedGlobals)
    servo_high_threshold                     0x200000ee   Data           2  main.o(.data..L_MergedGlobals)
    servo_neutral                            0x200000f0   Data           2  main.o(.data..L_MergedGlobals)
    low_cell_volt_cutoff                     0x200000f2   Data           2  main.o(.data..L_MergedGlobals)
    ADC_CCR                                  0x200000f4   Data           2  main.o(.data..L_MergedGlobals)
    use_current_limit_adjust                 0x200000f6   Data           2  main.o(.data..L_MergedGlobals)
    reverse_speed_threshold                  0x200000f8   Data           2  main.o(.data..L_MergedGlobals)
    min_startup_duty                         0x200000fa   Data           2  main.o(.data..L_MergedGlobals)
    sin_mode_min_s_d                         0x200000fc   Data           2  main.o(.data..L_MergedGlobals)
    startup_max_duty_cycle                   0x200000fe   Data           2  main.o(.data..L_MergedGlobals)
    minimum_duty_cycle                       0x20000100   Data           2  main.o(.data..L_MergedGlobals)
    stall_protect_minimum_duty               0x20000102   Data           2  main.o(.data..L_MergedGlobals)
    tim1_arr                                 0x20000104   Data           2  main.o(.data..L_MergedGlobals)
    TIMER1_MAX_ARR                           0x20000106   Data           2  main.o(.data..L_MergedGlobals)
    duty_cycle_maximum                       0x20000108   Data           2  main.o(.data..L_MergedGlobals)
    low_rpm_level                            0x2000010a   Data           2  main.o(.data..L_MergedGlobals)
    high_rpm_level                           0x2000010c   Data           2  main.o(.data..L_MergedGlobals)
    throttle_max_at_low_rpm                  0x2000010e   Data           2  main.o(.data..L_MergedGlobals)
    throttle_max_at_high_rpm                 0x20000110   Data           2  main.o(.data..L_MergedGlobals)
    step_delay                               0x20000112   Data           2  main.o(.data..L_MergedGlobals)
    gate_drive_offset                        0x20000114   Data           2  main.o(.data..L_MergedGlobals)
    commutation_interval                     0x20000116   Data           2  main.o(.data..L_MergedGlobals)
    MAXIMUM_RPM_SPEED_CONTROL                0x20000118   Data           4  main.o(.data..L_MergedGlobals)
    MINIMUM_RPM_SPEED_CONTROL                0x2000011c   Data           4  main.o(.data..L_MergedGlobals)
    buffersize                               0x20000120   Data           1  signal.o(.data..L_MergedGlobals)
    smallestnumber                           0x20000122   Data           2  signal.o(.data..L_MergedGlobals)
    dshot_frametime_high                     0x20000124   Data           2  signal.o(.data..L_MergedGlobals)
    FLASH_FKEY1                              0x20000128   Data           4  eeprom.o(.data..L_MergedGlobals)
    FLASH_FKEY2                              0x2000012c   Data           4  eeprom.o(.data..L_MergedGlobals)
    speedPid                                 0x20000130   Data          40  main.o(.data..L_MergedGlobals.1)
    currentPid                               0x20000158   Data          40  main.o(.data..L_MergedGlobals.1)
    stallPid                                 0x20000180   Data          40  main.o(.data..L_MergedGlobals.1)
    SystemCoreClock                          0x200001a8   Data           4  system_stm32f0xx.o(.data.SystemCoreClock)
    active_COMP                              0x200001ac   Data           4  comparator.o(.data.active_COMP)
    ic_timer_prescaler                       0x200001b0   Data           1  io.o(.data.ic_timer_prescaler)
    max_servo_deviation                      0x200001b4   Data           4  signal.o(.data.max_servo_deviation)
    nbDataToTransmit                         0x200001b8   Data           1  serial_telemetry.o(.data.nbDataToTransmit)
    pwmSin                                   0x200001ba   Data         720  main.o(.data.pwmSin)
    EDT_ARM_ENABLE                           0x20000490   Data           1  dshot.o(.bss..L_MergedGlobals)
    EDT_ARMED                                0x20000491   Data           1  dshot.o(.bss..L_MergedGlobals)
    command_count                            0x20000492   Data           1  dshot.o(.bss..L_MergedGlobals)
    last_command                             0x20000493   Data           1  dshot.o(.bss..L_MergedGlobals)
    high_pin_count                           0x20000494   Data           1  dshot.o(.bss..L_MergedGlobals)
    dshot_extended_telemetry                 0x20000495   Data           1  dshot.o(.bss..L_MergedGlobals)
    send_extended_dshot                      0x20000496   Data           2  dshot.o(.bss..L_MergedGlobals)
    halfpulsetime                            0x20000498   Data           2  dshot.o(.bss..L_MergedGlobals)
    dshot_frametime                          0x2000049a   Data           2  dshot.o(.bss..L_MergedGlobals)
    dshot_goodcounts                         0x2000049c   Data           2  dshot.o(.bss..L_MergedGlobals)
    dshot_badcounts                          0x2000049e   Data           2  dshot.o(.bss..L_MergedGlobals)
    shift_amount                             0x200004a0   Data           4  dshot.o(.bss..L_MergedGlobals)
    dshot_full_number                        0x200004a4   Data           4  dshot.o(.bss..L_MergedGlobals)
    gcrnumber                                0x200004a8   Data           4  dshot.o(.bss..L_MergedGlobals)
    dpulse                                   0x200004ac   Data          64  dshot.o(.bss..L_MergedGlobals)
    invalid_crc                              0x200004ec   Data           4  crsf.o(.bss..L_MergedGlobals)
    crsf_channels                            0x200004f0   Data          32  crsf.o(.bss..L_MergedGlobals)
    out_put                                  0x20000510   Data           1  io.o(.bss..L_MergedGlobals)
    buffer_padding                           0x20000511   Data           1  io.o(.bss..L_MergedGlobals)
    enter_calibration_count                  0x20000514   Data           1  signal.o(.bss..L_MergedGlobals.1)
    calibration_required                     0x20000515   Data           1  signal.o(.bss..L_MergedGlobals.1)
    high_calibration_counts                  0x20000516   Data           1  signal.o(.bss..L_MergedGlobals.1)
    high_calibration_set                     0x20000517   Data           1  signal.o(.bss..L_MergedGlobals.1)
    low_calibration_counts                   0x20000518   Data           1  signal.o(.bss..L_MergedGlobals.1)
    average_count                            0x20000519   Data           1  signal.o(.bss..L_MergedGlobals.1)
    output_timer_prescaler                   0x2000051a   Data           1  signal.o(.bss..L_MergedGlobals.1)
    last_high_threshold                      0x2000051c   Data           2  signal.o(.bss..L_MergedGlobals.1)
    last_input                               0x2000051e   Data           2  signal.o(.bss..L_MergedGlobals.1)
    dshot_frametime_low                      0x20000520   Data           2  signal.o(.bss..L_MergedGlobals.1)
    servorawinput                            0x20000524   Data           4  signal.o(.bss..L_MergedGlobals.1)
    average_packet_length                    0x20000528   Data           4  signal.o(.bss..L_MergedGlobals.1)
    average_signal_pulse                     0x2000052c   Data           4  signal.o(.bss..L_MergedGlobals.1)
    brushed_mode                             0x20000530   Data           1  main.o(.bss..L_MergedGlobals.2)
    drive_by_rpm                             0x20000531   Data           1  main.o(.bss..L_MergedGlobals.2)
    crsf_input_channel                       0x20000532   Data           1  main.o(.bss..L_MergedGlobals.2)
    crsf_second_input_channel                0x20000533   Data           1  main.o(.bss..L_MergedGlobals.2)
    dual_input_brushed_mode                  0x20000534   Data           1  main.o(.bss..L_MergedGlobals.2)
    serial_mode                              0x20000535   Data           1  main.o(.bss..L_MergedGlobals.2)
    input_ready                              0x20000536   Data           1  main.o(.bss..L_MergedGlobals.2)
    red_level                                0x20000537   Data           1  main.o(.bss..L_MergedGlobals.2)
    blue_level                               0x20000538   Data           1  main.o(.bss..L_MergedGlobals.2)
    compute_dshot_flag                       0x20000539   Data           1  main.o(.bss..L_MergedGlobals.2)
    dir_reversed                             0x2000053a   Data           1  main.o(.bss..L_MergedGlobals.2)
    bi_direction                             0x2000053b   Data           1  main.o(.bss..L_MergedGlobals.2)
    brake_on_stop                            0x2000053c   Data           1  main.o(.bss..L_MergedGlobals.2)
    stall_protection                         0x2000053d   Data           1  main.o(.bss..L_MergedGlobals.2)
    use_sin_start                            0x2000053e   Data           1  main.o(.bss..L_MergedGlobals.2)
    TLM_ON_INTERVAL                          0x2000053f   Data           1  main.o(.bss..L_MergedGlobals.2)
    USE_HALL_SENSOR                          0x20000540   Data           1  main.o(.bss..L_MergedGlobals.2)
    do_once_sinemode                         0x20000541   Data           1  main.o(.bss..L_MergedGlobals.2)
    LOW_VOLTAGE_CUTOFF                       0x20000542   Data           1  main.o(.bss..L_MergedGlobals.2)
    RC_CAR_REVERSE                           0x20000543   Data           1  main.o(.bss..L_MergedGlobals.2)
    return_to_center                         0x20000544   Data           1  main.o(.bss..L_MergedGlobals.2)
    use_speed_control_loop                   0x20000545   Data           1  main.o(.bss..L_MergedGlobals.2)
    use_current_limit                        0x20000546   Data           1  main.o(.bss..L_MergedGlobals.2)
    desync_happened                          0x20000547   Data           1  main.o(.bss..L_MergedGlobals.2)
    crawler_mode                             0x20000548   Data           1  main.o(.bss..L_MergedGlobals.2)
    cell_count                               0x20000549   Data           1  main.o(.bss..L_MergedGlobals.2)
    brushed_direction_set                    0x2000054a   Data           1  main.o(.bss..L_MergedGlobals.2)
    play_tone_flag                           0x2000054b   Data           1  main.o(.bss..L_MergedGlobals.2)
    desync_check                             0x2000054c   Data           1  main.o(.bss..L_MergedGlobals.2)
    adc_counter                              0x2000054d   Data           1  main.o(.bss..L_MergedGlobals.2)
    send_telemetry                           0x2000054e   Data           1  main.o(.bss..L_MergedGlobals.2)
    prop_brake_active                        0x2000054f   Data           1  main.o(.bss..L_MergedGlobals.2)
    dshot_telemetry                          0x20000550   Data           1  main.o(.bss..L_MergedGlobals.2)
    readIndex                                0x20000551   Data           1  main.o(.bss..L_MergedGlobals.2)
    bemf_timeout_happened                    0x20000552   Data           1  main.o(.bss..L_MergedGlobals.2)
    running                                  0x20000553   Data           1  main.o(.bss..L_MergedGlobals.2)
    stepper_sine                             0x20000554   Data           1  main.o(.bss..L_MergedGlobals.2)
    stuckcounter                             0x20000555   Data           1  main.o(.bss..L_MergedGlobals.2)
    bad_count                                0x20000556   Data           1  main.o(.bss..L_MergedGlobals.2)
    armed                                    0x20000557   Data           1  main.o(.bss..L_MergedGlobals.2)
    inputSet                                 0x20000558   Data           1  main.o(.bss..L_MergedGlobals.2)
    dshot                                    0x20000559   Data           1  main.o(.bss..L_MergedGlobals.2)
    servoPwm                                 0x2000055a   Data           1  main.o(.bss..L_MergedGlobals.2)
    zcfound                                  0x2000055b   Data           1  main.o(.bss..L_MergedGlobals.2)
    automatic_timing                         0x2000055c   Data           1  main.o(.bss..L_MergedGlobals.2)
    bemfcounter                              0x2000055d   Data           1  main.o(.bss..L_MergedGlobals.2)
    degrees_celsius                          0x2000055e   Data           1  main.o(.bss..L_MergedGlobals.2)
    temperature_offset                       0x2000055f   Data           1  main.o(.bss..L_MergedGlobals.2)
    crsf_second_input                        0x20000560   Data           2  main.o(.bss..L_MergedGlobals.2)
    ROTC_divider_cnt                         0x20000562   Data           2  main.o(.bss..L_MergedGlobals.2)
    ROTC_divider                             0x20000564   Data           2  main.o(.bss..L_MergedGlobals.2)
    ledcounter                               0x20000566   Data           2  main.o(.bss..L_MergedGlobals.2)
    one_khz_loop_counter                     0x20000568   Data           2  main.o(.bss..L_MergedGlobals.2)
    target_e_com_time                        0x2000056a   Data           2  main.o(.bss..L_MergedGlobals.2)
    low_voltage_count                        0x2000056c   Data           2  main.o(.bss..L_MergedGlobals.2)
    tenkhzcounter                            0x2000056e   Data           2  main.o(.bss..L_MergedGlobals.2)
    actual_current                           0x20000570   Data           2  main.o(.bss..L_MergedGlobals.2)
    last_duty_cycle                          0x20000572   Data           2  main.o(.bss..L_MergedGlobals.2)
    duty_cycle_setpoint                      0x20000574   Data           2  main.o(.bss..L_MergedGlobals.2)
    adjusted_input                           0x20000576   Data           2  main.o(.bss..L_MergedGlobals.2)
    smoothedcurrent                          0x20000578   Data           2  main.o(.bss..L_MergedGlobals.2)
    advance                                  0x2000057a   Data           2  main.o(.bss..L_MergedGlobals.2)
    zero_input_count                         0x2000057c   Data           2  main.o(.bss..L_MergedGlobals.2)
    input                                    0x2000057e   Data           2  main.o(.bss..L_MergedGlobals.2)
    newinput                                 0x20000580   Data           2  main.o(.bss..L_MergedGlobals.2)
    duty_cycle                               0x20000582   Data           2  main.o(.bss..L_MergedGlobals.2)
    waitTime                                 0x20000584   Data           2  main.o(.bss..L_MergedGlobals.2)
    signaltimeout                            0x20000586   Data           2  main.o(.bss..L_MergedGlobals.2)
    speed_control_min_input                  0x20000588   Data           2  main.o(.bss..L_MergedGlobals.2)
    speed_control_max_input                  0x2000058a   Data           2  main.o(.bss..L_MergedGlobals.2)
    ADC_raw_current                          0x2000058c   Data           2  main.o(.bss..L_MergedGlobals.2)
    thiszctime                               0x2000058e   Data           2  main.o(.bss..L_MergedGlobals.2)
    prop_brake_duty_cycle                    0x20000590   Data           2  main.o(.bss..L_MergedGlobals.2)
    phase_A_position                         0x20000592   Data           2  main.o(.bss..L_MergedGlobals.2)
    phase_B_position                         0x20000594   Data           2  main.o(.bss..L_MergedGlobals.2)
    phase_C_position                         0x20000596   Data           2  main.o(.bss..L_MergedGlobals.2)
    armed_timeout_count                      0x20000598   Data           2  main.o(.bss..L_MergedGlobals.2)
    battery_voltage                          0x2000059a   Data           2  main.o(.bss..L_MergedGlobals.2)
    telem_ms_count                           0x2000059c   Data           2  main.o(.bss..L_MergedGlobals.2)
    adjusted_duty_cycle                      0x2000059e   Data           2  main.o(.bss..L_MergedGlobals.2)
    e_rpm                                    0x200005a0   Data           2  main.o(.bss..L_MergedGlobals.2)
    ADC_raw_temp                             0x200005a2   Data           2  main.o(.bss..L_MergedGlobals.2)
    converted_degrees                        0x200005a4   Data           2  main.o(.bss..L_MergedGlobals.2)
    ADC_raw_volts                            0x200005a6   Data           2  main.o(.bss..L_MergedGlobals.2)
    k_erpm                                   0x200005a8   Data           2  main.o(.bss..L_MergedGlobals.2)
    input_override                           0x200005ac   Data           4  main.o(.bss..L_MergedGlobals.3)
    stall_protection_adjust                  0x200005b0   Data           4  main.o(.bss..L_MergedGlobals.3)
    MCU_Id                                   0x200005b4   Data           4  main.o(.bss..L_MergedGlobals.3)
    REV_Id                                   0x200005b8   Data           4  main.o(.bss..L_MergedGlobals.3)
    consumed_current                         0x200005bc   Data           4  main.o(.bss..L_MergedGlobals.3)
    smoothed_raw_current                     0x200005c0   Data           4  main.o(.bss..L_MergedGlobals.3)
    average_interval                         0x200005c4   Data           4  main.o(.bss..L_MergedGlobals.3)
    total                                    0x200005c8   Data           4  main.o(.bss..L_MergedGlobals.3)
    zero_crosses                             0x200005cc   Data           4  main.o(.bss..L_MergedGlobals.3)
    e_com_time                               0x200005d0   Data           4  main.o(.bss..L_MergedGlobals.3)
    last_average_interval                    0x200005d4   Data           4  main.o(.bss..L_MergedGlobals.3)
    commutation_intervals                    0x200005d8   Data          12  main.o(.bss..L_MergedGlobals.3)
    ADCDataDMA                               0x200005e4   Data           6  adc.o(.bss.ADCDataDMA)
    aTxBuffer                                0x200005ea   Data          10  serial_telemetry.o(.bss.aTxBuffer)
    beep_volume                              0x200005f4   Data           1  sounds.o(.bss.beep_volume)
    crsf_buffer                              0x200005f5   Data         100  crsf.o(.bss.crsf_buffer)
    dma_buffer                               0x2000065c   Data         256  io.o(.bss.dma_buffer)
    dshotcommand                             0x2000075c   Data           1  main.o(.bss.dshotcommand)
    eepromBuffer                             0x2000075d   Data         256  main.o(.bss.eepromBuffer)
    gcr                                      0x20000860   Data         148  dshot.o(.bss.gcr)
    last_dshot_command                       0x200008f4   Data           1  main.o(.bss.last_dshot_command)
    readings                                 0x200008f6   Data         100  main.o(.bss.readings)
    __initial_sp                             0x20000d60   Data           0  startup_stm32f051k8.o(STACK)



==============================================================================

Memory Map of the image

  Image Entry point : 0x080010bd

  Load Region LR_IROM1 (Base: 0x08001000, Size: 0x00006108, Max: 0x00007fff, ABSOLUTE, COMPRESSED[0x00006030])

    Execution Region ER_IROM1 (Exec base: 0x08001000, Load base: 0x08001000, Size: 0x00005d38, Max: 0x00007fff, ABSOLUTE)

    Exec Addr    Load Addr    Size         Type   Attr      Idx    E Section Name        Object

    0x08001000   0x08001000   0x000000bc   Data   RO            3    RESET               startup_stm32f051k8.o
    0x080010bc   0x080010bc   0x00000000   Code   RO          639  * .ARM.Collect$$$$00000000  mc_p.l(entry.o)
    0x080010bc   0x080010bc   0x00000004   Code   RO          672    .ARM.Collect$$$$00000001  mc_p.l(entry2.o)
    0x080010c0   0x080010c0   0x00000004   Code   RO          675    .ARM.Collect$$$$00000004  mc_p.l(entry5.o)
    0x080010c4   0x080010c4   0x00000000   Code   RO          677    .ARM.Collect$$$$00000008  mc_p.l(entry7b.o)
    0x080010c4   0x080010c4   0x00000000   Code   RO          679    .ARM.Collect$$$$0000000A  mc_p.l(entry8b.o)
    0x080010c4   0x080010c4   0x00000008   Code   RO          680    .ARM.Collect$$$$0000000B  mc_p.l(entry9a.o)
    0x080010cc   0x080010cc   0x00000000   Code   RO          682    .ARM.Collect$$$$0000000D  mc_p.l(entry10a.o)
    0x080010cc   0x080010cc   0x00000000   Code   RO          684    .ARM.Collect$$$$0000000F  mc_p.l(entry11a.o)
    0x080010cc   0x080010cc   0x00000004   Code   RO          673    .ARM.Collect$$$$00002712  mc_p.l(entry2.o)
    0x080010d0   0x080010d0   0x0000001c   Code   RO            4    .text               startup_stm32f051k8.o
    0x080010ec   0x080010ec   0x00000024   Code   RO          650    .text               mc_p.l(memcpya.o)
    0x08001110   0x08001110   0x00000024   Code   RO          652    .text               mc_p.l(memseta.o)
    0x08001134   0x08001134   0x000000b2   Code   RO          656    .text               mf_p.l(fadd.o)
    0x080011e6   0x080011e6   0x0000007c   Code   RO          658    .text               mf_p.l(fdiv.o)
    0x08001262   0x08001262   0x0000001c   Code   RO          660    .text               mf_p.l(fcmple.o)
    0x0800127e   0x0800127e   0x0000001c   Code   RO          662    .text               mf_p.l(fcmplt.o)
    0x0800129a   0x0800129a   0x0000001c   Code   RO          664    .text               mf_p.l(fcmpge.o)
    0x080012b6   0x080012b6   0x0000001c   Code   RO          666    .text               mf_p.l(fcmpgt.o)
    0x080012d2   0x080012d2   0x00000016   Code   RO          668    .text               mf_p.l(fflti.o)
    0x080012e8   0x080012e8   0x00000032   Code   RO          670    .text               mf_p.l(ffixi.o)
    0x0800131a   0x0800131a   0x0000003e   Code   RO          690    .text               mc_p.l(uidiv_div0.o)
    0x08001358   0x08001358   0x00000050   Code   RO          692    .text               mc_p.l(idiv_div0.o)
    0x080013a8   0x080013a8   0x00000000   Code   RO          696    .text               mc_p.l(iusefp.o)
    0x080013a8   0x080013a8   0x00000082   Code   RO          697    .text               mf_p.l(fepilogue.o)
    0x0800142a   0x0800142a   0x00000002   PAD
    0x0800142c   0x0800142c   0x00000024   Code   RO          699    .text               mc_p.l(init.o)
    0x08001450   0x08001450   0x00000056   Code   RO          709    .text               mc_p.l(__dczerorl2.o)
    0x080014a6   0x080014a6   0x00000002   PAD
    0x080014a8   0x080014a8   0x00000018   Code   RO          414    .text.ADC1_COMP_IRQHandler  stm32f0xx_it.o
    0x080014c0   0x080014c0   0x00000028   Code   RO          198    .text.ADC_DMA_Callback  adc.o
    0x080014e8   0x080014e8   0x0000013c   Code   RO          204    .text.ADC_Init      adc.o
    0x08001624   0x08001624   0x00000028   Code   RO          428    .text.DMA1_Channel1_IRQHandler  stm32f0xx_it.o
    0x0800164c   0x0800164c   0x00000020   Code   RO          410    .text.DMA1_Channel2_3_IRQHandler  stm32f0xx_it.o
    0x0800166c   0x0800166c   0x000000b0   Code   RO          412    .text.DMA1_Channel4_5_IRQHandler  stm32f0xx_it.o
    0x0800171c   0x0800171c   0x00000014   Code   RO          432    .text.EXTI4_15_IRQHandler  stm32f0xx_it.o
    0x08001730   0x08001730   0x00000002   Code   RO          402    .text.HardFault_Handler  stm32f0xx_it.o
    0x08001732   0x08001732   0x00000002   PAD
    0x08001734   0x08001734   0x00000034   Code   RO          462    .text.LL_ADC_Init   stm32f0xx_ll_adc.o
    0x08001768   0x08001768   0x0000002c   Code   RO          466    .text.LL_ADC_REG_Init  stm32f0xx_ll_adc.o
    0x08001794   0x08001794   0x000000ba   Code   RO          522    .text.LL_GPIO_Init  stm32f0xx_ll_gpio.o
    0x0800184e   0x0800184e   0x00000002   PAD
    0x08001850   0x08001850   0x00000020   Code   RO          620    .text.LL_Init1msTick  stm32f0xx_ll_utils.o
    0x08001870   0x08001870   0x00000054   Code   RO          544    .text.LL_RCC_GetSystemClocksFreq  stm32f0xx_ll_rcc.o
    0x080018c4   0x080018c4   0x000000c0   Code   RO          552    .text.LL_RCC_GetUSARTClockFreq  stm32f0xx_ll_rcc.o
    0x08001984   0x08001984   0x0000000c   Code   RO          624    .text.LL_SetSystemCoreClock  stm32f0xx_ll_utils.o
    0x08001990   0x08001990   0x00000040   Code   RO          592    .text.LL_TIM_BDTR_Init  stm32f0xx_ll_tim.o
    0x080019d0   0x080019d0   0x000000bc   Code   RO          572    .text.LL_TIM_Init   stm32f0xx_ll_tim.o
    0x08001a8c   0x08001a8c   0x00000234   Code   RO          576    .text.LL_TIM_OC_Init  stm32f0xx_ll_tim.o
    0x08001cc0   0x08001cc0   0x000000b4   Code   RO          604    .text.LL_USART_Init  stm32f0xx_ll_usart.o
    0x08001d74   0x08001d74   0x0000002c   Code   RO          295    .text.MX_IWDG_Init  peripherals.o
    0x08001da0   0x08001da0   0x000001d0   Code   RO          279    .text.MX_TIM1_Init  peripherals.o
    0x08001f70   0x08001f70   0x00000002   Code   RO          400    .text.NMI_Handler   stm32f0xx_it.o
    0x08001f72   0x08001f72   0x00000002   Code   RO          406    .text.PendSV_Handler  stm32f0xx_it.o
    0x08001f74   0x08001f74   0x000000f4   Code   RO           55    .text.PeriodElapsedCallback  main.o
    0x08002068   0x08002068   0x00000002   Code   RO          404    .text.SVC_Handler   stm32f0xx_it.o
    0x0800206a   0x0800206a   0x00000002   Code   RO          408    .text.SysTick_Handler  stm32f0xx_it.o
    0x0800206c   0x0800206c   0x00000124   Code   RO          273    .text.SystemClock_Config  peripherals.o
    0x08002190   0x08002190   0x00000002   Code   RO          443    .text.SystemInit    system_stm32f0xx.o
    0x08002192   0x08002192   0x00000002   PAD
    0x08002194   0x08002194   0x00000014   Code   RO          418    .text.TIM14_IRQHandler  stm32f0xx_it.o
    0x080021a8   0x080021a8   0x00000028   Code   RO          424    .text.TIM15_IRQHandler  stm32f0xx_it.o
    0x080021d0   0x080021d0   0x00000002   Code   RO          420    .text.TIM16_IRQHandler  stm32f0xx_it.o
    0x080021d2   0x080021d2   0x00000002   PAD
    0x080021d4   0x080021d4   0x00000028   Code   RO          430    .text.TIM1_BRK_UP_TRG_COM_IRQHandler  stm32f0xx_it.o
    0x080021fc   0x080021fc   0x00000028   Code   RO          426    .text.TIM3_IRQHandler  stm32f0xx_it.o
    0x08002224   0x08002224   0x0000001c   Code   RO          416    .text.TIM6_DAC_IRQHandler  stm32f0xx_it.o
    0x08002240   0x08002240   0x0000002c   Code   RO          422    .text.USART1_IRQHandler  stm32f0xx_it.o
    0x0800226c   0x0800226c   0x00000098   Code   RO          202    .text.activateADC   adc.o
    0x08002304   0x08002304   0x00000068   Code   RO          361    .text.allOff        phaseouts.o
    0x0800236c   0x0800236c   0x00000090   Code   RO          367    .text.allpwm        phaseouts.o
    0x080023fc   0x080023fc   0x0000005c   Code   RO          221    .text.changeCompInput  comparator.o
    0x08002458   0x08002458   0x000002bc   Code   RO          363    .text.comStep       phaseouts.o
    0x08002714   0x08002714   0x000003b8   Code   RO           11    .text.computeDshotDMA  dshot.o
    0x08002acc   0x08002acc   0x00000198   Code   RO          119    .text.computeServoInput  signal.o
    0x08002c64   0x08002c64   0x00000128   Code   RO          329    .text.crsf_UART_Init  peripherals.o
    0x08002d8c   0x08002d8c   0x00000020   Code   RO           31    .text.delayMicros   functions.o
    0x08002dac   0x08002dac   0x00000048   Code   RO           33    .text.delayMillis   functions.o
    0x08002df4   0x08002df4   0x00000200   Code   RO          127    .text.detectInput   signal.o
    0x08002ff4   0x08002ff4   0x00000030   Code   RO          200    .text.enableADC_DMA  adc.o
    0x08003024   0x08003024   0x00000010   Code   RO          219    .text.enableCompInterrupts  comparator.o
    0x08003034   0x08003034   0x0000015c   Code   RO          327    .text.enableCorePeripherals  peripherals.o
    0x08003190   0x08003190   0x0000006c   Code   RO          365    .text.fullBrake     phaseouts.o
    0x080031fc   0x080031fc   0x00000010   Code   RO          323    .text.generatePwmTimerEvent  peripherals.o
    0x0800320c   0x0800320c   0x0000000a   Code   RO           29    .text.getAbsDif     functions.o
    0x08003216   0x08003216   0x00000002   PAD
    0x08003218   0x08003218   0x0000002c   Code   RO          215    .text.getCompOutputLevel  comparator.o
    0x08003244   0x08003244   0x00000010   Code   RO          249    .text.getInputPinState  io.o
    0x08003254   0x08003254   0x00000144   Code   RO          293    .text.initAfterJump  peripherals.o
    0x08003398   0x08003398   0x00000210   Code   RO          271    .text.initCorePeripherals  peripherals.o
    0x080035a8   0x080035a8   0x000000ec   Code   RO           57    .text.interruptRoutine  main.o
    0x08003694   0x08003694   0x000003e4   Code   RO           45    .text.loadEEpromSettings  main.o
    0x08003a78   0x08003a78   0x00000df0   Code   RO           73    .text.main          main.o
    0x08004868   0x08004868   0x00000078   Code   RO          387    .text.makeTelemPackage  serial_telemetry.o
    0x080048e0   0x080048e0   0x000001bc   Code   RO           13    .text.make_dshot_package  dshot.o
    0x08004a9c   0x08004a9c   0x00000046   Code   RO           27    .text.map           functions.o
    0x08004ae2   0x08004ae2   0x00000002   PAD
    0x08004ae4   0x08004ae4   0x00000014   Code   RO          217    .text.maskPhaseInterrupts  comparator.o
    0x08004af8   0x08004af8   0x00000064   Code   RO          166    .text.playBeaconTune3  sounds.o
    0x08004b5c   0x08004b5c   0x000000d8   Code   RO          150    .text.playBlueJayTune  sounds.o
    0x08004c34   0x08004c34   0x00000074   Code   RO          154    .text.playBrushedStartupTune  sounds.o
    0x08004ca8   0x08004ca8   0x00000048   Code   RO          164    .text.playChangedTone  sounds.o
    0x08004cf0   0x08004cf0   0x00000048   Code   RO          162    .text.playDefaultTone  sounds.o
    0x08004d38   0x08004d38   0x0000005c   Code   RO          160    .text.playInputTune  sounds.o
    0x08004d94   0x08004d94   0x00000074   Code   RO          158    .text.playInputTune2  sounds.o
    0x08004e08   0x08004e08   0x00000088   Code   RO          152    .text.playStartupTune  sounds.o
    0x08004e90   0x08004e90   0x00000034   Code   RO           67    .text.processDshot  main.o
    0x08004ec4   0x08004ec4   0x00000064   Code   RO          341    .text.proportionalBrake  phaseouts.o
    0x08004f28   0x08004f28   0x00000052   Code   RO          234    .text.read_flash_bin  eeprom.o
    0x08004f7a   0x08004f7a   0x00000002   PAD
    0x08004f7c   0x08004f7c   0x0000002c   Code   RO          331    .text.receiveCRSF   peripherals.o
    0x08004fa8   0x08004fa8   0x0000009c   Code   RO          245    .text.receiveDshotDma  io.o
    0x08005044   0x08005044   0x00000010   Code   RO          325    .text.resetInputCaptureTimer  peripherals.o
    0x08005054   0x08005054   0x00000328   Code   RO           71    .text.runBrushedLoop  main.o
    0x0800537c   0x0800537c   0x00000068   Code   RO           47    .text.saveEEpromSettings  main.o
    0x080053e4   0x080053e4   0x000001d0   Code   RO          232    .text.save_flash_nolib  eeprom.o
    0x080055b4   0x080055b4   0x00000090   Code   RO          247    .text.sendDshotDma  io.o
    0x08005644   0x08005644   0x0000004c   Code   RO          383    .text.send_telem_DMA  serial_telemetry.o
    0x08005690   0x08005690   0x00000268   Code   RO          185    .text.setChannels   crsf.o
    0x080058f8   0x080058f8   0x0000071c   Code   RO           61    .text.setInput      main.o
    0x08006014   0x08006014   0x00000014   Code   RO          255    .text.setInputPullUp  io.o
    0x08006028   0x08006028   0x0000000c   Code   RO          317    .text.setPWMCompare1  peripherals.o
    0x08006034   0x08006034   0x0000000c   Code   RO          319    .text.setPWMCompare2  peripherals.o
    0x08006040   0x08006040   0x0000000c   Code   RO          321    .text.setPWMCompare3  peripherals.o
    0x0800604c   0x0800604c   0x00000014   Code   RO          142    .text.setVolume     sounds.o
    0x08006060   0x08006060   0x000000c8   Code   RO           59    .text.startMotor    main.o
    0x08006128   0x08006128   0x0000014c   Code   RO          381    .text.telem_UART_Init  serial_telemetry.o
    0x08006274   0x08006274   0x000004b8   Code   RO           63    .text.tenKhzRoutine  main.o
    0x0800672c   0x0800672c   0x00000174   Code   RO          121    .text.transfercomplete  signal.o
    0x080068a0   0x080068a0   0x00000080   Code   RO          369    .text.twoChannelForward  phaseouts.o
    0x08006920   0x08006920   0x0000007c   Code   RO          371    .text.twoChannelReverse  phaseouts.o
    0x0800699c   0x0800699c   0x00000134   Code   RO           65    .text.zcfoundroutine  main.o
    0x08006ad0   0x08006ad0   0x0000000e   Code   RO          703    i.__scatterload_copy  mc_p.l(handlers.o)
    0x08006ade   0x08006ade   0x00000002   Code   RO          704    i.__scatterload_null  mc_p.l(handlers.o)
    0x08006ae0   0x08006ae0   0x0000000e   Code   RO          705    i.__scatterload_zeroinit  mc_p.l(handlers.o)
    0x08006aee   0x08006aee   0x00000010   Data   RO          448    .rodata.AHBPrescTable  system_stm32f0xx.o
    0x08006afe   0x08006afe   0x00000008   Data   RO          449    .rodata.APBPrescTable  system_stm32f0xx.o
    0x08006b06   0x08006b06   0x00000100   Data   RO          188    .rodata.crsf_crc8.crsf_crc8tab  crsf.o
    0x08006c06   0x08006c06   0x00000010   Data   RO           15    .rodata.gcr_encode_table  dshot.o
    0x08006c16   0x08006c16   0x00000100   Data   RO          391    .rodata.get_crc8.tbl  serial_telemetry.o
    0x08006d16   0x08006d16   0x00000002   PAD
    0x08006d18   0x08006d18   0x00000020   Data   RO          702    Region$$Table       anon$$obj.o


    Execution Region RW_IRAM1 (Exec base: 0x200000c0, Load base: 0x08006d38, Size: 0x00000ca0, Max: 0x00001f40, ABSOLUTE, COMPRESSED[0x000002f8])

    Exec Addr    Load Addr    Size         Type   Attr      Idx    E Section Name        Object

    0x200000c0   COMPRESSED   0x00000060   Data   RW          105    .data..L_MergedGlobals  main.o
    0x20000120   COMPRESSED   0x00000006   Data   RW          130    .data..L_MergedGlobals  signal.o
    0x20000126   COMPRESSED   0x00000002   PAD
    0x20000128   COMPRESSED   0x00000008   Data   RW          236    .data..L_MergedGlobals  eeprom.o
    0x20000130   COMPRESSED   0x00000078   Data   RW          106    .data..L_MergedGlobals.1  main.o
    0x200001a8   COMPRESSED   0x00000004   Data   RW          447    .data.SystemCoreClock  system_stm32f0xx.o
    0x200001ac   COMPRESSED   0x00000004   Data   RW          223    .data.active_COMP   comparator.o
    0x200001b0   COMPRESSED   0x00000001   Data   RW          261    .data.ic_timer_prescaler  io.o
    0x200001b1   COMPRESSED   0x00000003   PAD
    0x200001b4   COMPRESSED   0x00000004   Data   RW          129    .data.max_servo_deviation  signal.o
    0x200001b8   COMPRESSED   0x00000001   Data   RW          389    .data.nbDataToTransmit  serial_telemetry.o
    0x200001b9   COMPRESSED   0x00000001   PAD
    0x200001ba   COMPRESSED   0x000002d0   Data   RW           92    .data.pwmSin        main.o
    0x2000048a   COMPRESSED   0x00000006   PAD
    0x20000490        -       0x0000005c   Zero   RW           18    .bss..L_MergedGlobals  dshot.o
    0x200004ec        -       0x00000024   Zero   RW          189    .bss..L_MergedGlobals  crsf.o
    0x20000510        -       0x00000002   Zero   RW          263    .bss..L_MergedGlobals  io.o
    0x20000512   COMPRESSED   0x00000002   PAD
    0x20000514        -       0x0000001c   Zero   RW          131    .bss..L_MergedGlobals.1  signal.o
    0x20000530        -       0x0000007a   Zero   RW          107    .bss..L_MergedGlobals.2  main.o
    0x200005aa   COMPRESSED   0x00000002   PAD
    0x200005ac        -       0x00000038   Zero   RW          108    .bss..L_MergedGlobals.3  main.o
    0x200005e4        -       0x00000006   Zero   RW          206    .bss.ADCDataDMA     adc.o
    0x200005ea        -       0x0000000a   Zero   RW          390    .bss.aTxBuffer      serial_telemetry.o
    0x200005f4        -       0x00000001   Zero   RW          168    .bss.beep_volume    sounds.o
    0x200005f5        -       0x00000064   Zero   RW          187    .bss.crsf_buffer    crsf.o
    0x20000659   COMPRESSED   0x00000003   PAD
    0x2000065c        -       0x00000100   Zero   RW          262    .bss.dma_buffer     io.o
    0x2000075c        -       0x00000001   Zero   RW          102    .bss.dshotcommand   main.o
    0x2000075d        -       0x00000100   Zero   RW           89    .bss.eepromBuffer   main.o
    0x2000085d   COMPRESSED   0x00000003   PAD
    0x20000860        -       0x00000094   Zero   RW           16    .bss.gcr            dshot.o
    0x200008f4        -       0x00000001   Zero   RW           90    .bss.last_dshot_command  main.o
    0x200008f5   COMPRESSED   0x00000001   PAD
    0x200008f6        -       0x00000064   Zero   RW           95    .bss.readings       main.o
    0x2000095a   COMPRESSED   0x00000006   PAD
    0x20000960        -       0x00000400   Zero   RW            1    STACK               startup_stm32f051k8.o



  Load Region LR_FIRMWAREVERSION (Base: 0x08007be0, Size: 0x00000020, Max: 0x00000020, ABSOLUTE)

    Execution Region FIRMWAREVERSION (Exec base: 0x08007be0, Load base: 0x08007be0, Size: 0x00000020, Max: 0x00000020, ABSOLUTE)

    Exec Addr    Load Addr    Size         Type   Attr      Idx    E Section Name        Object

    0x08007be0   0x08007be0   0x0000001e   Data   RO          177    .rodata.test        firmwareversion.o


==============================================================================

Image component sizes


      Code (inc. data)   RO Data    RW Data    ZI Data      Debug   Object Name

       556         60          0          0          6       6230   adc.o
       172         32          0          4          0       1813   comparator.o
       616         60        256          0        136       2546   crsf.o
      1396        102         16          0        240       3999   dshot.o
       546          8          0          8          0       2651   eeprom.o
         0          0         30          0          0        393   firmwareversion.o
       184          4          0          0          0       2517   functions.o
       336         76          0          1        258       3626   io.o
      9544        602          0        936        536      25247   main.o
      2408        224          0          0          0      21124   peripherals.o
      1408         34          0          0          0       9283   phaseouts.o
       528         64        256          1         10       8655   serial_telemetry.o
      1292        148          0         10         28       3957   signal.o
       940         72          0          0          1       5161   sounds.o
        28          8        188          0       1024        668   startup_stm32f051k8.o
       516         68          0          0          0       6831   stm32f0xx_it.o
        96          8          0          0          0       5044   stm32f0xx_ll_adc.o
       186          0          0          0          0       3480   stm32f0xx_ll_gpio.o
       276         20          0          0          0       7391   stm32f0xx_ll_rcc.o
       816         52          0          0          0      11461   stm32f0xx_ll_tim.o
       180         16          0          0          0       5175   stm32f0xx_ll_usart.o
        44          8          0          0          0       7107   stm32f0xx_ll_utils.o
         2          0         24          4          0       1837   system_stm32f0xx.o

    ----------------------------------------------------------------------
     22084       1666        806        972       2260     146196   Object Totals
         0          0         32          0          0          0   (incl. Generated)
        14          0          4          8         21          0   (incl. Padding)

    ----------------------------------------------------------------------

      Code (inc. data)   RO Data    RW Data    ZI Data      Debug   Library Member Name

        86          0          0          0          0          0   __dczerorl2.o
         0          0          0          0          0          0   entry.o
         0          0          0          0          0          0   entry10a.o
         0          0          0          0          0          0   entry11a.o
         8          4          0          0          0          0   entry2.o
         4          0          0          0          0          0   entry5.o
         0          0          0          0          0          0   entry7b.o
         0          0          0          0          0          0   entry8b.o
         8          4          0          0          0          0   entry9a.o
        30          0          0          0          0          0   handlers.o
        80          6          0          0          0         72   idiv_div0.o
        36          8          0          0          0         68   init.o
         0          0          0          0          0          0   iusefp.o
        36          0          0          0          0         60   memcpya.o
        36          0          0          0          0        100   memseta.o
        62          0          0          0          0         72   uidiv_div0.o
       178          0          0          0          0        108   fadd.o
        28          0          0          0          0         60   fcmpge.o
        28          0          0          0          0         60   fcmpgt.o
        28          0          0          0          0         60   fcmple.o
        28          0          0          0          0         60   fcmplt.o
       124          0          0          0          0         72   fdiv.o
       130          0          0          0          0        144   fepilogue.o
        50          0          0          0          0         60   ffixi.o
        22          0          0          0          0         68   fflti.o

    ----------------------------------------------------------------------
      1006         22          0          0          0       1064   Library Totals
         4          0          0          0          0          0   (incl. Padding)

    ----------------------------------------------------------------------

      Code (inc. data)   RO Data    RW Data    ZI Data      Debug   Library Name

       386         22          0          0          0        372   mc_p.l
       616          0          0          0          0        692   mf_p.l

    ----------------------------------------------------------------------
      1006         22          0          0          0       1064   Library Totals

    ----------------------------------------------------------------------

==============================================================================


      Code (inc. data)   RO Data    RW Data    ZI Data      Debug   

     23090       1688        806        972       2260     146644   Grand Totals
     23090       1688        806        760       2260     146644   ELF Image Totals (compressed)
     23090       1688        806        760          0          0   ROM Totals

==============================================================================

    Total RO  Size (Code + RO Data)                23896 (  23.34kB)
    Total RW  Size (RW Data + ZI Data)              3232 (   3.16kB)
    Total ROM Size (Code + RO Data + RW Data)      24656 (  24.08kB)

==============================================================================

