<html>
<body>
<pre>
<h1>µVision Build Log</h1>
<h2>Tool Versions:</h2>
IDE-Version: µVision V5.38.0.0
Copyright (C) 2022 ARM Ltd and ARM Germany GmbH. All rights reserved.
License Information: P S, Home, LIC=----
 
Tool Versions:
Toolchain:       MDK-Lite  Version: 5.38.0.0
Toolchain Path:  C:\Keil_v5\ARM\ARMCLANG\Bin
C Compiler:      ArmClang.exe V6.19
Assembler:       Armasm.exe V6.19
Linker/Locator:  ArmLink.exe V6.19
Library Manager: ArmAr.exe V6.19
Hex Converter:   FromElf.exe V6.19
CPU DLL:         SARMCM3.DLL V5.38.0.0
Dialog DLL:      DARMCM1.DLL V1.19.6.0
Target DLL:      STLink\ST-LINKIII-KEIL_SWO.dll V3.1.0.0
Dialog DLL:      TARMCM1.DLL V1.14.6.0
 
<h2>Project:</h2>
C:\Users\alkaz\OneDrive\Documents\Am32-Experimental\Keil_Projects\Am32G071.uvprojx
Project File Date:  11/18/2024

<h2>Output:</h2>
*** Using Compiler 'V6.19', folder: 'C:\Keil_v5\ARM\ARMCLANG\Bin'
Rebuild Project 'Am32G071' - Target 'NEUTRONRC_G071'
assembling startup_stm32g071xx.s...
compiling eeprom.c...
compiling system_stm32g0xx.c...
compiling dshot.c...
compiling IO.c...
compiling WS2812.c...
compiling comparator.c...
compiling phaseouts.c...
compiling stm32g0xx_it.c...
compiling functions.c...
compiling serial_telemetry.c...
compiling ADC.c...
compiling peripherals.c...
compiling firmwareversion.c...
compiling sounds.c...
compiling signal.c...
compiling stm32g0xx_ll_comp.c...
compiling stm32g0xx_ll_exti.c...
compiling stm32g0xx_ll_adc.c...
compiling stm32g0xx_ll_gpio.c...
compiling stm32g0xx_ll_pwr.c...
compiling stm32g0xx_ll_dma.c...
compiling crsf.c...
compiling stm32g0xx_ll_rcc.c...
compiling main.c...
compiling stm32g0xx_ll_tim.c...
compiling stm32g0xx_ll_usart.c...
compiling stm32g0xx_ll_utils.c...
linking...
Program Size: Code=26076 RO-data=876 RW-data=1036 ZI-data=2252  
FromELF: creating hex file...
".\Objects\AM32_NEUTRONRC_G071.axf" - 0 Error(s), 0 Warning(s).

<h2>Software Packages used:</h2>

Package Vendor: ARM
                http://www.keil.com/pack/ARM.CMSIS.5.9.0.pack
                ARM.CMSIS.5.9.0
                CMSIS (Common Microcontroller Software Interface Standard)
   * Component: CORE Version: 5.6.0

Package Vendor: Keil
                http://www.keil.com/pack/Keil.STM32G0xx_DFP.1.4.0.pack
                Keil.STM32G0xx_DFP.1.4.0
                STMicroelectronics STM32G0 Series Device Support

<h2>Collection of Component include folders:</h2>
  ./RTE/_NEUTRONRC_G071
  C:/KeilPacks/ARM/CMSIS/5.9.0/CMSIS/Core/Include
  C:/KeilPacks/Keil/STM32G0xx_DFP/1.4.0/Drivers/CMSIS/Device/ST/STM32G0xx/Include

<h2>Collection of Component Files used:</h2>

   * Component: ARM::CMSIS:CORE:5.6.0
Build Time Elapsed:  00:00:02
</pre>
</body>
</html>
