<html>
<body>
<pre>
<h1>µVision Build Log</h1>
<h2>Tool Versions:</h2>
IDE-Version: µVision V5.38.0.0
Copyright (C) 2022 ARM Ltd and ARM Germany GmbH. All rights reserved.
License Information: P S, Home, LIC=----
 
Tool Versions:
Toolchain:       MDK-Lite  Version: 5.38.0.0
Toolchain Path:  C:\Keil_v5\ARM\ARMCLANG\Bin
C Compiler:      ArmClang.exe V6.19
Assembler:       Armasm.exe V6.19
Linker/Locator:  ArmLink.exe V6.19
Library Manager: ArmAr.exe V6.19
Hex Converter:   FromElf.exe V6.19
CPU DLL:         
Dialog DLL:      
Target DLL:      STLink\ST-LINKIII-KEIL_SWO.dll V3.1.0.0
Dialog DLL:      TCM.DLL V1.56.4.0
 
<h2>Project:</h2>
G:\My Drive\AM32\MULTI_V3\AM32_MULTI_MCU\Keil_Projects\Am32e230.uvprojx
Project File Date:  01/21/2024

<h2>Output:</h2>
*** Using Compiler 'V6.19', folder: 'C:\Keil_v5\ARM\ARMCLANG\Bin'
Build Project 'Am32e230' - Target 'SKYSTARS_KM55_E230'
compiling dshot.c...
compiling sounds.c...
compiling crsf.c...
compiling gd32e23x_dma.c...
compiling gd32e23x_cmp.c...
compiling functions.c...
compiling gd32e23x_crc.c...
compiling gd32e23x_dbg.c...
compiling gd32e23x_exti.c...
compiling firmwareversion.c...
compiling main.c...
compiling gd32e23x_fmc.c...
compiling gd32e23x_gpio.c...
compiling gd32e23x_fwdgt.c...
compiling signal.c...
compiling gd32e23x_misc.c...
compiling gd32e23x_adc.c...
compiling gd32e23x_i2c.c...
assembling startup_gd32e23x.s...
compiling gd32e23x_rcu.c...
compiling gd32e23x_rtc.c...
compiling gd32e23x_syscfg.c...
compiling gd32e23x_pmu.c...
compiling gd32e23x_usart.c...
compiling gd32e23x_timer.c...
compiling gd32e23x_spi.c...
compiling gd32e23x_it.c...
compiling comparator.c...
compiling ADC.c...
compiling serial_telemetry.c...
compiling eeprom.c...
compiling IO.c...
compiling phaseouts.c...
compiling systick.c...
compiling system_gd32e23x.c...
compiling peripherals.c...
linking...
Program Size: Code=25690 RO-data=806 RW-data=956 ZI-data=2260  
FromELF: creating hex file...
".\Objects\AM32_SKYSTARS_KM55_E230.axf" - 0 Error(s), 0 Warning(s).

<h2>Software Packages used:</h2>

Package Vendor: ARM
                http://www.keil.com/pack/ARM.CMSIS.5.9.0.pack
                ARM.CMSIS.5.9.0
                CMSIS (Common Microcontroller Software Interface Standard)
   * Component: CORE Version: 5.6.0

Package Vendor: GigaDevice
                http://gd32mcu.com/data/documents/pack/GigaDevice.GD32E23x_DFP.1.0.1.pack
                GigaDevice.GD32E23x_DFP.1.0.1
                GigaDevice GD32E23x Series Device Support and Examples

<h2>Collection of Component include folders:</h2>
  ./RTE/_SKYSTARS_KM55_E230
  C:/KeilPacks/ARM/CMSIS/5.9.0/CMSIS/Core/Include
  C:/KeilPacks/GigaDevice/GD32E23x_DFP/1.0.1/Device/Include

<h2>Collection of Component Files used:</h2>

   * Component: ARM::CMSIS:CORE:5.6.0
Build Time Elapsed:  00:00:08
</pre>
</body>
</html>
