<html>
<body>
<pre>
<h1>µVision Build Log</h1>
<h2>Tool Versions:</h2>
IDE-Version: µVision V5.38.0.0
Copyright (C) 2022 ARM Ltd and ARM Germany GmbH. All rights reserved.
License Information: P S, Home, LIC=----
 
Tool Versions:
Toolchain:       MDK-Lite  Version: 5.38.0.0
Toolchain Path:  C:\Keil_v5\ARM\ARMCLANG\Bin
C Compiler:      ArmClang.exe V6.19
Assembler:       Armasm.exe V6.19
Linker/Locator:  ArmLink.exe V6.19
Library Manager: ArmAr.exe V6.19
Hex Converter:   FromElf.exe V6.19
CPU DLL:         SARMCM3.DLL V5.38.0.0
Dialog DLL:      DARMCM1.DLL V1.19.6.0
Target DLL:      STLink\ST-LINKIII-KEIL_SWO.dll V3.1.0.0
Dialog DLL:      TARMCM1.DLL V1.14.6.0
 
<h2>Project:</h2>
G:\My Drive\AM32\MULTI_V3\AM32_MULTI_MCU\Keil_Projects\Am32F051.uvprojx
Project File Date:  02/01/2024

<h2>Output:</h2>
*** Using Compiler 'V6.19', folder: 'C:\Keil_v5\ARM\ARMCLANG\Bin'
Build Project 'Am32F051' - Target 'FLASHHOBBY_F051'
assembling startup_stm32f051k8.s...
compiling firmwareversion.c...
compiling functions.c...
compiling eeprom.c...
compiling ADC.c...
compiling peripherals.c...
compiling comparator.c...
compiling crsf.c...
compiling IO.c...
compiling sounds.c...
compiling main.c...
compiling dshot.c...
compiling phaseouts.c...
compiling signal.c...
compiling system_stm32f0xx.c...
compiling serial_telemetry.c...
compiling stm32f0xx_ll_dma.c...
compiling stm32f0xx_ll_comp.c...
compiling stm32f0xx_ll_adc.c...
compiling stm32f0xx_it.c...
compiling stm32f0xx_ll_gpio.c...
compiling stm32f0xx_ll_rcc.c...
compiling stm32f0xx_ll_exti.c...
compiling stm32f0xx_ll_pwr.c...
compiling stm32f0xx_ll_usart.c...
compiling stm32f0xx_ll_utils.c...
compiling stm32f0xx_ll_tim.c...
linking...
Program Size: Code=23086 RO-data=806 RW-data=972 ZI-data=2260  
FromELF: creating hex file...
".\Objects\AM32_FLASHHOBBY_F051.axf" - 0 Error(s), 0 Warning(s).

<h2>Software Packages used:</h2>

Package Vendor: Keil
                https://www.keil.com/pack/Keil.STM32F0xx_DFP.2.1.1.pack
                Keil.STM32F0xx_DFP.2.1.1
                STMicroelectronics STM32F0 Series Device Support, Drivers and Examples

<h2>Collection of Component include folders:</h2>
  ./RTE/_FLASHHOBBY_F051
  C:/KeilPacks/Keil/STM32F0xx_DFP/2.1.1/Drivers/CMSIS/Device/ST/STM32F0xx/Include

<h2>Collection of Component Files used:</h2>
Build Time Elapsed:  00:00:06
</pre>
</body>
</html>
