Component: Arm Compiler for Embedded 6.19 Tool: armlink [5e73cb00]

==============================================================================

Section Cross References

    startup_stm32g071xx.o(RESET) refers to startup_stm32g071xx.o(STACK) for __initial_sp
    startup_stm32g071xx.o(RESET) refers to startup_stm32g071xx.o(.text) for Reset_Handler
    startup_stm32g071xx.o(RESET) refers to stm32g0xx_it.o(.text.NMI_Handler) for NMI_Handler
    startup_stm32g071xx.o(RESET) refers to stm32g0xx_it.o(.text.HardFault_Handler) for HardFault_Handler
    startup_stm32g071xx.o(RESET) refers to stm32g0xx_it.o(.text.SVC_Handler) for SVC_Handler
    startup_stm32g071xx.o(RESET) refers to stm32g0xx_it.o(.text.PendSV_Handler) for PendSV_Handler
    startup_stm32g071xx.o(RESET) refers to stm32g0xx_it.o(.text.SysTick_Handler) for SysTick_Handler
    startup_stm32g071xx.o(RESET) refers to stm32g0xx_it.o(.text.EXTI4_15_IRQHandler) for EXTI4_15_IRQHandler
    startup_stm32g071xx.o(RESET) refers to stm32g0xx_it.o(.text.DMA1_Channel1_IRQHandler) for DMA1_Channel1_IRQHandler
    startup_stm32g071xx.o(RESET) refers to stm32g0xx_it.o(.text.DMA1_Channel2_3_IRQHandler) for DMA1_Channel2_3_IRQHandler
    startup_stm32g071xx.o(RESET) refers to stm32g0xx_it.o(.text.DMA1_Ch4_7_DMAMUX1_OVR_IRQHandler) for DMA1_Ch4_7_DMAMUX1_OVR_IRQHandler
    startup_stm32g071xx.o(RESET) refers to stm32g0xx_it.o(.text.ADC1_COMP_IRQHandler) for ADC1_COMP_IRQHandler
    startup_stm32g071xx.o(RESET) refers to stm32g0xx_it.o(.text.TIM3_IRQHandler) for TIM3_IRQHandler
    startup_stm32g071xx.o(RESET) refers to stm32g0xx_it.o(.text.TIM6_DAC_LPTIM1_IRQHandler) for TIM6_DAC_LPTIM1_IRQHandler
    startup_stm32g071xx.o(RESET) refers to stm32g0xx_it.o(.text.TIM14_IRQHandler) for TIM14_IRQHandler
    startup_stm32g071xx.o(RESET) refers to stm32g0xx_it.o(.text.TIM16_IRQHandler) for TIM16_IRQHandler
    startup_stm32g071xx.o(RESET) refers to stm32g0xx_it.o(.text.USART1_IRQHandler) for USART1_IRQHandler
    startup_stm32g071xx.o(.text) refers to system_stm32g0xx.o(.text.SystemInit) for SystemInit
    startup_stm32g071xx.o(.text) refers to entry.o(.ARM.Collect$$$$00000000) for __main
    adc.o(.text.ADC_DMA_Callback) refers to adc.o(.bss.ADCDataDMA) for ADCDataDMA
    adc.o(.text.ADC_DMA_Callback) refers to main.o(.bss..L_MergedGlobals.2) for ADC_raw_temp
    adc.o(.ARM.exidx.text.ADC_DMA_Callback) refers to adc.o(.text.ADC_DMA_Callback) for [Anonymous Symbol]
    adc.o(.text.enableADC_DMA) refers to adc.o(.bss.ADCDataDMA) for ADCDataDMA
    adc.o(.ARM.exidx.text.enableADC_DMA) refers to adc.o(.text.enableADC_DMA) for [Anonymous Symbol]
    adc.o(.text.activateADC) refers to uidiv_div0.o(.text) for __aeabi_uidiv
    adc.o(.text.activateADC) refers to system_stm32g0xx.o(.data.SystemCoreClock) for SystemCoreClock
    adc.o(.ARM.exidx.text.activateADC) refers to adc.o(.text.activateADC) for [Anonymous Symbol]
    adc.o(.text.ADC_Init) refers to stm32g0xx_ll_gpio.o(.text.LL_GPIO_Init) for LL_GPIO_Init
    adc.o(.text.ADC_Init) refers to stm32g0xx_ll_adc.o(.text.LL_ADC_REG_Init) for LL_ADC_REG_Init
    adc.o(.text.ADC_Init) refers to stm32g0xx_ll_adc.o(.text.LL_ADC_Init) for LL_ADC_Init
    adc.o(.ARM.exidx.text.ADC_Init) refers to adc.o(.text.ADC_Init) for [Anonymous Symbol]
    comparator.o(.text.getCompOutputLevel) refers to comparator.o(.data..L_MergedGlobals) for [Anonymous Symbol]
    comparator.o(.ARM.exidx.text.getCompOutputLevel) refers to comparator.o(.text.getCompOutputLevel) for [Anonymous Symbol]
    comparator.o(.ARM.exidx.text.maskPhaseInterrupts) refers to comparator.o(.text.maskPhaseInterrupts) for [Anonymous Symbol]
    comparator.o(.text.enableCompInterrupts) refers to comparator.o(.data..L_MergedGlobals) for [Anonymous Symbol]
    comparator.o(.ARM.exidx.text.enableCompInterrupts) refers to comparator.o(.text.enableCompInterrupts) for [Anonymous Symbol]
    comparator.o(.text.changeCompInput) refers to main.o(.data..L_MergedGlobals) for step
    comparator.o(.text.changeCompInput) refers to comparator.o(.data..L_MergedGlobals) for [Anonymous Symbol]
    comparator.o(.ARM.exidx.text.changeCompInput) refers to comparator.o(.text.changeCompInput) for [Anonymous Symbol]
    eeprom.o(.text.save_flash_nolib) refers to memseta.o(.text) for __aeabi_memclr4
    eeprom.o(.text.save_flash_nolib) refers to eeprom.o(.data..L_MergedGlobals) for [Anonymous Symbol]
    eeprom.o(.ARM.exidx.text.save_flash_nolib) refers to eeprom.o(.text.save_flash_nolib) for [Anonymous Symbol]
    eeprom.o(.ARM.exidx.text.read_flash_bin) refers to eeprom.o(.text.read_flash_bin) for [Anonymous Symbol]
    io.o(.text.receiveDshotDma) refers to io.o(.data.ic_timer_prescaler) for ic_timer_prescaler
    io.o(.text.receiveDshotDma) refers to io.o(.bss.dma_buffer) for dma_buffer
    io.o(.text.receiveDshotDma) refers to signal.o(.data..L_MergedGlobals) for buffersize
    io.o(.text.receiveDshotDma) refers to io.o(.bss.out_put) for out_put
[...]
    __arm_cp.1_18                            0x080042f0   Number         4  main.o(.text.loadEEpromSettings)
    [Anonymous Symbol]                       0x080042f4   Section        0  main.o(.text.main)
    __arm_cp.15_41                           0x08004648   Number         4  main.o(.text.main)
    __arm_cp.15_44                           0x08004660   Number         4  main.o(.text.main)
    __arm_cp.15_45                           0x08004664   Number         4  main.o(.text.main)
    __arm_cp.15_51                           0x0800467c   Number         4  main.o(.text.main)
    __arm_cp.15_52                           0x08004680   Number         4  main.o(.text.main)
    __arm_cp.15_53                           0x08004684   Number         4  main.o(.text.main)
    __arm_cp.15_54                           0x08004688   Number         4  main.o(.text.main)
    __arm_cp.15_55                           0x0800468c   Number         4  main.o(.text.main)
    __arm_cp.15_56                           0x08004690   Number         4  main.o(.text.main)
    __arm_cp.15_57                           0x08004694   Number         4  main.o(.text.main)
    __arm_cp.15_58                           0x08004698   Number         4  main.o(.text.main)
    __arm_cp.15_59                           0x0800469c   Number         4  main.o(.text.main)
    __arm_cp.15_62                           0x08004a34   Number         4  main.o(.text.main)
    __arm_cp.15_66                           0x08004a44   Number         4  main.o(.text.main)
    __arm_cp.15_67                           0x08004a48   Number         4  main.o(.text.main)
    __arm_cp.15_68                           0x08004a4c   Number         4  main.o(.text.main)
    __arm_cp.15_69                           0x08004a50   Number         4  main.o(.text.main)
    __arm_cp.15_70                           0x08004a54   Number         4  main.o(.text.main)
    __arm_cp.15_71                           0x08004a58   Number         4  main.o(.text.main)
    __arm_cp.15_72                           0x08004a5c   Number         4  main.o(.text.main)
    __arm_cp.15_73                           0x08004a60   Number         4  main.o(.text.main)
    __arm_cp.15_74                           0x08004a64   Number         4  main.o(.text.main)
    __arm_cp.15_77                           0x08004a70   Number         4  main.o(.text.main)
    __arm_cp.15_78                           0x08004a74   Number         4  main.o(.text.main)
    __arm_cp.15_81                           0x08004db4   Number         4  main.o(.text.main)
    __arm_cp.15_82                           0x08004db8   Number         4  main.o(.text.main)
    __arm_cp.15_88                           0x08004dd0   Number         4  main.o(.text.main)
    __arm_cp.15_89                           0x08004dd4   Number         4  main.o(.text.main)
    __arm_cp.15_2                            0x0800501c   Number         4  main.o(.text.main)
    __arm_cp.15_6                            0x08005020   Number         4  main.o(.text.main)
    __arm_cp.15_7                            0x08005024   Number         4  main.o(.text.main)
    __arm_cp.15_10                           0x08005028   Number         4  main.o(.text.main)
    __arm_cp.15_13                           0x0800502c   Number         4  main.o(.text.main)
    __arm_cp.15_15                           0x08005030   Number         4  main.o(.text.main)
    __arm_cp.15_16                           0x08005034   Number         4  main.o(.text.main)
    __arm_cp.15_18                           0x08005038   Number         4  main.o(.text.main)
    __arm_cp.15_20                           0x0800503c   Number         4  main.o(.text.main)
    __arm_cp.15_21                           0x08005040   Number         4  main.o(.text.main)
    __arm_cp.15_23                           0x08005044   Number         4  main.o(.text.main)
    __arm_cp.15_36                           0x08005048   Number         4  main.o(.text.main)
    [Anonymous Symbol]                       0x0800504c   Section        0  serial_telemetry.o(.text.makeTelemPackage)
    __arm_cp.3_0                             0x080050bc   Number         4  serial_telemetry.o(.text.makeTelemPackage)
    __arm_cp.3_1                             0x080050c0   Number         4  serial_telemetry.o(.text.makeTelemPackage)
    [Anonymous Symbol]                       0x080050c4   Section        0  dshot.o(.text.make_dshot_package)
    __arm_cp.1_0                             0x08005268   Number         4  dshot.o(.text.make_dshot_package)
    __arm_cp.1_1                             0x0800526c   Number         4  dshot.o(.text.make_dshot_package)
    __arm_cp.1_2                             0x08005270   Number         4  dshot.o(.text.make_dshot_package)
    __arm_cp.1_3                             0x08005274   Number         4  dshot.o(.text.make_dshot_package)
    __arm_cp.1_4                             0x08005278   Number         4  dshot.o(.text.make_dshot_package)
    __arm_cp.1_5                             0x0800527c   Number         4  dshot.o(.text.make_dshot_package)
    __arm_cp.1_6                             0x08005280   Number         4  dshot.o(.text.make_dshot_package)
    [Anonymous Symbol]                       0x08005284   Section        0  functions.o(.text.map)
    [Anonymous Symbol]                       0x080052e0   Section        0  comparator.o(.text.maskPhaseInterrupts)
    __arm_cp.1_0                             0x080052f8   Number         4  comparator.o(.text.maskPhaseInterrupts)
    [Anonymous Symbol]                       0x080052fc   Section        0  sounds.o(.text.playBeaconTune3)
    __arm_cp.13_3                            0x08005354   Number         4  sounds.o(.text.playBeaconTune3)
    __arm_cp.13_4                            0x08005358   Number         4  sounds.o(.text.playBeaconTune3)
    [Anonymous Symbol]                       0x0800535c   Section        0  sounds.o(.text.playBlueJayTune)
    __arm_cp.5_4                             0x08005424   Number         4  sounds.o(.text.playBlueJayTune)
    __arm_cp.5_5                             0x08005428   Number         4  sounds.o(.text.playBlueJayTune)
    __arm_cp.5_6                             0x0800542c   Number         4  sounds.o(.text.playBlueJayTune)
    __arm_cp.5_9                             0x08005430   Number         4  sounds.o(.text.playBlueJayTune)
    [Anonymous Symbol]                       0x08005434   Section        0  sounds.o(.text.playBrushedStartupTune)
    [Anonymous Symbol]                       0x080054a8   Section        0  sounds.o(.text.playChangedTone)
    [Anonymous Symbol]                       0x080054f0   Section        0  sounds.o(.text.playDefaultTone)
    [Anonymous Symbol]                       0x08005538   Section        0  sounds.o(.text.playInputTune)
    [Anonymous Symbol]                       0x08005594   Section        0  sounds.o(.text.playInputTune2)
    __arm_cp.9_0                             0x080055f4   Number         4  sounds.o(.text.playInputTune2)
    __arm_cp.9_1                             0x080055f8   Number         4  sounds.o(.text.playInputTune2)
    __arm_cp.9_2                             0x080055fc   Number         4  sounds.o(.text.playInputTune2)
    __arm_cp.9_3                             0x08005600   Number         4  sounds.o(.text.playInputTune2)
    __arm_cp.9_4                             0x08005604   Number         4  sounds.o(.text.playInputTune2)
    [Anonymous Symbol]                       0x08005608   Section        0  sounds.o(.text.playStartupTune)
    __arm_cp.6_0                             0x08005678   Number         4  sounds.o(.text.playStartupTune)
    __arm_cp.6_1                             0x0800567c   Number         4  sounds.o(.text.playStartupTune)
    __arm_cp.6_2                             0x08005680   Number         4  sounds.o(.text.playStartupTune)
    __arm_cp.6_3                             0x08005684   Number         4  sounds.o(.text.playStartupTune)
    __arm_cp.6_4                             0x08005688   Number         4  sounds.o(.text.playStartupTune)
    __arm_cp.6_5                             0x0800568c   Number         4  sounds.o(.text.playStartupTune)
    [Anonymous Symbol]                       0x08005690   Section        0  main.o(.text.processDshot)
    __arm_cp.12_0                            0x080056bc   Number         4  main.o(.text.processDshot)
    __arm_cp.12_1                            0x080056c0   Number         4  main.o(.text.processDshot)
    [Anonymous Symbol]                       0x080056c4   Section        0  phaseouts.o(.text.proportionalBrake)
    __arm_cp.0_0                             0x08005724   Number         4  phaseouts.o(.text.proportionalBrake)
    [Anonymous Symbol]                       0x08005728   Section        0  eeprom.o(.text.read_flash_bin)
    [Anonymous Symbol]                       0x0800577c   Section        0  peripherals.o(.text.receiveCRSF)
    __arm_cp.31_0                            0x0800579c   Number         4  peripherals.o(.text.receiveCRSF)
    __arm_cp.31_1                            0x080057a0   Number         4  peripherals.o(.text.receiveCRSF)
    __arm_cp.31_2                            0x080057a4   Number         4  peripherals.o(.text.receiveCRSF)
    [Anonymous Symbol]                       0x080057a8   Section        0  io.o(.text.receiveDshotDma)
    __arm_cp.0_0                             0x08005818   Number         4  io.o(.text.receiveDshotDma)
    __arm_cp.0_1                             0x0800581c   Number         4  io.o(.text.receiveDshotDma)
    __arm_cp.0_2                             0x08005820   Number         4  io.o(.text.receiveDshotDma)
    __arm_cp.0_3                             0x08005824   Number         4  io.o(.text.receiveDshotDma)
    __arm_cp.0_4                             0x08005828   Number         4  io.o(.text.receiveDshotDma)
    __arm_cp.0_5                             0x0800582c   Number         4  io.o(.text.receiveDshotDma)
    __arm_cp.0_6                             0x08005830   Number         4  io.o(.text.receiveDshotDma)
    __arm_cp.0_7                             0x08005834   Number         4  io.o(.text.receiveDshotDma)
    __arm_cp.0_8                             0x08005838   Number         4  io.o(.text.receiveDshotDma)
    __arm_cp.0_9                             0x0800583c   Number         4  io.o(.text.receiveDshotDma)
    [Anonymous Symbol]                       0x08005840   Section        0  peripherals.o(.text.resetInputCaptureTimer)
    __arm_cp.28_0                            0x0800584c   Number         4  peripherals.o(.text.resetInputCaptureTimer)
    [Anonymous Symbol]                       0x08005850   Section        0  main.o(.text.runBrushedLoop)
    __arm_cp.14_1                            0x08005b68   Number         4  main.o(.text.runBrushedLoop)
    __arm_cp.14_3                            0x08005b6c   Number         4  main.o(.text.runBrushedLoop)
    __arm_cp.14_4                            0x08005b70   Number         4  main.o(.text.runBrushedLoop)
    __arm_cp.14_5                            0x08005b74   Number         4  main.o(.text.runBrushedLoop)
    __arm_cp.14_6                            0x08005b78   Number         4  main.o(.text.runBrushedLoop)
    [Anonymous Symbol]                       0x08005b7c   Section        0  main.o(.text.saveEEpromSettings)
    __arm_cp.2_0                             0x08005bd4   Number         4  main.o(.text.saveEEpromSettings)
    __arm_cp.2_1                             0x08005bd8   Number         4  main.o(.text.saveEEpromSettings)
    __arm_cp.2_2                             0x08005bdc   Number         4  main.o(.text.saveEEpromSettings)
    __arm_cp.2_3                             0x08005be0   Number         4  main.o(.text.saveEEpromSettings)
    [Anonymous Symbol]                       0x08005be4   Section        0  eeprom.o(.text.save_flash_nolib)
    __arm_cp.0_0                             0x08005e38   Number         4  eeprom.o(.text.save_flash_nolib)
    __arm_cp.0_1                             0x08005e3c   Number         4  eeprom.o(.text.save_flash_nolib)
    [Anonymous Symbol]                       0x08005e40   Section        0  io.o(.text.sendDshotDma)
    __arm_cp.1_0                             0x08005eb8   Number         4  io.o(.text.sendDshotDma)
    __arm_cp.1_1                             0x08005ebc   Number         4  io.o(.text.sendDshotDma)
    __arm_cp.1_2                             0x08005ec0   Number         4  io.o(.text.sendDshotDma)
    __arm_cp.1_3                             0x08005ec4   Number         4  io.o(.text.sendDshotDma)
    __arm_cp.1_4                             0x08005ec8   Number         4  io.o(.text.sendDshotDma)
    __arm_cp.1_5                             0x08005ecc   Number         4  io.o(.text.sendDshotDma)
    __arm_cp.1_6                             0x08005ed0   Number         4  io.o(.text.sendDshotDma)
    __arm_cp.1_7                             0x08005ed4   Number         4  io.o(.text.sendDshotDma)
    [Anonymous Symbol]                       0x08005ed8   Section        0  ws2812.o(.text.send_LED_RGB)
    __arm_cp.1_0                             0x080060ec   Number         4  ws2812.o(.text.send_LED_RGB)
    __arm_cp.1_1                             0x080060f0   Number         4  ws2812.o(.text.send_LED_RGB)
    __arm_cp.1_2                             0x080060f4   Number         4  ws2812.o(.text.send_LED_RGB)
    __arm_cp.1_3                             0x080060f8   Number         4  ws2812.o(.text.send_LED_RGB)
    __arm_cp.1_4                             0x080060fc   Number         4  ws2812.o(.text.send_LED_RGB)
    [Anonymous Symbol]                       0x08006100   Section        0  serial_telemetry.o(.text.send_telem_DMA)
    __arm_cp.1_0                             0x0800613c   Number         4  serial_telemetry.o(.text.send_telem_DMA)
    __arm_cp.1_1                             0x08006140   Number         4  serial_telemetry.o(.text.send_telem_DMA)
    __arm_cp.1_2                             0x08006144   Number         4  serial_telemetry.o(.text.send_telem_DMA)
    __arm_cp.1_3                             0x08006148   Number         4  serial_telemetry.o(.text.send_telem_DMA)
    [Anonymous Symbol]                       0x0800614c   Section        0  crsf.o(.text.setChannels)
    __arm_cp.1_0                             0x08006390   Number         4  crsf.o(.text.setChannels)
    __arm_cp.1_1                             0x08006394   Number         4  crsf.o(.text.setChannels)
    __arm_cp.1_2                             0x08006398   Number         4  crsf.o(.text.setChannels)
    __arm_cp.1_3                             0x0800639c   Number         4  crsf.o(.text.setChannels)
    __arm_cp.1_4                             0x080063a0   Number         4  crsf.o(.text.setChannels)
    __arm_cp.1_5                             0x080063a4   Number         4  crsf.o(.text.setChannels)
    __arm_cp.1_6                             0x080063a8   Number         4  crsf.o(.text.setChannels)
    __arm_cp.1_7                             0x080063ac   Number         4  crsf.o(.text.setChannels)
    __arm_cp.1_8                             0x080063b0   Number         4  crsf.o(.text.setChannels)
    __arm_cp.1_9                             0x080063b4   Number         4  crsf.o(.text.setChannels)
    __arm_cp.1_10                            0x080063b8   Number         4  crsf.o(.text.setChannels)
    __arm_cp.1_11                            0x080063bc   Number         4  crsf.o(.text.setChannels)
    __arm_cp.1_12                            0x080063c0   Number         4  crsf.o(.text.setChannels)
    __arm_cp.1_13                            0x080063c4   Number         4  crsf.o(.text.setChannels)
    __arm_cp.1_14                            0x080063c8   Number         4  crsf.o(.text.setChannels)
    [Anonymous Symbol]                       0x080063cc   Section        0  main.o(.text.setInput)
    __arm_cp.9_17                            0x0800693c   Number         4  main.o(.text.setInput)
    __arm_cp.9_0                             0x08006b14   Number         4  main.o(.text.setInput)
    __arm_cp.9_1                             0x08006b18   Number         4  main.o(.text.setInput)
    __arm_cp.9_2                             0x08006b1c   Number         4  main.o(.text.setInput)
    __arm_cp.9_3                             0x08006b20   Number         4  main.o(.text.setInput)
    __arm_cp.9_5                             0x08006b24   Number         4  main.o(.text.setInput)
    __arm_cp.9_6                             0x08006b28   Number         4  main.o(.text.setInput)
    __arm_cp.9_7                             0x08006b2c   Number         4  main.o(.text.setInput)
    __arm_cp.9_8                             0x08006b30   Number         4  main.o(.text.setInput)
    __arm_cp.9_9                             0x08006b34   Number         4  main.o(.text.setInput)
    __arm_cp.9_11                            0x08006b38   Number         4  main.o(.text.setInput)
    [Anonymous Symbol]                       0x08006b3c   Section        0  io.o(.text.setInputPullDown)
    __arm_cp.4_0                             0x08006b50   Number         4  io.o(.text.setInputPullDown)
    [Anonymous Symbol]                       0x08006b54   Section        0  peripherals.o(.text.setPWMCompare1)
    __arm_cp.24_0                            0x08006b5c   Number         4  peripherals.o(.text.setPWMCompare1)
    [Anonymous Symbol]                       0x08006b60   Section        0  peripherals.o(.text.setPWMCompare2)
    __arm_cp.25_0                            0x08006b68   Number         4  peripherals.o(.text.setPWMCompare2)
    [Anonymous Symbol]                       0x08006b6c   Section        0  peripherals.o(.text.setPWMCompare3)
    __arm_cp.26_0                            0x08006b74   Number         4  peripherals.o(.text.setPWMCompare3)
    [Anonymous Symbol]                       0x08006b78   Section        0  sounds.o(.text.setVolume)
    __arm_cp.1_0                             0x08006b88   Number         4  sounds.o(.text.setVolume)
    [Anonymous Symbol]                       0x08006b8c   Section        0  main.o(.text.startMotor)
    __arm_cp.8_0                             0x08006c20   Number         4  main.o(.text.startMotor)
    __arm_cp.8_1                             0x08006c24   Number         4  main.o(.text.startMotor)
    __arm_cp.8_2                             0x08006c28   Number         4  main.o(.text.startMotor)
    __arm_cp.8_3                             0x08006c2c   Number         4  main.o(.text.startMotor)
    __arm_cp.8_4                             0x08006c30   Number         4  main.o(.text.startMotor)
    __arm_cp.8_5                             0x08006c34   Number         4  main.o(.text.startMotor)
    [Anonymous Symbol]                       0x08006c38   Section        0  serial_telemetry.o(.text.telem_UART_Init)
    __arm_cp.0_0                             0x08006db0   Number         4  serial_telemetry.o(.text.telem_UART_Init)
    __arm_cp.0_1                             0x08006db4   Number         4  serial_telemetry.o(.text.telem_UART_Init)
    __arm_cp.0_2                             0x08006db8   Number         4  serial_telemetry.o(.text.telem_UART_Init)
    __arm_cp.0_3                             0x08006dbc   Number         4  serial_telemetry.o(.text.telem_UART_Init)
    __arm_cp.0_4                             0x08006dc0   Number         4  serial_telemetry.o(.text.telem_UART_Init)
    __arm_cp.0_5                             0x08006dc4   Number         4  serial_telemetry.o(.text.telem_UART_Init)
    __arm_cp.0_6                             0x08006dc8   Number         4  serial_telemetry.o(.text.telem_UART_Init)
    __arm_cp.0_7                             0x08006dcc   Number         4  serial_telemetry.o(.text.telem_UART_Init)
    __arm_cp.0_8                             0x08006dd0   Number         4  serial_telemetry.o(.text.telem_UART_Init)
    __arm_cp.0_9                             0x08006dd4   Number         4  serial_telemetry.o(.text.telem_UART_Init)
    __arm_cp.0_10                            0x08006dd8   Number         4  serial_telemetry.o(.text.telem_UART_Init)
    [Anonymous Symbol]                       0x08006ddc   Section        0  main.o(.text.tenKhzRoutine)
    __arm_cp.10_18                           0x080071b4   Number         4  main.o(.text.tenKhzRoutine)
    __arm_cp.10_13                           0x080071e8   Number         4  main.o(.text.tenKhzRoutine)
    __arm_cp.10_15                           0x080071f0   Number         4  main.o(.text.tenKhzRoutine)
    __arm_cp.10_16                           0x080071f4   Number         4  main.o(.text.tenKhzRoutine)
    __arm_cp.10_17                           0x080071f8   Number         4  main.o(.text.tenKhzRoutine)
    __arm_cp.10_2                            0x080072c4   Number         4  main.o(.text.tenKhzRoutine)
    __arm_cp.10_6                            0x080072c8   Number         4  main.o(.text.tenKhzRoutine)
    __arm_cp.10_7                            0x080072cc   Number         4  main.o(.text.tenKhzRoutine)
    __arm_cp.10_8                            0x080072d0   Number         4  main.o(.text.tenKhzRoutine)
    __arm_cp.10_9                            0x080072d4   Number         4  main.o(.text.tenKhzRoutine)
    __arm_cp.10_10                           0x080072d8   Number         4  main.o(.text.tenKhzRoutine)
    __arm_cp.10_11                           0x080072dc   Number         4  main.o(.text.tenKhzRoutine)
    [Anonymous Symbol]                       0x080072e0   Section        0  signal.o(.text.transfercomplete)
    __arm_cp.2_0                             0x08007430   Number         4  signal.o(.text.transfercomplete)
    __arm_cp.2_1                             0x08007434   Number         4  signal.o(.text.transfercomplete)
    __arm_cp.2_2                             0x08007438   Number         4  signal.o(.text.transfercomplete)
    __arm_cp.2_3                             0x0800743c   Number         4  signal.o(.text.transfercomplete)
    __arm_cp.2_4                             0x08007440   Number         4  signal.o(.text.transfercomplete)
    __arm_cp.2_5                             0x08007444   Number         4  signal.o(.text.transfercomplete)
    __arm_cp.2_6                             0x08007448   Number         4  signal.o(.text.transfercomplete)
    __arm_cp.2_7                             0x0800744c   Number         4  signal.o(.text.transfercomplete)
    __arm_cp.2_8                             0x08007450   Number         4  signal.o(.text.transfercomplete)
    __arm_cp.2_9                             0x08007454   Number         4  signal.o(.text.transfercomplete)
    __arm_cp.2_10                            0x08007458   Number         4  signal.o(.text.transfercomplete)
    __arm_cp.2_11                            0x0800745c   Number         4  signal.o(.text.transfercomplete)
    __arm_cp.2_12                            0x08007460   Number         4  signal.o(.text.transfercomplete)
    __arm_cp.2_13                            0x08007464   Number         4  signal.o(.text.transfercomplete)
    __arm_cp.2_14                            0x08007468   Number         4  signal.o(.text.transfercomplete)
    [Anonymous Symbol]                       0x0800746c   Section        0  phaseouts.o(.text.twoChannelForward)
    [Anonymous Symbol]                       0x080074ec   Section        0  phaseouts.o(.text.twoChannelReverse)
    __arm_cp.15_0                            0x08007560   Number         4  phaseouts.o(.text.twoChannelReverse)
    __arm_cp.15_1                            0x08007564   Number         4  phaseouts.o(.text.twoChannelReverse)
    [Anonymous Symbol]                       0x08007568   Section        0  main.o(.text.zcfoundroutine)
    __arm_cp.11_0                            0x08007660   Number         4  main.o(.text.zcfoundroutine)
    __arm_cp.11_1                            0x08007664   Number         4  main.o(.text.zcfoundroutine)
    __arm_cp.11_2                            0x08007668   Number         4  main.o(.text.zcfoundroutine)
    __arm_cp.11_3                            0x0800766c   Number         4  main.o(.text.zcfoundroutine)
    __arm_cp.11_4                            0x08007670   Number         4  main.o(.text.zcfoundroutine)
    __arm_cp.11_5                            0x08007674   Number         4  main.o(.text.zcfoundroutine)
    i.__scatterload_copy                     0x08007678   Section       14  handlers.o(i.__scatterload_copy)
    i.__scatterload_null                     0x08007686   Section        2  handlers.o(i.__scatterload_null)
    i.__scatterload_zeroinit                 0x08007688   Section       14  handlers.o(i.__scatterload_zeroinit)
    crsf_crc8.crsf_crc8tab                   0x080076f8   Data         256  crsf.o(.rodata.crsf_crc8.crsf_crc8tab)
    [Anonymous Symbol]                       0x080076f8   Section        0  crsf.o(.rodata.crsf_crc8.crsf_crc8tab)
    get_crc8.table                           0x08007808   Data         256  serial_telemetry.o(.rodata.get_crc8.table)
    [Anonymous Symbol]                       0x08007808   Section        0  serial_telemetry.o(.rodata.get_crc8.table)
    __tagsym$$used.0                         0x0800f7e0   Number         0  firmwareversion.o(.rodata.test)
    [Anonymous Symbol]                       0x20000000   Section        0  comparator.o(.data..L_MergedGlobals)
    [Anonymous Symbol]                       0x20000008   Section        0  eeprom.o(.data..L_MergedGlobals)
    [Anonymous Symbol]                       0x20000010   Section        0  main.o(.data..L_MergedGlobals)
    [Anonymous Symbol]                       0x20000074   Section        0  signal.o(.data..L_MergedGlobals)
    [Anonymous Symbol]                       0x2000007c   Section        0  main.o(.data..L_MergedGlobals.1)
    [Anonymous Symbol]                       0x20000410   Section        0  dshot.o(.bss..L_MergedGlobals)
    [Anonymous Symbol]                       0x2000046c   Section        0  crsf.o(.bss..L_MergedGlobals)
    [Anonymous Symbol]                       0x20000490   Section        0  signal.o(.bss..L_MergedGlobals.1)
    [Anonymous Symbol]                       0x200004ac   Section        0  main.o(.bss..L_MergedGlobals.2)
    [Anonymous Symbol]                       0x20000528   Section        0  main.o(.bss..L_MergedGlobals.3)
    STACK                                    0x200008d8   Section     1024  startup_stm32g071xx.o(STACK)

    Global Symbols

    Symbol Name                              Value     Ov Type        Size  Object(Section)

    BuildAttributes$$THM_ISAv3M$S$PE$A:L22$X:L11$S22$IEEE1$IW$~IW$USESV6$~STKCKD$USESV7$~SHL$OTIME$ROPI$EBA8$MICROLIB$REQ8$PRES8$EABIv2 0x00000000   Number         0  anon$$obj.o ABSOLUTE
    __cpp_initialize__aeabi_                  - Undefined Weak Reference
    __cxa_finalize                            - Undefined Weak Reference
    _clock_init                               - Undefined Weak Reference
    _microlib_exit                            - Undefined Weak Reference
    __Vectors_Size                           0x000000bc   Number         0  startup_stm32g071xx.o ABSOLUTE
    __Vectors                                0x08001000   Data           4  startup_stm32g071xx.o(RESET)
    __Vectors_End                            0x080010bc   Data           0  startup_stm32g071xx.o(RESET)
    __main                                   0x080010bd   Thumb Code     0  entry.o(.ARM.Collect$$$$00000000)
    _main_stk                                0x080010bd   Thumb Code     0  entry2.o(.ARM.Collect$$$$00000001)
    _main_scatterload                        0x080010c1   Thumb Code     0  entry5.o(.ARM.Collect$$$$00000004)
    __main_after_scatterload                 0x080010c5   Thumb Code     0  entry5.o(.ARM.Collect$$$$00000004)
    _main_clock                              0x080010c5   Thumb Code     0  entry7b.o(.ARM.Collect$$$$00000008)
    _main_cpp_init                           0x080010c5   Thumb Code     0  entry8b.o(.ARM.Collect$$$$0000000A)
    _main_init                               0x080010c5   Thumb Code     0  entry9a.o(.ARM.Collect$$$$0000000B)
    __rt_final_cpp                           0x080010cd   Thumb Code     0  entry10a.o(.ARM.Collect$$$$0000000D)
    __rt_final_exit                          0x080010cd   Thumb Code     0  entry11a.o(.ARM.Collect$$$$0000000F)
    Reset_Handler                            0x080010d1   Thumb Code     8  startup_stm32g071xx.o(.text)
    CEC_IRQHandler                           0x080010e3   Thumb Code     0  startup_stm32g071xx.o(.text)
    EXTI0_1_IRQHandler                       0x080010e3   Thumb Code     0  startup_stm32g071xx.o(.text)
    EXTI2_3_IRQHandler                       0x080010e3   Thumb Code     0  startup_stm32g071xx.o(.text)
    FLASH_IRQHandler                         0x080010e3   Thumb Code     0  startup_stm32g071xx.o(.text)
    I2C1_IRQHandler                          0x080010e3   Thumb Code     0  startup_stm32g071xx.o(.text)
    I2C2_IRQHandler                          0x080010e3   Thumb Code     0  startup_stm32g071xx.o(.text)
    PVD_IRQHandler                           0x080010e3   Thumb Code     0  startup_stm32g071xx.o(.text)
    RCC_IRQHandler                           0x080010e3   Thumb Code     0  startup_stm32g071xx.o(.text)
    RTC_TAMP_IRQHandler                      0x080010e3   Thumb Code     0  startup_stm32g071xx.o(.text)
    SPI1_IRQHandler                          0x080010e3   Thumb Code     0  startup_stm32g071xx.o(.text)
    SPI2_IRQHandler                          0x080010e3   Thumb Code     0  startup_stm32g071xx.o(.text)
    TIM15_IRQHandler                         0x080010e3   Thumb Code     0  startup_stm32g071xx.o(.text)
    TIM17_IRQHandler                         0x080010e3   Thumb Code     0  startup_stm32g071xx.o(.text)
    TIM1_BRK_UP_TRG_COM_IRQHandler           0x080010e3   Thumb Code     0  startup_stm32g071xx.o(.text)
    TIM1_CC_IRQHandler                       0x080010e3   Thumb Code     0  startup_stm32g071xx.o(.text)
    TIM2_IRQHandler                          0x080010e3   Thumb Code     0  startup_stm32g071xx.o(.text)
    TIM7_LPTIM2_IRQHandler                   0x080010e3   Thumb Code     0  startup_stm32g071xx.o(.text)
    UCPD1_2_IRQHandler                       0x080010e3   Thumb Code     0  startup_stm32g071xx.o(.text)
    USART2_IRQHandler                        0x080010e3   Thumb Code     0  startup_stm32g071xx.o(.text)
    USART3_4_LPUART1_IRQHandler              0x080010e3   Thumb Code     0  startup_stm32g071xx.o(.text)
    WWDG_IRQHandler                          0x080010e3   Thumb Code     0  startup_stm32g071xx.o(.text)
    __aeabi_memcpy                           0x080010ed   Thumb Code    36  memcpya.o(.text)
    __aeabi_memcpy4                          0x080010ed   Thumb Code     0  memcpya.o(.text)
    __aeabi_memcpy8                          0x080010ed   Thumb Code     0  memcpya.o(.text)
    __aeabi_memset                           0x08001111   Thumb Code    14  memseta.o(.text)
    __aeabi_memset4                          0x08001111   Thumb Code     0  memseta.o(.text)
    __aeabi_memset8                          0x08001111   Thumb Code     0  memseta.o(.text)
    __aeabi_memclr                           0x0800111f   Thumb Code     4  memseta.o(.text)
    __aeabi_memclr4                          0x0800111f   Thumb Code     0  memseta.o(.text)
    __aeabi_memclr8                          0x0800111f   Thumb Code     0  memseta.o(.text)
    _memset$wrapper                          0x08001123   Thumb Code    18  memseta.o(.text)
    __aeabi_fadd                             0x08001135   Thumb Code   162  fadd.o(.text)
    __aeabi_fsub                             0x080011d7   Thumb Code     8  fadd.o(.text)
    __aeabi_frsub                            0x080011df   Thumb Code     8  fadd.o(.text)
    __aeabi_fdiv                             0x080011e7   Thumb Code   124  fdiv.o(.text)
    __aeabi_fcmple                           0x08001263   Thumb Code    28  fcmple.o(.text)
    __aeabi_fcmplt                           0x0800127f   Thumb Code    28  fcmplt.o(.text)
    __aeabi_fcmpge                           0x0800129b   Thumb Code    28  fcmpge.o(.text)
    __aeabi_fcmpgt                           0x080012b7   Thumb Code    28  fcmpgt.o(.text)
    __aeabi_i2f                              0x080012d3   Thumb Code    22  fflti.o(.text)
    __aeabi_f2iz                             0x080012e9   Thumb Code    50  ffixi.o(.text)
    __aeabi_uidiv                            0x0800131b   Thumb Code     0  uidiv_div0.o(.text)
    __aeabi_uidivmod                         0x0800131b   Thumb Code    62  uidiv_div0.o(.text)
    __aeabi_idiv                             0x08001359   Thumb Code     0  idiv_div0.o(.text)
    __aeabi_idivmod$div0                     0x08001359   Thumb Code    74  idiv_div0.o(.text)
    __I$use$fp                               0x080013a9   Thumb Code     0  iusefp.o(.text)
    _float_round                             0x080013a9   Thumb Code    16  fepilogue.o(.text)
    _float_epilogue                          0x080013b9   Thumb Code   114  fepilogue.o(.text)
    __scatterload                            0x0800142d   Thumb Code    28  init.o(.text)
    __scatterload_rt2                        0x0800142d   Thumb Code     0  init.o(.text)
    __decompress                             0x08001451   Thumb Code     0  __dczerorl2.o(.text)
    __decompress1                            0x08001451   Thumb Code    86  __dczerorl2.o(.text)
    ADC1_COMP_IRQHandler                     0x080014a9   Thumb Code    48  stm32g0xx_it.o(.text.ADC1_COMP_IRQHandler)
    ADC_DMA_Callback                         0x080014d9   Thumb Code    24  adc.o(.text.ADC_DMA_Callback)
    ADC_Init                                 0x08001501   Thumb Code   400  adc.o(.text.ADC_Init)
    DMA1_Ch4_7_DMAMUX1_OVR_IRQHandler        0x080016b5   Thumb Code   104  stm32g0xx_it.o(.text.DMA1_Ch4_7_DMAMUX1_OVR_IRQHandler)
    DMA1_Channel1_IRQHandler                 0x08001729   Thumb Code   144  stm32g0xx_it.o(.text.DMA1_Channel1_IRQHandler)
    DMA1_Channel2_3_IRQHandler               0x080017d9   Thumb Code   100  stm32g0xx_it.o(.text.DMA1_Channel2_3_IRQHandler)
    EXTI4_15_IRQHandler                      0x08001849   Thumb Code    16  stm32g0xx_it.o(.text.EXTI4_15_IRQHandler)
    HardFault_Handler                        0x0800185d   Thumb Code     2  stm32g0xx_it.o(.text.HardFault_Handler)
    LL_ADC_Init                              0x08001861   Thumb Code    48  stm32g0xx_ll_adc.o(.text.LL_ADC_Init)
    LL_ADC_REG_Init                          0x08001895   Thumb Code    92  stm32g0xx_ll_adc.o(.text.LL_ADC_REG_Init)
    LL_COMP_Init                             0x080018f5   Thumb Code    40  stm32g0xx_ll_comp.o(.text.LL_COMP_Init)
    LL_GPIO_Init                             0x08001921   Thumb Code   186  stm32g0xx_ll_gpio.o(.text.LL_GPIO_Init)
    LL_Init1msTick                           0x080019dd   Thumb Code    28  stm32g0xx_ll_utils.o(.text.LL_Init1msTick)
    LL_RCC_GetSystemClocksFreq               0x080019fd   Thumb Code   132  stm32g0xx_ll_rcc.o(.text.LL_RCC_GetSystemClocksFreq)
    LL_RCC_GetUSARTClockFreq                 0x08001a81   Thumb Code   452  stm32g0xx_ll_rcc.o(.text.LL_RCC_GetUSARTClockFreq)
    LL_SetSystemCoreClock                    0x08001c65   Thumb Code     8  stm32g0xx_ll_utils.o(.text.LL_SetSystemCoreClock)
    LL_TIM_BDTR_Init                         0x08001c71   Thumb Code   128  stm32g0xx_ll_tim.o(.text.LL_TIM_BDTR_Init)
    LL_TIM_Init                              0x08001d01   Thumb Code   156  stm32g0xx_ll_tim.o(.text.LL_TIM_Init)
    LL_TIM_OC_Init                           0x08001dbd   Thumb Code   752  stm32g0xx_ll_tim.o(.text.LL_TIM_OC_Init)
    LL_USART_Init                            0x080020cd   Thumb Code   224  stm32g0xx_ll_usart.o(.text.LL_USART_Init)
    MX_COMP2_Init                            0x080021f9   Thumb Code   316  peripherals.o(.text.MX_COMP2_Init)
    MX_IWDG_Init                             0x08002355   Thumb Code    60  peripherals.o(.text.MX_IWDG_Init)
    MX_TIM1_Init                             0x080023a5   Thumb Code   492  peripherals.o(.text.MX_TIM1_Init)
    MX_TIM3_Init                             0x080025a5   Thumb Code   264  peripherals.o(.text.MX_TIM3_Init)
    NMI_Handler                              0x080026d1   Thumb Code     2  stm32g0xx_it.o(.text.NMI_Handler)
    PendSV_Handler                           0x080026d3   Thumb Code     2  stm32g0xx_it.o(.text.PendSV_Handler)
    PeriodElapsedCallback                    0x080026d5   Thumb Code   184  main.o(.text.PeriodElapsedCallback)
    SVC_Handler                              0x080027a1   Thumb Code     2  stm32g0xx_it.o(.text.SVC_Handler)
    SysTick_Handler                          0x080027a3   Thumb Code     2  stm32g0xx_it.o(.text.SysTick_Handler)
    SystemClock_Config                       0x080027a5   Thumb Code   244  peripherals.o(.text.SystemClock_Config)
    SystemInit                               0x080028ad   Thumb Code    12  system_stm32g0xx.o(.text.SystemInit)
    TIM14_IRQHandler                         0x080028bd   Thumb Code    16  stm32g0xx_it.o(.text.TIM14_IRQHandler)
    TIM16_IRQHandler                         0x080028d1   Thumb Code    36  stm32g0xx_it.o(.text.TIM16_IRQHandler)
    TIM3_IRQHandler                          0x080028f9   Thumb Code    36  stm32g0xx_it.o(.text.TIM3_IRQHandler)
    TIM6_DAC_LPTIM1_IRQHandler               0x08002921   Thumb Code    24  stm32g0xx_it.o(.text.TIM6_DAC_LPTIM1_IRQHandler)
    USART1_IRQHandler                        0x0800293d   Thumb Code    36  stm32g0xx_it.o(.text.USART1_IRQHandler)
    WS2812_Init                              0x08002969   Thumb Code   316  ws2812.o(.text.WS2812_Init)
    activateADC                              0x08002ac1   Thumb Code   268  adc.o(.text.activateADC)
    allOff                                   0x08002be5   Thumb Code   104  phaseouts.o(.text.allOff)
    allpwm                                   0x08002c4d   Thumb Code   136  phaseouts.o(.text.allpwm)
    changeCompInput                          0x08002cd9   Thumb Code   148  comparator.o(.text.changeCompInput)
    comStep                                  0x08002d89   Thumb Code   688  phaseouts.o(.text.comStep)
    computeDshotDMA                          0x08003041   Thumb Code   900  dshot.o(.text.computeDshotDMA)
    computeServoInput                        0x080033f9   Thumb Code   352  signal.o(.text.computeServoInput)
    crsf_UART_Init                           0x08003591   Thumb Code   308  peripherals.o(.text.crsf_UART_Init)
    delayMicros                              0x080036e9   Thumb Code    32  functions.o(.text.delayMicros)
    delayMillis                              0x08003709   Thumb Code    68  functions.o(.text.delayMillis)
    detectInput                              0x08003751   Thumb Code   476  signal.o(.text.detectInput)
    enableADC_DMA                            0x08003951   Thumb Code    72  adc.o(.text.enableADC_DMA)
    enableCompInterrupts                     0x080039b1   Thumb Code    16  comparator.o(.text.enableCompInterrupts)
    enableCorePeripherals                    0x080039c1   Thumb Code   320  peripherals.o(.text.enableCorePeripherals)
    fullBrake                                0x08003b25   Thumb Code   104  phaseouts.o(.text.fullBrake)
    generatePwmTimerEvent                    0x08003b91   Thumb Code    12  peripherals.o(.text.generatePwmTimerEvent)
    getAbsDif                                0x08003ba1   Thumb Code    10  functions.o(.text.getAbsDif)
    getCompOutputLevel                       0x08003bad   Thumb Code    12  comparator.o(.text.getCompOutputLevel)
    getInputPinState                         0x08003bbd   Thumb Code    12  io.o(.text.getInputPinState)
    initAfterJump                            0x08003bcd   Thumb Code    12  peripherals.o(.text.initAfterJump)
    initCorePeripherals                      0x08003be1   Thumb Code   504  peripherals.o(.text.initCorePeripherals)
    interruptRoutine                         0x08003e09   Thumb Code   204  main.o(.text.interruptRoutine)
    loadEEpromSettings                       0x08003ee9   Thumb Code   960  main.o(.text.loadEEpromSettings)
    main                                     0x080042f5   Thumb Code  3368  main.o(.text.main)
    makeTelemPackage                         0x0800504d   Thumb Code   112  serial_telemetry.o(.text.makeTelemPackage)
    make_dshot_package                       0x080050c5   Thumb Code   420  dshot.o(.text.make_dshot_package)
    map                                      0x08005285   Thumb Code    92  functions.o(.text.map)
    maskPhaseInterrupts                      0x080052e1   Thumb Code    24  comparator.o(.text.maskPhaseInterrupts)
    playBeaconTune3                          0x080052fd   Thumb Code    88  sounds.o(.text.playBeaconTune3)
    playBlueJayTune                          0x0800535d   Thumb Code   200  sounds.o(.text.playBlueJayTune)
    playBrushedStartupTune                   0x08005435   Thumb Code   116  sounds.o(.text.playBrushedStartupTune)
    playChangedTone                          0x080054a9   Thumb Code    72  sounds.o(.text.playChangedTone)
    playDefaultTone                          0x080054f1   Thumb Code    72  sounds.o(.text.playDefaultTone)
    playInputTune                            0x08005539   Thumb Code    92  sounds.o(.text.playInputTune)
    playInputTune2                           0x08005595   Thumb Code    96  sounds.o(.text.playInputTune2)
    playStartupTune                          0x08005609   Thumb Code   112  sounds.o(.text.playStartupTune)
    processDshot                             0x08005691   Thumb Code    44  main.o(.text.processDshot)
    proportionalBrake                        0x080056c5   Thumb Code    96  phaseouts.o(.text.proportionalBrake)
    read_flash_bin                           0x08005729   Thumb Code    82  eeprom.o(.text.read_flash_bin)
    receiveCRSF                              0x0800577d   Thumb Code    32  peripherals.o(.text.receiveCRSF)
    receiveDshotDma                          0x080057a9   Thumb Code   112  io.o(.text.receiveDshotDma)
    resetInputCaptureTimer                   0x08005841   Thumb Code    12  peripherals.o(.text.resetInputCaptureTimer)
    runBrushedLoop                           0x08005851   Thumb Code   792  main.o(.text.runBrushedLoop)
    saveEEpromSettings                       0x08005b7d   Thumb Code    88  main.o(.text.saveEEpromSettings)
    save_flash_nolib                         0x08005be5   Thumb Code   596  eeprom.o(.text.save_flash_nolib)
    sendDshotDma                             0x08005e41   Thumb Code   120  io.o(.text.sendDshotDma)
    send_LED_RGB                             0x08005ed9   Thumb Code   532  ws2812.o(.text.send_LED_RGB)
    send_telem_DMA                           0x08006101   Thumb Code    60  serial_telemetry.o(.text.send_telem_DMA)
    setChannels                              0x0800614d   Thumb Code   580  crsf.o(.text.setChannels)
    setInput                                 0x080063cd   Thumb Code  1864  main.o(.text.setInput)
    setInputPullDown                         0x08006b3d   Thumb Code    20  io.o(.text.setInputPullDown)
    setPWMCompare1                           0x08006b55   Thumb Code     8  peripherals.o(.text.setPWMCompare1)
    setPWMCompare2                           0x08006b61   Thumb Code     8  peripherals.o(.text.setPWMCompare2)
    setPWMCompare3                           0x08006b6d   Thumb Code     8  peripherals.o(.text.setPWMCompare3)
    setVolume                                0x08006b79   Thumb Code    16  sounds.o(.text.setVolume)
    startMotor                               0x08006b8d   Thumb Code   148  main.o(.text.startMotor)
    telem_UART_Init                          0x08006c39   Thumb Code   376  serial_telemetry.o(.text.telem_UART_Init)
    tenKhzRoutine                            0x08006ddd   Thumb Code  1256  main.o(.text.tenKhzRoutine)
    transfercomplete                         0x080072e1   Thumb Code   336  signal.o(.text.transfercomplete)
    twoChannelForward                        0x0800746d   Thumb Code   128  phaseouts.o(.text.twoChannelForward)
    twoChannelReverse                        0x080074ed   Thumb Code   116  phaseouts.o(.text.twoChannelReverse)
    zcfoundroutine                           0x08007569   Thumb Code   248  main.o(.text.zcfoundroutine)
    __scatterload_copy                       0x08007679   Thumb Code    14  handlers.o(i.__scatterload_copy)
    __scatterload_null                       0x08007687   Thumb Code     2  handlers.o(i.__scatterload_null)
    __scatterload_zeroinit                   0x08007689   Thumb Code    14  handlers.o(i.__scatterload_zeroinit)
    AHBPrescTable                            0x08007698   Data          64  system_stm32g0xx.o(.rodata.AHBPrescTable)
    APBPrescTable                            0x080076d8   Data          32  system_stm32g0xx.o(.rodata.APBPrescTable)
    gcr_encode_table                         0x080077f8   Data          16  dshot.o(.rodata.gcr_encode_table)
    Region$$Table$$Base                      0x08007908   Number         0  anon$$obj.o(Region$$Table)
    Region$$Table$$Limit                     0x08007928   Number         0  anon$$obj.o(Region$$Table)
    test                                     0x0800f7e0   Data          30  firmwareversion.o(.rodata.test)
    active_COMP                              0x20000000   Data           4  comparator.o(.data..L_MergedGlobals)
    current_EXTI_LINE                        0x20000004   Data           4  comparator.o(.data..L_MergedGlobals)
    FLASH_FKEY1                              0x20000008   Data           4  eeprom.o(.data..L_MergedGlobals)
    FLASH_FKEY2                              0x2000000c   Data           4  eeprom.o(.data..L_MergedGlobals)
    active_brake_enabled                     0x20000010   Data           1  main.o(.data..L_MergedGlobals)
    active_brake_power                       0x20000011   Data           1  main.o(.data..L_MergedGlobals)
    green_level                              0x20000012   Data           1  main.o(.data..L_MergedGlobals)
    eeprom_layout_version                    0x20000013   Data           1  main.o(.data..L_MergedGlobals)
    comp_pwm                                 0x20000014   Data           1  main.o(.data..L_MergedGlobals)
    VARIABLE_PWM                             0x20000015   Data           1  main.o(.data..L_MergedGlobals)
    stuck_rotor_protection                   0x20000016   Data           1  main.o(.data..L_MergedGlobals)
    telemetry_interval_ms                    0x20000017   Data           1  main.o(.data..L_MergedGlobals)
    TEMPERATURE_LIMIT                        0x20000018   Data           1  main.o(.data..L_MergedGlobals)
    advance_level                            0x20000019   Data           1  main.o(.data..L_MergedGlobals)
    motor_poles                              0x2000001a   Data           1  main.o(.data..L_MergedGlobals)
    sine_mode_power                          0x2000001b   Data           1  main.o(.data..L_MergedGlobals)
    drag_brake_strength                      0x2000001c   Data           1  main.o(.data..L_MergedGlobals)
    driving_brake_strength                   0x2000001d   Data           1  main.o(.data..L_MergedGlobals)
    dead_time_override                       0x2000001e   Data           1  main.o(.data..L_MergedGlobals)
    sine_mode_changeover_thottle_level       0x2000001f   Data           1  main.o(.data..L_MergedGlobals)
    servo_dead_band                          0x20000020   Data           1  main.o(.data..L_MergedGlobals)
    maximum_throttle_change_ramp             0x20000021   Data           1  main.o(.data..L_MergedGlobals)
    low_rpm_throttle_limit                   0x20000022   Data           1  main.o(.data..L_MergedGlobals)
    VOLTAGE_DIVIDER                          0x20000023   Data           1  main.o(.data..L_MergedGlobals)
    bemf_timeout                             0x20000024   Data           1  main.o(.data..L_MergedGlobals)
    startup_boost                            0x20000025   Data           1  main.o(.data..L_MergedGlobals)
    reversing_dead_band                      0x20000026   Data           1  main.o(.data..L_MergedGlobals)
    max_duty_cycle_change                    0x20000027   Data           1  main.o(.data..L_MergedGlobals)
    fast_accel                               0x20000028   Data           1  main.o(.data..L_MergedGlobals)
    old_routine                              0x20000029   Data           1  main.o(.data..L_MergedGlobals)
    changeover_step                          0x2000002a   Data           1  main.o(.data..L_MergedGlobals)
    filter_level                             0x2000002b   Data           1  main.o(.data..L_MergedGlobals)
    advancedivisor                           0x2000002c   Data           1  main.o(.data..L_MergedGlobals)
    rising                                   0x2000002d   Data           1  main.o(.data..L_MergedGlobals)
    forward                                  0x2000002e   Data           1  main.o(.data..L_MergedGlobals)
    bad_count_threshold                      0x2000002f   Data           1  main.o(.data..L_MergedGlobals)
    min_bemf_counts_up                       0x20000030   Data           1  main.o(.data..L_MergedGlobals)
    min_bemf_counts_down                     0x20000031   Data           1  main.o(.data..L_MergedGlobals)
    step                                     0x20000032   Data           1  main.o(.data..L_MergedGlobals)
    absolute_voltage_cutoff                  0x20000034   Data           2  main.o(.data..L_MergedGlobals)
    motor_kv                                 0x20000036   Data           2  main.o(.data..L_MergedGlobals)
    CURRENT_LIMIT                            0x20000038   Data           2  main.o(.data..L_MergedGlobals)
    stall_protect_target_interval            0x2000003a   Data           2  main.o(.data..L_MergedGlobals)
    enter_sine_angle                         0x2000003c   Data           2  main.o(.data..L_MergedGlobals)
    servo_low_threshold                      0x2000003e   Data           2  main.o(.data..L_MergedGlobals)
    servo_high_threshold                     0x20000040   Data           2  main.o(.data..L_MergedGlobals)
    servo_neutral                            0x20000042   Data           2  main.o(.data..L_MergedGlobals)
    low_cell_volt_cutoff                     0x20000044   Data           2  main.o(.data..L_MergedGlobals)
    ADC_CCR                                  0x20000046   Data           2  main.o(.data..L_MergedGlobals)
    use_current_limit_adjust                 0x20000048   Data           2  main.o(.data..L_MergedGlobals)
    reverse_speed_threshold                  0x2000004a   Data           2  main.o(.data..L_MergedGlobals)
    min_startup_duty                         0x2000004c   Data           2  main.o(.data..L_MergedGlobals)
    sin_mode_min_s_d                         0x2000004e   Data           2  main.o(.data..L_MergedGlobals)
    startup_max_duty_cycle                   0x20000050   Data           2  main.o(.data..L_MergedGlobals)
    minimum_duty_cycle                       0x20000052   Data           2  main.o(.data..L_MergedGlobals)
    stall_protect_minimum_duty               0x20000054   Data           2  main.o(.data..L_MergedGlobals)
    tim1_arr                                 0x20000056   Data           2  main.o(.data..L_MergedGlobals)
    TIMER1_MAX_ARR                           0x20000058   Data           2  main.o(.data..L_MergedGlobals)
    duty_cycle_maximum                       0x2000005a   Data           2  main.o(.data..L_MergedGlobals)
    low_rpm_level                            0x2000005c   Data           2  main.o(.data..L_MergedGlobals)
    high_rpm_level                           0x2000005e   Data           2  main.o(.data..L_MergedGlobals)
    throttle_max_at_low_rpm                  0x20000060   Data           2  main.o(.data..L_MergedGlobals)
    throttle_max_at_high_rpm                 0x20000062   Data           2  main.o(.data..L_MergedGlobals)
    step_delay                               0x20000064   Data           2  main.o(.data..L_MergedGlobals)
    gate_drive_offset                        0x20000066   Data           2  main.o(.data..L_MergedGlobals)
    commutation_interval                     0x20000068   Data           2  main.o(.data..L_MergedGlobals)
    MAXIMUM_RPM_SPEED_CONTROL                0x2000006c   Data           4  main.o(.data..L_MergedGlobals)
    MINIMUM_RPM_SPEED_CONTROL                0x20000070   Data           4  main.o(.data..L_MergedGlobals)
    buffersize                               0x20000074   Data           1  signal.o(.data..L_MergedGlobals)
    smallestnumber                           0x20000076   Data           2  signal.o(.data..L_MergedGlobals)
    dshot_frametime_high                     0x20000078   Data           2  signal.o(.data..L_MergedGlobals)
    speedPid                                 0x2000007c   Data          40  main.o(.data..L_MergedGlobals.1)
    currentPid                               0x200000a4   Data          40  main.o(.data..L_MergedGlobals.1)
    stallPid                                 0x200000cc   Data          40  main.o(.data..L_MergedGlobals.1)
    SystemCoreClock                          0x200000f4   Data           4  system_stm32g0xx.o(.data.SystemCoreClock)
    buffer_padding                           0x200000f8   Data           1  io.o(.data.buffer_padding)
    ic_timer_prescaler                       0x200000f9   Data           1  io.o(.data.ic_timer_prescaler)
    led_Buffer                               0x200000fa   Data          56  ws2812.o(.data.led_Buffer)
    max_servo_deviation                      0x20000134   Data           4  signal.o(.data.max_servo_deviation)
    nbDataToTransmit                         0x20000138   Data           1  serial_telemetry.o(.data.nbDataToTransmit)
    pwmSin                                   0x2000013a   Data         720  main.o(.data.pwmSin)
    EDT_ARM_ENABLE                           0x20000410   Data           1  dshot.o(.bss..L_MergedGlobals)
    EDT_ARMED                                0x20000411   Data           1  dshot.o(.bss..L_MergedGlobals)
    command_count                            0x20000412   Data           1  dshot.o(.bss..L_MergedGlobals)
    last_command                             0x20000413   Data           1  dshot.o(.bss..L_MergedGlobals)
    high_pin_count                           0x20000414   Data           1  dshot.o(.bss..L_MergedGlobals)
    dshot_extended_telemetry                 0x20000415   Data           1  dshot.o(.bss..L_MergedGlobals)
    send_extended_dshot                      0x20000416   Data           2  dshot.o(.bss..L_MergedGlobals)
    halfpulsetime                            0x20000418   Data           2  dshot.o(.bss..L_MergedGlobals)
    dshot_frametime                          0x2000041a   Data           2  dshot.o(.bss..L_MergedGlobals)
    dshot_goodcounts                         0x2000041c   Data           2  dshot.o(.bss..L_MergedGlobals)
    dshot_badcounts                          0x2000041e   Data           2  dshot.o(.bss..L_MergedGlobals)
    shift_amount                             0x20000420   Data           4  dshot.o(.bss..L_MergedGlobals)
    dshot_full_number                        0x20000424   Data           4  dshot.o(.bss..L_MergedGlobals)
    gcrnumber                                0x20000428   Data           4  dshot.o(.bss..L_MergedGlobals)
    dpulse                                   0x2000042c   Data          64  dshot.o(.bss..L_MergedGlobals)
    invalid_crc                              0x2000046c   Data           4  crsf.o(.bss..L_MergedGlobals)
    crsf_channels                            0x20000470   Data          32  crsf.o(.bss..L_MergedGlobals)
    enter_calibration_count                  0x20000490   Data           1  signal.o(.bss..L_MergedGlobals.1)
    calibration_required                     0x20000491   Data           1  signal.o(.bss..L_MergedGlobals.1)
    high_calibration_counts                  0x20000492   Data           1  signal.o(.bss..L_MergedGlobals.1)
    high_calibration_set                     0x20000493   Data           1  signal.o(.bss..L_MergedGlobals.1)
    low_calibration_counts                   0x20000494   Data           1  signal.o(.bss..L_MergedGlobals.1)
    average_count                            0x20000495   Data           1  signal.o(.bss..L_MergedGlobals.1)
    output_timer_prescaler                   0x20000496   Data           1  signal.o(.bss..L_MergedGlobals.1)
    last_high_threshold                      0x20000498   Data           2  signal.o(.bss..L_MergedGlobals.1)
    last_input                               0x2000049a   Data           2  signal.o(.bss..L_MergedGlobals.1)
    dshot_frametime_low                      0x2000049c   Data           2  signal.o(.bss..L_MergedGlobals.1)
    servorawinput                            0x200004a0   Data           4  signal.o(.bss..L_MergedGlobals.1)
    average_packet_length                    0x200004a4   Data           4  signal.o(.bss..L_MergedGlobals.1)
    average_signal_pulse                     0x200004a8   Data           4  signal.o(.bss..L_MergedGlobals.1)
    brushed_mode                             0x200004ac   Data           1  main.o(.bss..L_MergedGlobals.2)
    drive_by_rpm                             0x200004ad   Data           1  main.o(.bss..L_MergedGlobals.2)
    crsf_input_channel                       0x200004ae   Data           1  main.o(.bss..L_MergedGlobals.2)
    crsf_second_input_channel                0x200004af   Data           1  main.o(.bss..L_MergedGlobals.2)
    dual_input_brushed_mode                  0x200004b0   Data           1  main.o(.bss..L_MergedGlobals.2)
    serial_mode                              0x200004b1   Data           1  main.o(.bss..L_MergedGlobals.2)
    input_ready                              0x200004b2   Data           1  main.o(.bss..L_MergedGlobals.2)
    red_level                                0x200004b3   Data           1  main.o(.bss..L_MergedGlobals.2)
    blue_level                               0x200004b4   Data           1  main.o(.bss..L_MergedGlobals.2)
    compute_dshot_flag                       0x200004b5   Data           1  main.o(.bss..L_MergedGlobals.2)
    dir_reversed                             0x200004b6   Data           1  main.o(.bss..L_MergedGlobals.2)
    bi_direction                             0x200004b7   Data           1  main.o(.bss..L_MergedGlobals.2)
    brake_on_stop                            0x200004b8   Data           1  main.o(.bss..L_MergedGlobals.2)
    stall_protection                         0x200004b9   Data           1  main.o(.bss..L_MergedGlobals.2)
    use_sin_start                            0x200004ba   Data           1  main.o(.bss..L_MergedGlobals.2)
    TLM_ON_INTERVAL                          0x200004bb   Data           1  main.o(.bss..L_MergedGlobals.2)
    USE_HALL_SENSOR                          0x200004bc   Data           1  main.o(.bss..L_MergedGlobals.2)
    do_once_sinemode                         0x200004bd   Data           1  main.o(.bss..L_MergedGlobals.2)
    LOW_VOLTAGE_CUTOFF                       0x200004be   Data           1  main.o(.bss..L_MergedGlobals.2)
    RC_CAR_REVERSE                           0x200004bf   Data           1  main.o(.bss..L_MergedGlobals.2)
    return_to_center                         0x200004c0   Data           1  main.o(.bss..L_MergedGlobals.2)
    use_speed_control_loop                   0x200004c1   Data           1  main.o(.bss..L_MergedGlobals.2)
    use_current_limit                        0x200004c2   Data           1  main.o(.bss..L_MergedGlobals.2)
    desync_happened                          0x200004c3   Data           1  main.o(.bss..L_MergedGlobals.2)
    crawler_mode                             0x200004c4   Data           1  main.o(.bss..L_MergedGlobals.2)
    cell_count                               0x200004c5   Data           1  main.o(.bss..L_MergedGlobals.2)
    brushed_direction_set                    0x200004c6   Data           1  main.o(.bss..L_MergedGlobals.2)
    play_tone_flag                           0x200004c7   Data           1  main.o(.bss..L_MergedGlobals.2)
    desync_check                             0x200004c8   Data           1  main.o(.bss..L_MergedGlobals.2)
    adc_counter                              0x200004c9   Data           1  main.o(.bss..L_MergedGlobals.2)
    send_telemetry                           0x200004ca   Data           1  main.o(.bss..L_MergedGlobals.2)
    prop_brake_active                        0x200004cb   Data           1  main.o(.bss..L_MergedGlobals.2)
    dshot_telemetry                          0x200004cc   Data           1  main.o(.bss..L_MergedGlobals.2)
    readIndex                                0x200004cd   Data           1  main.o(.bss..L_MergedGlobals.2)
    bemf_timeout_happened                    0x200004ce   Data           1  main.o(.bss..L_MergedGlobals.2)
    running                                  0x200004cf   Data           1  main.o(.bss..L_MergedGlobals.2)
    stepper_sine                             0x200004d0   Data           1  main.o(.bss..L_MergedGlobals.2)
    stuckcounter                             0x200004d1   Data           1  main.o(.bss..L_MergedGlobals.2)
    bad_count                                0x200004d2   Data           1  main.o(.bss..L_MergedGlobals.2)
    armed                                    0x200004d3   Data           1  main.o(.bss..L_MergedGlobals.2)
    inputSet                                 0x200004d4   Data           1  main.o(.bss..L_MergedGlobals.2)
    dshot                                    0x200004d5   Data           1  main.o(.bss..L_MergedGlobals.2)
    servoPwm                                 0x200004d6   Data           1  main.o(.bss..L_MergedGlobals.2)
    zcfound                                  0x200004d7   Data           1  main.o(.bss..L_MergedGlobals.2)
    automatic_timing                         0x200004d8   Data           1  main.o(.bss..L_MergedGlobals.2)
    stick_calibration                        0x200004d9   Data           1  main.o(.bss..L_MergedGlobals.2)
    bemfcounter                              0x200004da   Data           1  main.o(.bss..L_MergedGlobals.2)
    ranOnce                                  0x200004db   Data           1  main.o(.bss..L_MergedGlobals.2)
    degrees_celsius                          0x200004dc   Data           1  main.o(.bss..L_MergedGlobals.2)
    crsf_second_input                        0x200004de   Data           2  main.o(.bss..L_MergedGlobals.2)
    ROTC_divider_cnt                         0x200004e0   Data           2  main.o(.bss..L_MergedGlobals.2)
    ROTC_divider                             0x200004e2   Data           2  main.o(.bss..L_MergedGlobals.2)
    ledcounter                               0x200004e4   Data           2  main.o(.bss..L_MergedGlobals.2)
    one_khz_loop_counter                     0x200004e6   Data           2  main.o(.bss..L_MergedGlobals.2)
    target_e_com_time                        0x200004e8   Data           2  main.o(.bss..L_MergedGlobals.2)
    low_voltage_count                        0x200004ea   Data           2  main.o(.bss..L_MergedGlobals.2)
    tenkhzcounter                            0x200004ec   Data           2  main.o(.bss..L_MergedGlobals.2)
    actual_current                           0x200004ee   Data           2  main.o(.bss..L_MergedGlobals.2)
    last_duty_cycle                          0x200004f0   Data           2  main.o(.bss..L_MergedGlobals.2)
    duty_cycle_setpoint                      0x200004f2   Data           2  main.o(.bss..L_MergedGlobals.2)
    adjusted_input                           0x200004f4   Data           2  main.o(.bss..L_MergedGlobals.2)
    smoothedcurrent                          0x200004f6   Data           2  main.o(.bss..L_MergedGlobals.2)
    zero_input_count                         0x200004f8   Data           2  main.o(.bss..L_MergedGlobals.2)
    input                                    0x200004fa   Data           2  main.o(.bss..L_MergedGlobals.2)
    newinput                                 0x200004fc   Data           2  main.o(.bss..L_MergedGlobals.2)
    duty_cycle                               0x200004fe   Data           2  main.o(.bss..L_MergedGlobals.2)
    waitTime                                 0x20000500   Data           2  main.o(.bss..L_MergedGlobals.2)
    signaltimeout                            0x20000502   Data           2  main.o(.bss..L_MergedGlobals.2)
    speed_control_min_input                  0x20000504   Data           2  main.o(.bss..L_MergedGlobals.2)
    speed_control_max_input                  0x20000506   Data           2  main.o(.bss..L_MergedGlobals.2)
    ADC_raw_current                          0x20000508   Data           2  main.o(.bss..L_MergedGlobals.2)
    thiszctime                               0x2000050a   Data           2  main.o(.bss..L_MergedGlobals.2)
    prop_brake_duty_cycle                    0x2000050c   Data           2  main.o(.bss..L_MergedGlobals.2)
    phase_A_position                         0x2000050e   Data           2  main.o(.bss..L_MergedGlobals.2)
    phase_B_position                         0x20000510   Data           2  main.o(.bss..L_MergedGlobals.2)
    phase_C_position                         0x20000512   Data           2  main.o(.bss..L_MergedGlobals.2)
    armed_timeout_count                      0x20000514   Data           2  main.o(.bss..L_MergedGlobals.2)
    battery_voltage                          0x20000516   Data           2  main.o(.bss..L_MergedGlobals.2)
    telem_ms_count                           0x20000518   Data           2  main.o(.bss..L_MergedGlobals.2)
    adjusted_duty_cycle                      0x2000051a   Data           2  main.o(.bss..L_MergedGlobals.2)
    e_rpm                                    0x2000051c   Data           2  main.o(.bss..L_MergedGlobals.2)
    smoothedADCtemp                          0x2000051e   Data           2  main.o(.bss..L_MergedGlobals.2)
    ADC_raw_temp                             0x20000520   Data           2  main.o(.bss..L_MergedGlobals.2)
    converted_degrees                        0x20000522   Data           2  main.o(.bss..L_MergedGlobals.2)
    ADC_raw_volts                            0x20000524   Data           2  main.o(.bss..L_MergedGlobals.2)
    k_erpm                                   0x20000526   Data           2  main.o(.bss..L_MergedGlobals.2)
    input_override                           0x20000528   Data           4  main.o(.bss..L_MergedGlobals.3)
    stall_protection_adjust                  0x2000052c   Data           4  main.o(.bss..L_MergedGlobals.3)
    consumed_current                         0x20000530   Data           4  main.o(.bss..L_MergedGlobals.3)
    smoothed_raw_current                     0x20000534   Data           4  main.o(.bss..L_MergedGlobals.3)
    average_interval                         0x20000538   Data           4  main.o(.bss..L_MergedGlobals.3)
    total                                    0x2000053c   Data           4  main.o(.bss..L_MergedGlobals.3)
    advance                                  0x20000540   Data           4  main.o(.bss..L_MergedGlobals.3)
    zero_crosses                             0x20000544   Data           4  main.o(.bss..L_MergedGlobals.3)
    e_com_time                               0x20000548   Data           4  main.o(.bss..L_MergedGlobals.3)
    last_average_interval                    0x2000054c   Data           4  main.o(.bss..L_MergedGlobals.3)
    commutation_intervals                    0x20000550   Data          12  main.o(.bss..L_MergedGlobals.3)
    ADCDataDMA                               0x2000055c   Data           6  adc.o(.bss.ADCDataDMA)
    aTxBuffer                                0x20000562   Data          10  serial_telemetry.o(.bss.aTxBuffer)
    beep_volume                              0x2000056c   Data           1  sounds.o(.bss.beep_volume)
    crsf_buffer                              0x2000056d   Data         100  crsf.o(.bss.crsf_buffer)
    dma_buffer                               0x200005d4   Data         256  io.o(.bss.dma_buffer)
    dma_busy                                 0x200006d4   Data           1  ws2812.o(.bss.dma_busy)
    dshotcommand                             0x200006d5   Data           1  main.o(.bss.dshotcommand)
    eepromBuffer                             0x200006d6   Data         256  main.o(.bss.eepromBuffer)
    gcr                                      0x200007d8   Data         148  dshot.o(.bss.gcr)
    last_dshot_command                       0x2000086c   Data           1  main.o(.bss.last_dshot_command)
    out_put                                  0x2000086d   Data           1  io.o(.bss.out_put)
    readings                                 0x2000086e   Data         100  main.o(.bss.readings)
    __initial_sp                             0x20000cd8   Data           0  startup_stm32g071xx.o(STACK)



==============================================================================

Memory Map of the image

  Image Entry point : 0x080010bd

  Load Region LR_IROM1 (Base: 0x08001000, Size: 0x00006d38, Max: 0x0000ffff, ABSOLUTE, COMPRESSED[0x00006c30])

    Execution Region ER_IROM1 (Exec base: 0x08001000, Load base: 0x08001000, Size: 0x00006928, Max: 0x0000ffff, ABSOLUTE)

    Exec Addr    Load Addr    Size         Type   Attr      Idx    E Section Name        Object

    0x08001000   0x08001000   0x000000bc   Data   RO            3    RESET               startup_stm32g071xx.o
    0x080010bc   0x080010bc   0x00000000   Code   RO          680  * .ARM.Collect$$$$00000000  mc_p.l(entry.o)
    0x080010bc   0x080010bc   0x00000004   Code   RO          713    .ARM.Collect$$$$00000001  mc_p.l(entry2.o)
    0x080010c0   0x080010c0   0x00000004   Code   RO          716    .ARM.Collect$$$$00000004  mc_p.l(entry5.o)
    0x080010c4   0x080010c4   0x00000000   Code   RO          718    .ARM.Collect$$$$00000008  mc_p.l(entry7b.o)
    0x080010c4   0x080010c4   0x00000000   Code   RO          720    .ARM.Collect$$$$0000000A  mc_p.l(entry8b.o)
    0x080010c4   0x080010c4   0x00000008   Code   RO          721    .ARM.Collect$$$$0000000B  mc_p.l(entry9a.o)
    0x080010cc   0x080010cc   0x00000000   Code   RO          723    .ARM.Collect$$$$0000000D  mc_p.l(entry10a.o)
    0x080010cc   0x080010cc   0x00000000   Code   RO          725    .ARM.Collect$$$$0000000F  mc_p.l(entry11a.o)
    0x080010cc   0x080010cc   0x00000004   Code   RO          714    .ARM.Collect$$$$00002712  mc_p.l(entry2.o)
    0x080010d0   0x080010d0   0x0000001c   Code   RO            4    .text               startup_stm32g071xx.o
    0x080010ec   0x080010ec   0x00000024   Code   RO          691    .text               mc_p.l(memcpya.o)
    0x08001110   0x08001110   0x00000024   Code   RO          693    .text               mc_p.l(memseta.o)
    0x08001134   0x08001134   0x000000b2   Code   RO          697    .text               mf_p.l(fadd.o)
    0x080011e6   0x080011e6   0x0000007c   Code   RO          699    .text               mf_p.l(fdiv.o)
    0x08001262   0x08001262   0x0000001c   Code   RO          701    .text               mf_p.l(fcmple.o)
    0x0800127e   0x0800127e   0x0000001c   Code   RO          703    .text               mf_p.l(fcmplt.o)
    0x0800129a   0x0800129a   0x0000001c   Code   RO          705    .text               mf_p.l(fcmpge.o)
    0x080012b6   0x080012b6   0x0000001c   Code   RO          707    .text               mf_p.l(fcmpgt.o)
    0x080012d2   0x080012d2   0x00000016   Code   RO          709    .text               mf_p.l(fflti.o)
    0x080012e8   0x080012e8   0x00000032   Code   RO          711    .text               mf_p.l(ffixi.o)
    0x0800131a   0x0800131a   0x0000003e   Code   RO          731    .text               mc_p.l(uidiv_div0.o)
    0x08001358   0x08001358   0x00000050   Code   RO          733    .text               mc_p.l(idiv_div0.o)
    0x080013a8   0x080013a8   0x00000000   Code   RO          737    .text               mc_p.l(iusefp.o)
    0x080013a8   0x080013a8   0x00000082   Code   RO          738    .text               mf_p.l(fepilogue.o)
    0x0800142a   0x0800142a   0x00000002   PAD
    0x0800142c   0x0800142c   0x00000024   Code   RO          740    .text               mc_p.l(init.o)
    0x08001450   0x08001450   0x00000056   Code   RO          750    .text               mc_p.l(__dczerorl2.o)
    0x080014a6   0x080014a6   0x00000002   PAD
    0x080014a8   0x080014a8   0x00000030   Code   RO          229    .text.ADC1_COMP_IRQHandler  stm32g0xx_it.o
    0x080014d8   0x080014d8   0x00000028   Code   RO           11    .text.ADC_DMA_Callback  adc.o
    0x08001500   0x08001500   0x000001b4   Code   RO           17    .text.ADC_Init      adc.o
    0x080016b4   0x080016b4   0x00000074   Code   RO          241    .text.DMA1_Ch4_7_DMAMUX1_OVR_IRQHandler  stm32g0xx_it.o
    0x08001728   0x08001728   0x000000b0   Code   RO          225    .text.DMA1_Channel1_IRQHandler  stm32g0xx_it.o
    0x080017d8   0x080017d8   0x00000070   Code   RO          227    .text.DMA1_Channel2_3_IRQHandler  stm32g0xx_it.o
    0x08001848   0x08001848   0x00000014   Code   RO          243    .text.EXTI4_15_IRQHandler  stm32g0xx_it.o
    0x0800185c   0x0800185c   0x00000002   Code   RO          217    .text.HardFault_Handler  stm32g0xx_it.o
    0x0800185e   0x0800185e   0x00000002   PAD
    0x08001860   0x08001860   0x00000034   Code   RO          483    .text.LL_ADC_Init   stm32g0xx_ll_adc.o
    0x08001894   0x08001894   0x00000060   Code   RO          487    .text.LL_ADC_REG_Init  stm32g0xx_ll_adc.o
    0x080018f4   0x080018f4   0x0000002c   Code   RO          501    .text.LL_COMP_Init  stm32g0xx_ll_comp.o
    0x08001920   0x08001920   0x000000ba   Code   RO          543    .text.LL_GPIO_Init  stm32g0xx_ll_gpio.o
    0x080019da   0x080019da   0x00000002   PAD
    0x080019dc   0x080019dc   0x00000020   Code   RO          661    .text.LL_Init1msTick  stm32g0xx_ll_utils.o
    0x080019fc   0x080019fc   0x00000084   Code   RO          565    .text.LL_RCC_GetSystemClocksFreq  stm32g0xx_ll_rcc.o
    0x08001a80   0x08001a80   0x000001e4   Code   RO          573    .text.LL_RCC_GetUSARTClockFreq  stm32g0xx_ll_rcc.o
    0x08001c64   0x08001c64   0x0000000c   Code   RO          665    .text.LL_SetSystemCoreClock  stm32g0xx_ll_utils.o
    0x08001c70   0x08001c70   0x00000090   Code   RO          633    .text.LL_TIM_BDTR_Init  stm32g0xx_ll_tim.o
    0x08001d00   0x08001d00   0x000000bc   Code   RO          613    .text.LL_TIM_Init   stm32g0xx_ll_tim.o
    0x08001dbc   0x08001dbc   0x00000310   Code   RO          617    .text.LL_TIM_OC_Init  stm32g0xx_ll_tim.o
    0x080020cc   0x080020cc   0x0000012c   Code   RO          645    .text.LL_USART_Init  stm32g0xx_ll_usart.o
    0x080021f8   0x080021f8   0x0000015c   Code   RO           92    .text.MX_COMP2_Init  peripherals.o
    0x08002354   0x08002354   0x00000050   Code   RO          110    .text.MX_IWDG_Init  peripherals.o
    0x080023a4   0x080023a4   0x00000200   Code   RO           94    .text.MX_TIM1_Init  peripherals.o
    0x080025a4   0x080025a4   0x0000012c   Code   RO           98    .text.MX_TIM3_Init  peripherals.o
    0x080026d0   0x080026d0   0x00000002   Code   RO          215    .text.NMI_Handler   stm32g0xx_it.o
    0x080026d2   0x080026d2   0x00000002   Code   RO          221    .text.PendSV_Handler  stm32g0xx_it.o
    0x080026d4   0x080026d4   0x000000cc   Code   RO          329    .text.PeriodElapsedCallback  main.o
    0x080027a0   0x080027a0   0x00000002   Code   RO          219    .text.SVC_Handler   stm32g0xx_it.o
    0x080027a2   0x080027a2   0x00000002   Code   RO          223    .text.SysTick_Handler  stm32g0xx_it.o
    0x080027a4   0x080027a4   0x00000108   Code   RO           86    .text.SystemClock_Config  peripherals.o
    0x080028ac   0x080028ac   0x00000010   Code   RO          254    .text.SystemInit    system_stm32g0xx.o
    0x080028bc   0x080028bc   0x00000014   Code   RO          239    .text.TIM14_IRQHandler  stm32g0xx_it.o
    0x080028d0   0x080028d0   0x00000028   Code   RO          235    .text.TIM16_IRQHandler  stm32g0xx_it.o
    0x080028f8   0x080028f8   0x00000028   Code   RO          231    .text.TIM3_IRQHandler  stm32g0xx_it.o
    0x08002920   0x08002920   0x0000001c   Code   RO          237    .text.TIM6_DAC_LPTIM1_IRQHandler  stm32g0xx_it.o
    0x0800293c   0x0800293c   0x0000002c   Code   RO          233    .text.USART1_IRQHandler  stm32g0xx_it.o
    0x08002968   0x08002968   0x00000158   Code   RO          273    .text.WS2812_Init   ws2812.o
    0x08002ac0   0x08002ac0   0x00000124   Code   RO           15    .text.activateADC   adc.o
    0x08002be4   0x08002be4   0x00000068   Code   RO          176    .text.allOff        phaseouts.o
    0x08002c4c   0x08002c4c   0x0000008c   Code   RO          182    .text.allpwm        phaseouts.o
    0x08002cd8   0x08002cd8   0x000000b0   Code   RO           34    .text.changeCompInput  comparator.o
    0x08002d88   0x08002d88   0x000002b8   Code   RO          178    .text.comStep       phaseouts.o
    0x08003040   0x08003040   0x000003b8   Code   RO          285    .text.computeDshotDMA  dshot.o
    0x080033f8   0x080033f8   0x00000198   Code   RO          396    .text.computeServoInput  signal.o
    0x08003590   0x08003590   0x00000158   Code   RO          144    .text.crsf_UART_Init  peripherals.o
    0x080036e8   0x080036e8   0x00000020   Code   RO          305    .text.delayMicros   functions.o
    0x08003708   0x08003708   0x00000048   Code   RO          307    .text.delayMillis   functions.o
    0x08003750   0x08003750   0x00000200   Code   RO          404    .text.detectInput   signal.o
    0x08003950   0x08003950   0x00000060   Code   RO           13    .text.enableADC_DMA  adc.o
    0x080039b0   0x080039b0   0x00000010   Code   RO           32    .text.enableCompInterrupts  comparator.o
    0x080039c0   0x080039c0   0x00000164   Code   RO          142    .text.enableCorePeripherals  peripherals.o
    0x08003b24   0x08003b24   0x0000006c   Code   RO          180    .text.fullBrake     phaseouts.o
    0x08003b90   0x08003b90   0x00000010   Code   RO          138    .text.generatePwmTimerEvent  peripherals.o
    0x08003ba0   0x08003ba0   0x0000000a   Code   RO          303    .text.getAbsDif     functions.o
    0x08003baa   0x08003baa   0x00000002   PAD
    0x08003bac   0x08003bac   0x00000010   Code   RO           28    .text.getCompOutputLevel  comparator.o
    0x08003bbc   0x08003bbc   0x00000010   Code   RO           61    .text.getInputPinState  io.o
    0x08003bcc   0x08003bcc   0x00000014   Code   RO          106    .text.initAfterJump  peripherals.o
    0x08003be0   0x08003be0   0x00000228   Code   RO           84    .text.initCorePeripherals  peripherals.o
    0x08003e08   0x08003e08   0x000000e0   Code   RO          331    .text.interruptRoutine  main.o
    0x08003ee8   0x08003ee8   0x0000040c   Code   RO          319    .text.loadEEpromSettings  main.o
    0x080042f4   0x080042f4   0x00000d58   Code   RO          347    .text.main          main.o
    0x0800504c   0x0800504c   0x00000078   Code   RO          202    .text.makeTelemPackage  serial_telemetry.o
    0x080050c4   0x080050c4   0x000001c0   Code   RO          287    .text.make_dshot_package  dshot.o
    0x08005284   0x08005284   0x0000005c   Code   RO          301    .text.map           functions.o
    0x080052e0   0x080052e0   0x0000001c   Code   RO           30    .text.maskPhaseInterrupts  comparator.o
    0x080052fc   0x080052fc   0x00000060   Code   RO          443    .text.playBeaconTune3  sounds.o
    0x0800535c   0x0800535c   0x000000d8   Code   RO          427    .text.playBlueJayTune  sounds.o
    0x08005434   0x08005434   0x00000074   Code   RO          431    .text.playBrushedStartupTune  sounds.o
    0x080054a8   0x080054a8   0x00000048   Code   RO          441    .text.playChangedTone  sounds.o
    0x080054f0   0x080054f0   0x00000048   Code   RO          439    .text.playDefaultTone  sounds.o
    0x08005538   0x08005538   0x0000005c   Code   RO          437    .text.playInputTune  sounds.o
    0x08005594   0x08005594   0x00000074   Code   RO          435    .text.playInputTune2  sounds.o
    0x08005608   0x08005608   0x00000088   Code   RO          429    .text.playStartupTune  sounds.o
    0x08005690   0x08005690   0x00000034   Code   RO          341    .text.processDshot  main.o
    0x080056c4   0x080056c4   0x00000064   Code   RO          156    .text.proportionalBrake  phaseouts.o
    0x08005728   0x08005728   0x00000052   Code   RO           46    .text.read_flash_bin  eeprom.o
    0x0800577a   0x0800577a   0x00000002   PAD
    0x0800577c   0x0800577c   0x0000002c   Code   RO          146    .text.receiveCRSF   peripherals.o
    0x080057a8   0x080057a8   0x00000098   Code   RO           57    .text.receiveDshotDma  io.o
    0x08005840   0x08005840   0x00000010   Code   RO          140    .text.resetInputCaptureTimer  peripherals.o
    0x08005850   0x08005850   0x0000032c   Code   RO          345    .text.runBrushedLoop  main.o
    0x08005b7c   0x08005b7c   0x00000068   Code   RO          321    .text.saveEEpromSettings  main.o
    0x08005be4   0x08005be4   0x0000025c   Code   RO           44    .text.save_flash_nolib  eeprom.o
    0x08005e40   0x08005e40   0x00000098   Code   RO           59    .text.sendDshotDma  io.o
    0x08005ed8   0x08005ed8   0x00000228   Code   RO          271    .text.send_LED_RGB  ws2812.o
    0x08006100   0x08006100   0x0000004c   Code   RO          198    .text.send_telem_DMA  serial_telemetry.o
    0x0800614c   0x0800614c   0x00000280   Code   RO          462    .text.setChannels   crsf.o
    0x080063cc   0x080063cc   0x00000770   Code   RO          335    .text.setInput      main.o
    0x08006b3c   0x08006b3c   0x00000018   Code   RO           65    .text.setInputPullDown  io.o
    0x08006b54   0x08006b54   0x0000000c   Code   RO          132    .text.setPWMCompare1  peripherals.o
    0x08006b60   0x08006b60   0x0000000c   Code   RO          134    .text.setPWMCompare2  peripherals.o
    0x08006b6c   0x08006b6c   0x0000000c   Code   RO          136    .text.setPWMCompare3  peripherals.o
    0x08006b78   0x08006b78   0x00000014   Code   RO          419    .text.setVolume     sounds.o
    0x08006b8c   0x08006b8c   0x000000ac   Code   RO          333    .text.startMotor    main.o
    0x08006c38   0x08006c38   0x000001a4   Code   RO          196    .text.telem_UART_Init  serial_telemetry.o
    0x08006ddc   0x08006ddc   0x00000504   Code   RO          337    .text.tenKhzRoutine  main.o
    0x080072e0   0x080072e0   0x0000018c   Code   RO          398    .text.transfercomplete  signal.o
    0x0800746c   0x0800746c   0x00000080   Code   RO          184    .text.twoChannelForward  phaseouts.o
    0x080074ec   0x080074ec   0x0000007c   Code   RO          186    .text.twoChannelReverse  phaseouts.o
    0x08007568   0x08007568   0x00000110   Code   RO          339    .text.zcfoundroutine  main.o
    0x08007678   0x08007678   0x0000000e   Code   RO          744    i.__scatterload_copy  mc_p.l(handlers.o)
    0x08007686   0x08007686   0x00000002   Code   RO          745    i.__scatterload_null  mc_p.l(handlers.o)
    0x08007688   0x08007688   0x0000000e   Code   RO          746    i.__scatterload_zeroinit  mc_p.l(handlers.o)
    0x08007696   0x08007696   0x00000002   PAD
    0x08007698   0x08007698   0x00000040   Data   RO          259    .rodata.AHBPrescTable  system_stm32g0xx.o
    0x080076d8   0x080076d8   0x00000020   Data   RO          260    .rodata.APBPrescTable  system_stm32g0xx.o
    0x080076f8   0x080076f8   0x00000100   Data   RO          465    .rodata.crsf_crc8.crsf_crc8tab  crsf.o
    0x080077f8   0x080077f8   0x00000010   Data   RO          289    .rodata.gcr_encode_table  dshot.o
    0x08007808   0x08007808   0x00000100   Data   RO          206    .rodata.get_crc8.table  serial_telemetry.o
    0x08007908   0x08007908   0x00000020   Data   RO          743    Region$$Table       anon$$obj.o


    Execution Region RW_IRAM1 (Exec base: 0x20000000, Load base: 0x08007928, Size: 0x00000cd8, Max: 0x00004000, ABSOLUTE, COMPRESSED[0x00000308])

    Exec Addr    Load Addr    Size         Type   Attr      Idx    E Section Name        Object

    0x20000000   COMPRESSED   0x00000008   Data   RW           36    .data..L_MergedGlobals  comparator.o
    0x20000008   COMPRESSED   0x00000008   Data   RW           48    .data..L_MergedGlobals  eeprom.o
    0x20000010   COMPRESSED   0x00000064   Data   RW          382    .data..L_MergedGlobals  main.o
    0x20000074   COMPRESSED   0x00000006   Data   RW          407    .data..L_MergedGlobals  signal.o
    0x2000007a   COMPRESSED   0x00000002   PAD
    0x2000007c   COMPRESSED   0x00000078   Data   RW          383    .data..L_MergedGlobals.1  main.o
    0x200000f4   COMPRESSED   0x00000004   Data   RW          258    .data.SystemCoreClock  system_stm32g0xx.o
    0x200000f8   COMPRESSED   0x00000001   Data   RW           73    .data.buffer_padding  io.o
    0x200000f9   COMPRESSED   0x00000001   Data   RW           74    .data.ic_timer_prescaler  io.o
    0x200000fa   COMPRESSED   0x00000038   Data   RW          275    .data.led_Buffer    ws2812.o
    0x20000132   COMPRESSED   0x00000002   PAD
    0x20000134   COMPRESSED   0x00000004   Data   RW          406    .data.max_servo_deviation  signal.o
    0x20000138   COMPRESSED   0x00000001   Data   RW          204    .data.nbDataToTransmit  serial_telemetry.o
    0x20000139   COMPRESSED   0x00000001   PAD
    0x2000013a   COMPRESSED   0x000002d0   Data   RW          368    .data.pwmSin        main.o
    0x2000040a   COMPRESSED   0x00000006   PAD
    0x20000410        -       0x0000005c   Zero   RW          292    .bss..L_MergedGlobals  dshot.o
    0x2000046c        -       0x00000024   Zero   RW          466    .bss..L_MergedGlobals  crsf.o
    0x20000490        -       0x0000001c   Zero   RW          408    .bss..L_MergedGlobals.1  signal.o
    0x200004ac        -       0x0000007c   Zero   RW          384    .bss..L_MergedGlobals.2  main.o
    0x20000528        -       0x00000034   Zero   RW          385    .bss..L_MergedGlobals.3  main.o
    0x2000055c        -       0x00000006   Zero   RW           19    .bss.ADCDataDMA     adc.o
    0x20000562        -       0x0000000a   Zero   RW          205    .bss.aTxBuffer      serial_telemetry.o
    0x2000056c        -       0x00000001   Zero   RW          445    .bss.beep_volume    sounds.o
    0x2000056d        -       0x00000064   Zero   RW          464    .bss.crsf_buffer    crsf.o
    0x200005d1   COMPRESSED   0x00000003   PAD
    0x200005d4        -       0x00000100   Zero   RW           75    .bss.dma_buffer     io.o
    0x200006d4        -       0x00000001   Zero   RW          276    .bss.dma_busy       ws2812.o
    0x200006d5        -       0x00000001   Zero   RW          379    .bss.dshotcommand   main.o
    0x200006d6        -       0x00000100   Zero   RW          365    .bss.eepromBuffer   main.o
    0x200007d6   COMPRESSED   0x00000002   PAD
    0x200007d8        -       0x00000094   Zero   RW          290    .bss.gcr            dshot.o
    0x2000086c        -       0x00000001   Zero   RW          366    .bss.last_dshot_command  main.o
    0x2000086d        -       0x00000001   Zero   RW           76    .bss.out_put        io.o
    0x2000086e        -       0x00000064   Zero   RW          371    .bss.readings       main.o
    0x200008d2   COMPRESSED   0x00000006   PAD
    0x200008d8        -       0x00000400   Zero   RW            1    STACK               startup_stm32g071xx.o



  Load Region LR_FIRMWAREVERSION (Base: 0x0800f7e0, Size: 0x00000020, Max: 0x00000020, ABSOLUTE)

    Execution Region FIRMWAREVERSION (Exec base: 0x0800f7e0, Load base: 0x0800f7e0, Size: 0x00000020, Max: 0x00000020, ABSOLUTE)

    Exec Addr    Load Addr    Size         Type   Attr      Idx    E Section Name        Object

    0x0800f7e0   0x0800f7e0   0x0000001e   Data   RO          454    .rodata.test        firmwareversion.o


==============================================================================

Image component sizes


      Code (inc. data)   RO Data    RW Data    ZI Data      Debug   Object Name

       864        100          0          0          6      10141   adc.o
       236         36          0          8          0       2552   comparator.o
       640         60        256          0        136       2580   crsf.o
      1400        102         16          0        240       4014   dshot.o
       686          8          0          8          0       2990   eeprom.o
         0          0         30          0          0        404   firmwareversion.o
       206          4          0          0          0       2712   functions.o
       344         80          0          2        257       4088   io.o
      9480        590          0        940        534      25510   main.o
      2888        288          0          0          0      26768   peripherals.o
      1400         34          0          0          0       9249   phaseouts.o
       616         68        256          1         10      10148   serial_telemetry.o
      1316        152          0         10         28       3978   signal.o
       936         72          0          0          1       5281   sounds.o
        28          8        188          0       1024        680   startup_stm32g071xx.o
       654         84          0          0          0       7891   stm32g0xx_it.o
       148          8          0          0          0       6625   stm32g0xx_ll_adc.o
        44          4          0          0          0       2029   stm32g0xx_ll_comp.o
       186          0          0          0          0       3732   stm32g0xx_ll_gpio.o
       616         32          0          0          0      18191   stm32g0xx_ll_rcc.o
      1116         80          0          0          0      13117   stm32g0xx_ll_tim.o
       300         76          0          0          0       5777   stm32g0xx_ll_usart.o
        44          8          0          0          0       7690   stm32g0xx_ll_utils.o
        16          4         96          4          0       2252   system_stm32g0xx.o
       896         48          0         56          1      11103   ws2812.o

    ----------------------------------------------------------------------
     25068       1946        876       1036       2252     189502   Object Totals
         0          0         32          0          0          0   (incl. Generated)
         8          0          2          7         15          0   (incl. Padding)

    ----------------------------------------------------------------------

      Code (inc. data)   RO Data    RW Data    ZI Data      Debug   Library Member Name

        86          0          0          0          0          0   __dczerorl2.o
         0          0          0          0          0          0   entry.o
         0          0          0          0          0          0   entry10a.o
         0          0          0          0          0          0   entry11a.o
         8          4          0          0          0          0   entry2.o
         4          0          0          0          0          0   entry5.o
         0          0          0          0          0          0   entry7b.o
         0          0          0          0          0          0   entry8b.o
         8          4          0          0          0          0   entry9a.o
        30          0          0          0          0          0   handlers.o
        80          6          0          0          0         72   idiv_div0.o
        36          8          0          0          0         68   init.o
         0          0          0          0          0          0   iusefp.o
        36          0          0          0          0         60   memcpya.o
        36          0          0          0          0        100   memseta.o
        62          0          0          0          0         72   uidiv_div0.o
       178          0          0          0          0        108   fadd.o
        28          0          0          0          0         60   fcmpge.o
        28          0          0          0          0         60   fcmpgt.o
        28          0          0          0          0         60   fcmple.o
        28          0          0          0          0         60   fcmplt.o
       124          0          0          0          0         72   fdiv.o
       130          0          0          0          0        144   fepilogue.o
        50          0          0          0          0         60   ffixi.o
        22          0          0          0          0         68   fflti.o

    ----------------------------------------------------------------------
      1008         22          0          0          0       1064   Library Totals
         6          0          0          0          0          0   (incl. Padding)

    ----------------------------------------------------------------------

      Code (inc. data)   RO Data    RW Data    ZI Data      Debug   Library Name

       386         22          0          0          0        372   mc_p.l
       616          0          0          0          0        692   mf_p.l

    ----------------------------------------------------------------------
      1008         22          0          0          0       1064   Library Totals

    ----------------------------------------------------------------------

==============================================================================


      Code (inc. data)   RO Data    RW Data    ZI Data      Debug   

     26076       1968        876       1036       2252     189910   Grand Totals
     26076       1968        876        776       2252     189910   ELF Image Totals (compressed)
     26076       1968        876        776          0          0   ROM Totals

==============================================================================

    Total RO  Size (Code + RO Data)                26952 (  26.32kB)
    Total RW  Size (RW Data + ZI Data)              3288 (   3.21kB)
    Total ROM Size (Code + RO Data + RW Data)      27728 (  27.08kB)

==============================================================================

